Microchip Technology Inc, v2.00 (B)

Tool Name:
  c:\program files\microchip\xc16\v2.00\bin\bin\..\bin/elf-ld.exe

Command:
  -p24FJ64GA004 \
  --mdfp=C:/Users/RFI1/.mchp_packs/Microchip/PIC24F-GA-GB_DFP/1.8.217/xc16 \
  -o \
  dist/default/production/Panel.production.elf \
  -Lc:/program files/microchip/xc16/v2.00/bin/bin/.. \
  -LC:/Users/RFI1/.mchp_packs/Microchip/PIC24F-GA-GB_DFP/1.8.217/xc16/bin/../support/PIC24F/gld \
  -Lc:/program files/microchip/xc16/v2.00/bin/bin/../../lib \
  -Lc:/program files/microchip/xc16/v2.00/bin/bin/../../lib/PIC24E \
  -Lc:/program files/microchip/xc16/v2.00/bin/bin/../../support/PIC24E/gld \
  -Lc:/program files/microchip/xc16/v2.00/bin/bin/../../lib/PIC24F \
  -Lc:/program files/microchip/xc16/v2.00/bin/bin/../../support/PIC24F/gld \
  -Lc:/program files/microchip/xc16/v2.00/bin/bin/../../lib/PIC24H \
  -Lc:/program files/microchip/xc16/v2.00/bin/bin/../../support/PIC24H/gld \
  -Lc:/program files/microchip/xc16/v2.00/bin/bin/../../lib/dsPIC30F \
  -Lc:/program files/microchip/xc16/v2.00/bin/bin/../../support/dsPIC30F/gld \
  -Lc:/program files/microchip/xc16/v2.00/bin/bin/../../support/dsPIC33C/gld \
  -Lc:/program files/microchip/xc16/v2.00/bin/bin/../../lib/dsPIC33E \
  -Lc:/program files/microchip/xc16/v2.00/bin/bin/../../support/dsPIC33E/gld \
  -Lc:/program files/microchip/xc16/v2.00/bin/bin/../../lib/dsPIC33F \
  -Lc:/program files/microchip/xc16/v2.00/bin/bin/../../support/dsPIC33F/gld \
  build/default/production/timer.o \
  build/default/production/systemTimer.o \
  build/default/production/led_Led1.o \
  build/default/production/led_Led2.o \
  build/default/production/timer_api1.o \
  build/default/production/streamIn.o \
  build/default/production/pmp.o \
  build/default/production/SSD1322_OLED.o \
  build/default/production/Graphics_OLED.o \
  build/default/production/Edit_Edit1.o \
  build/default/production/Keyboard_Pad.o \
  build/default/production/Keyboard_Nav.o \
  build/default/production/stream.o \
  build/default/production/I2C2.o \
  build/default/production/I2C2_driver.o \
  build/default/production/EMICBus.o \
  build/default/production/main.o \
  build/default/production/userFncFile.o \
  --defsym=__MPLAB_BUILD=1 \
  -Tp24FJ64GA004.gld.00 \
  --stack=16 \
  --check-sections \
  --data-init \
  --pack-data \
  --handles \
  --isr \
  --no-gc-sections \
  --fill-upper=0 \
  --stackguard=16 \
  --no-force-link \
  --smart-io \
  -Map=dist/default/production/Panel.production.map \
  --report-mem \
  --memorysummary \
  dist/default/production/memoryfile.xml \
  -start-group \
  --library=c99-pic30-elf \
  --library=m-elf \
  --library=c99-elf \
  -end-group \

Archive member included because of file (symbol)

c:/program files/microchip/xc16/v2.00/bin/bin/../../lib\libc99-pic30-elf.a(crt0_standard.o)
                              (__resetPRI)
c:/program files/microchip/xc16/v2.00/bin/bin/../../lib\libc99-pic30-elf.a(data_init_standard.o)
                              c:/program files/microchip/xc16/v2.00/bin/bin/../../lib\libc99-pic30-elf.a(crt0_standard.o) (__data_init_standard)
c:/program files/microchip/xc16/v2.00/bin/bin/../../lib\libc99-pic30-elf.a(crt_start_mode_normal.Meo)
                              (__crt_start_mode_normal)
c:/program files/microchip/xc16/v2.00/bin/bin/../../lib\libc99-pic30-elf.a(delay32.Meo)
                              build/default/production/SSD1322_OLED.o (___delay32)
c:/program files/microchip/xc16/v2.00/bin/bin/../../lib\libc99-pic30-elf.a(feqltle.XX_o)
                              build/default/production/Edit_Edit1.o (___ltsf2)
c:/program files/microchip/xc16/v2.00/bin/bin/../../lib\libc99-pic30-elf.a(fixunssfdi.XX_o)
                              build/default/production/Edit_Edit1.o (___fixunssfdi)
c:/program files/microchip/xc16/v2.00/bin/bin/../../lib\libc99-pic30-elf.a(fixunssfsi.XX_o)
                              build/default/production/I2C2.o (___fixunssfsi)
c:/program files/microchip/xc16/v2.00/bin/bin/../../lib\libc99-pic30-elf.a(floatundisf.XX_o)
                              build/default/production/Edit_Edit1.o (___floatundisf)
c:/program files/microchip/xc16/v2.00/bin/bin/../../lib\libc99-pic30-elf.a(floatunsisf.XX_o)
                              build/default/production/I2C2.o (___floatunsisf)
c:/program files/microchip/xc16/v2.00/bin/bin/../../lib\libc99-pic30-elf.a(fpack.XX_o)
                              c:/program files/microchip/xc16/v2.00/bin/bin/../../lib\libc99-pic30-elf.a(floatundisf.XX_o) (__fpack)
c:/program files/microchip/xc16/v2.00/bin/bin/../../lib\libc99-pic30-elf.a(funpack.XX_o)
                              c:/program files/microchip/xc16/v2.00/bin/bin/../../lib\libc99-pic30-elf.a(fixunssfdi.XX_o) (__funpack)
c:/program files/microchip/xc16/v2.00/bin/bin/../../lib\libc99-pic30-elf.a(udivsi3.XX_o)
                              build/default/production/Edit_Edit1.o (___udivsi3)
c:/program files/microchip/xc16/v2.00/bin/bin/../../lib\libc99-pic30-elf.a(addsf3x.XX_o)
[...]
Memory Configuration

Name             Origin             Length             Attributes
data             0x000800           0x002000           a !xr
reset            0x000000           0x000004  
ivt              0x000004           0x0000fc  
_reserved        0x000100           0x000004  
aivt             0x000104           0x0000fc  
program          0x000200           0x00a9fc           xr
CONFIG2          0x00abfc           0x000002  
CONFIG1          0x00abfe           0x000002  
*default*        0x000000           0xffffffff  

Linker script and memory map

LOAD build/default/production/timer.o
LOAD build/default/production/systemTimer.o
LOAD build/default/production/led_Led1.o
LOAD build/default/production/led_Led2.o
LOAD build/default/production/timer_api1.o
LOAD build/default/production/streamIn.o
LOAD build/default/production/pmp.o
LOAD build/default/production/SSD1322_OLED.o
LOAD build/default/production/Graphics_OLED.o
LOAD build/default/production/Edit_Edit1.o
LOAD build/default/production/Keyboard_Pad.o
LOAD build/default/production/Keyboard_Nav.o
LOAD build/default/production/stream.o
LOAD build/default/production/I2C2.o
LOAD build/default/production/I2C2_driver.o
LOAD build/default/production/EMICBus.o
LOAD build/default/production/main.o
LOAD build/default/production/userFncFile.o
                    0x0001                  __MPLAB_BUILD = 0x1
LOAD c:/program files/microchip/xc16/v2.00/bin/bin/../../lib/PIC24F\libpPIC24Fxxx-elf.a
LOAD c:/program files/microchip/xc16/v2.00/bin/bin/../../lib\libfx-elf.a
                    0xabfc                  __CONFIG2 = 0xabfc
                    0xabfe                  __CONFIG1 = 0xabfe
                    0x0001                  __NO_HANDLES = 0x1
                    0x0200                  __CODE_BASE = 0x200
                    0xa9fc                  __CODE_LENGTH = 0xa9fc
                    0x0004                  __IVT_BASE = 0x4
                    0x0104                  __AIVT_BASE = 0x104
                    0x0800                  __DATA_BASE = 0x800
                    0x2000                  __DATA_LENGTH = 0x2000

.reset            0x000000          0x4
                  0x000000          0x2 SHORT 0x200 ABSOLUTE (__reset)
                  0x000001          0x2 SHORT 0x4
                  0x000002          0x2 SHORT 0x0 ((ABSOLUTE (__reset) >> 0x10) & 0x7f)
                  0x000003          0x2 SHORT 0x0

.text             0x000200       0x43fe
 *(.init)
 .init            0x000200         0x4c c:/program files/microchip/xc16/v2.00/bin/bin/../../lib\libc99-pic30-elf.a(crt0_standard.o)
                  0x000200                  __resetPRI
                  0x000200                  __reset
                  0x00023c                  __psv_init
 .init            0x00024c         0x7c c:/program files/microchip/xc16/v2.00/bin/bin/../../lib\libc99-pic30-elf.a(data_init_standard.o)
                  0x000252                  __data_init_standard
                  0x000252                  __data_init
 *(.user_init)
 *(.handle)
 *(.isr*)
 .isr.text        0x0002f0         0x28 build/default/production/timer.o
                  0x0002f0                  __T4Interrupt
 .isr.text        0x000318         0x4c build/default/production/I2C2.o
                  0x000318                  __SI2C2Interrupt
                  0x00033e                  __MI2C2Interrupt
 .isr             0x000364          0x4 default_isr
                  0x000364                  __DefaultInterrupt
 *(.libc)
 *(.libm)
 *(.libdsp)
 *(.lib*)
 .libpic30_crt_start_mode
                  0x000368          0x2 c:/program files/microchip/xc16/v2.00/bin/bin/../../lib\libc99-pic30-elf.a(crt_start_mode_normal.Meo)
                  0x000368                  __crt_start_mode
                  0x000368                  __crt_start_mode_normal
 .libm.eqsf2      0x00036a          0x4 c:/program files/microchip/xc16/v2.00/bin/bin/../../lib\libc99-pic30-elf.a(feqltle.XX_o)
                  0x00036a                  ___eqsf2
                  0x00036a                  ___ltsf2
                  0x00036a                  ___lesf2
 .libm.fixunssfdi
                  0x00036e         0x42 c:/program files/microchip/xc16/v2.00/bin/bin/../../lib\libc99-pic30-elf.a(fixunssfdi.XX_o)
                  0x00036e                  ___fixunssfdi
 .libm.fixunssfsi
                  0x0003b0         0x36 c:/program files/microchip/xc16/v2.00/bin/bin/../../lib\libc99-pic30-elf.a(fixunssfsi.XX_o)
                  0x0003b0                  ___fixunssfsi
 .libm.floatundisf
                  0x0003e6         0x5e c:/program files/microchip/xc16/v2.00/bin/bin/../../lib\libc99-pic30-elf.a(floatundisf.XX_o)
                  0x0003e6                  ___floatundisf
 .libm.floatunsisf
                  0x000444          0x4 c:/program files/microchip/xc16/v2.00/bin/bin/../../lib\libc99-pic30-elf.a(floatunsisf.XX_o)
                  0x000444                  ___floatunsisf
 .libm.fpack      0x000448         0x4c c:/program files/microchip/xc16/v2.00/bin/bin/../../lib\libc99-pic30-elf.a(fpack.XX_o)
                  0x000448                  __fpack
 .libm.funpack    0x000494         0x2a c:/program files/microchip/xc16/v2.00/bin/bin/../../lib\libc99-pic30-elf.a(funpack.XX_o)
                  0x000494                  __funpack
 .libm.udivsi3    0x0004be         0x20 c:/program files/microchip/xc16/v2.00/bin/bin/../../lib\libc99-pic30-elf.a(udivsi3.XX_o)
                  0x0004be                  ___udivsi3
 .libmx           0x0004de        0x1dc c:/program files/microchip/xc16/v2.00/bin/bin/../../lib\libc99-pic30-elf.a(addsf3x.XX_o)
                  0x0004de                  ___subsf3x
                  0x0004de                  ___subsf3
                  0x0004f0                  ___addsf3x
                  0x0004f0                  ___addsf3
 .libmx           0x0006ba        0x1be c:/program files/microchip/xc16/v2.00/bin/bin/../../lib\libc99-pic30-elf.a(divsf3x.XX_o)
                  0x0006ba                  ___divsf3x
                  0x0006ba                  ___divsf3
                  0x00084c                  __sdivf
 .libmx           0x000878        0x10c c:/program files/microchip/xc16/v2.00/bin/bin/../../lib\libc99-pic30-elf.a(mulsf3x.XX_o)
                  0x000878                  ___mulsf3x
                  0x000878                  ___mulsf3
 .libmx           0x000984         0x54 c:/program files/microchip/xc16/v2.00/bin/bin/../../lib\libc99-pic30-elf.a(dnrmpackfx.XX_o)
                  0x000984                  __dnrmpackf
 .libmx           0x0009d8         0x5e c:/program files/microchip/xc16/v2.00/bin/bin/../../lib\libc99-pic30-elf.a(unpackdnrmfx.XX_o)
                  0x0009d8                  __unpackdnrmf
 .libmx           0x000a36         0x34 c:/program files/microchip/xc16/v2.00/bin/bin/../../lib\libc99-pic30-elf.a(typefx.XX_o)
                  0x000a36                  __typef
 .libmx           0x000a6a         0x12 c:/program files/microchip/xc16/v2.00/bin/bin/../../lib\libc99-pic30-elf.a(propnanfx.XX_o)
                  0x000a6a                  __propnanf
 .libmx           0x000a7c         0xa6 c:/program files/microchip/xc16/v2.00/bin/bin/../../lib\libc99-pic30-elf.a(spackfx.XX_o)
                  0x000a7c                  __spackf
 .libmx           0x000b22         0x66 c:/program files/microchip/xc16/v2.00/bin/bin/../../lib\libc99-pic30-elf.a(unpackfx.XX_o)
                  0x000b22                  __unpackf
 .libm.fcompare
                  0x000b88         0x36 c:/program files/microchip/xc16/v2.00/bin/bin/../../lib\libc99-pic30-elf.a(fcompare.XX_o)
                  0x000b88                  __fcompare
 .libm.funpack2
                  0x000bbe         0x10 c:/program files/microchip/xc16/v2.00/bin/bin/../../lib\libc99-pic30-elf.a(funpack2.XX_o)
                  0x000bbe                  __funpack2
 .libm.__PplusBdi
                  0x000bce         0x26 c:/program files/microchip/xc16/v2.00/bin/bin/../../lib\libc99-pic30-elf.a(divmoddi3.XX_o)
 .libm.__PminusBdi
                  0x000bf4         0x26 c:/program files/microchip/xc16/v2.00/bin/bin/../../lib\libc99-pic30-elf.a(divmoddi3.XX_o)
 .libm.__udivmoddi3
                  0x000c1a         0xf8 c:/program files/microchip/xc16/v2.00/bin/bin/../../lib\libc99-pic30-elf.a(divmoddi3.XX_o)
                  0x000c1a                  ___udivmoddi3
 .libm.__udivdi3
                  0x000d12          0xe c:/program files/microchip/xc16/v2.00/bin/bin/../../lib\libc99-pic30-elf.a(divmoddi3.XX_o)
                  0x000d12                  ___udivdi3
 .libm.__umoddi3
                  0x000d20          0x8 c:/program files/microchip/xc16/v2.00/bin/bin/../../lib\libc99-pic30-elf.a(divmoddi3.XX_o)
                  0x000d20                  ___umoddi3
 .libm.__divdi3
                  0x000d28         0x60 c:/program files/microchip/xc16/v2.00/bin/bin/../../lib\libc99-pic30-elf.a(divmoddi3.XX_o)
                  0x000d28                  ___divdi3
 .libm.__moddi3
                  0x000d88         0x5c c:/program files/microchip/xc16/v2.00/bin/bin/../../lib\libc99-pic30-elf.a(divmoddi3.XX_o)
                  0x000d88                  ___moddi3
 .libm.__muldi3
                  0x000de4         0x52 c:/program files/microchip/xc16/v2.00/bin/bin/../../lib\libc99-pic30-elf.a(muldi3.XX_o)
                  0x000de4                  ___muldi3
 .libm.umuldi3    0x000e36         0x44 c:/program files/microchip/xc16/v2.00/bin/bin/../../lib\libc99-pic30-elf.a(umuldi3.XX_o)
                  0x000e36                  ___umuldi3
 .libc.memset     0x000e7a         0xc6 c:/program files/microchip/xc16/v2.00/bin/bin/../../lib\libc99-elf.a(memset.XX_o)
                  0x000e7a                  _memset
 .libc.snprintf
                  0x000f40          0xc c:/program files/microchip/xc16/v2.00/bin/bin/../../lib\libc99-elf.a(snprintf.XX_o)
                  0x000f40                  _snprintf
 .libc.vsnprintf
                  0x000f4c         0x50 c:/program files/microchip/xc16/v2.00/bin/bin/../../lib\libc99-elf.a(vsnprintf.XX_o)
                  0x000f4c                  _vsnprintf
 .libc.vfprintf
                  0x000f9c         0x1c c:/program files/microchip/xc16/v2.00/bin/bin/../../lib\libc99-elf.a(vfprintf.XX_o)
                  0x000f9c                  _vfprintf
 .libc.__string_out
                  0x000fb8         0x28 c:/program files/microchip/xc16/v2.00/bin/bin/../../lib\libc99-elf.a(__printf_core.XX_o)
                  0x000fb8                  ___out
 .libc.__pad      0x000fe0         0x74 c:/program files/microchip/xc16/v2.00/bin/bin/../../lib\libc99-elf.a(__printf_core.XX_o)
                  0x000fe0                  ___pad
 .libc.__dummy_fmt3
                  0x001054          0x2 c:/program files/microchip/xc16/v2.00/bin/bin/../../lib\libc99-elf.a(__printf_core.XX_o)
 .libc.__dummy_fmt4
                  0x001056          0x2 c:/program files/microchip/xc16/v2.00/bin/bin/../../lib\libc99-elf.a(__printf_core.XX_o)
 .libc.__dummy_fmts
                  0x001058          0x2 c:/program files/microchip/xc16/v2.00/bin/bin/../../lib\libc99-elf.a(__printf_core.XX_o)
 .libc.__fmt_state
                  0x00105a         0x2c c:/program files/microchip/xc16/v2.00/bin/bin/../../lib\libc99-elf.a(__printf_core.XX_o)
                  0x00105a                  ___fmt_state
 .libc.vfpfcnvrt.clone.0
                  0x001086        0x2c0 c:/program files/microchip/xc16/v2.00/bin/bin/../../lib\libc99-elf.a(__printf_core.XX_o)
 .libc.__printf_core
                  0x001346         0x40 c:/program files/microchip/xc16/v2.00/bin/bin/../../lib\libc99-elf.a(__printf_core.XX_o)
                  0x001346                  ___printf_core
 .libc.memcpy     0x001386          0xe c:/program files/microchip/xc16/v2.00/bin/bin/../../lib\libc99-elf.a(memcpy.XX_o)
                  0x001386                  _memcpy
 .libc.atof       0x001394          0x4 c:/program files/microchip/xc16/v2.00/bin/bin/../../lib\libc99-elf.a(atof.XX_o)
                  0x001394                  _atof
 .libc.strtox     0x001398         0x58 c:/program files/microchip/xc16/v2.00/bin/bin/../../lib\libc99-elf.a(strtod.XX_o)
 .libc.strtof     0x0013f0          0x6 c:/program files/microchip/xc16/v2.00/bin/bin/../../lib\libc99-elf.a(strtod.XX_o)
                  0x0013f0                  ___strtof_l
                  0x0013f0                  _strtof
                  0x0013f0                  _strtof_l
 .libc.strtod     0x0013f6          0x6 c:/program files/microchip/xc16/v2.00/bin/bin/../../lib\libc99-elf.a(strtod.XX_o)
                  0x0013f6                  ___strtod_l
                  0x0013f6                  _strtod
                  0x0013f6                  _strtod_l
 .libc.strtold    0x0013fc          0x4 c:/program files/microchip/xc16/v2.00/bin/bin/../../lib\libc99-elf.a(strtod.XX_o)
                  0x0013fc                  _strtold_l
                  0x0013fc                  _strtold
                  0x0013fc                  ___strtold_l
 .libc.__isspace
                  0x001400         0x14 c:/program files/microchip/xc16/v2.00/bin/bin/../../lib\libc99-elf.a(floatscan.XX_o)
 .libc.scanexp    0x001414        0x17a c:/program files/microchip/xc16/v2.00/bin/bin/../../lib\libc99-elf.a(floatscan.XX_o)
 .libc.hexfloat
                  0x00158e        0x534 c:/program files/microchip/xc16/v2.00/bin/bin/../../lib\libc99-elf.a(floatscan.XX_o)
 .libc.decfloat
                  0x001ac2        0x904 c:/program files/microchip/xc16/v2.00/bin/bin/../../lib\libc99-elf.a(floatscan.XX_o)
 .libc.__floatscan
                  0x0023c6        0x22c c:/program files/microchip/xc16/v2.00/bin/bin/../../lib\libc99-elf.a(floatscan.XX_o)
                  0x0023c6                  ___floatscan
 .libc.__shlim    0x0025f2         0x4a c:/program files/microchip/xc16/v2.00/bin/bin/../../lib\libc99-elf.a(shgetc.XX_o)
                  0x0025f2                  ___shlim
 .libc.__shgetc
                  0x00263c        0x12a c:/program files/microchip/xc16/v2.00/bin/bin/../../lib\libc99-elf.a(shgetc.XX_o)
                  0x00263c                  ___shgetc
 .libc.__uflow    0x002766         0x2a c:/program files/microchip/xc16/v2.00/bin/bin/../../lib\libc99-elf.a(__uflow.XX_o)
                  0x002766                  ___uflow
 .libc.__toread
                  0x002790         0x50 c:/program files/microchip/xc16/v2.00/bin/bin/../../lib\libc99-elf.a(__toread.XX_o)
                  0x002790                  ___toread
 .libc.__toread_needs_stdio_exit
                  0x0027e0          0x2 c:/program files/microchip/xc16/v2.00/bin/bin/../../lib\libc99-elf.a(__toread.XX_o)
                  0x0027e0                  ___toread_needs_stdio_exit
 .libc.__dummy    0x0027e2          0x2 c:/program files/microchip/xc16/v2.00/bin/bin/../../lib\libc99-elf.a(__stdio_exit.XX_o)
                  0x0027e2                  ___stdio_exit_ofl
 .libc.__dummy1
                  0x0027e4          0x2 c:/program files/microchip/xc16/v2.00/bin/bin/../../lib\libc99-elf.a(__stdio_exit.XX_o)
                  0x0027e4                  ___fclose
 .libc.__stdio_exit
                  0x0027e6         0x14 c:/program files/microchip/xc16/v2.00/bin/bin/../../lib\libc99-elf.a(__stdio_exit.XX_o)
                  0x0027e6                  ___stdio_exit_needed
                  0x0027e6                  ___stdio_exit
 .libc.__isspace
                  0x0027fa         0x14 c:/program files/microchip/xc16/v2.00/bin/bin/../../lib\libc99-elf.a(atoi.XX_o)
 .libc.atoi       0x00280e         0x4c c:/program files/microchip/xc16/v2.00/bin/bin/../../lib\libc99-elf.a(atoi.XX_o)
                  0x00280e                  _atoi
 .libc.__isspace
                  0x00285a         0x14 c:/program files/microchip/xc16/v2.00/bin/bin/../../lib\libc99-elf.a(atol.XX_o)
 .libc.atol       0x00286e         0x52 c:/program files/microchip/xc16/v2.00/bin/bin/../../lib\libc99-elf.a(atol.XX_o)
                  0x00286e                  _atol
 .libc.__isspace
                  0x0028c0         0x14 c:/program files/microchip/xc16/v2.00/bin/bin/../../lib\libc99-elf.a(atoll.XX_o)
 .libc.atoll      0x0028d4         0x62 c:/program files/microchip/xc16/v2.00/bin/bin/../../lib\libc99-elf.a(atoll.XX_o)
                  0x0028d4                  _atoll
 .libc.__LONG_DOUBLE_BITS
                  0x002936          0x2 c:/program files/microchip/xc16/v2.00/bin/bin/../../lib\libc99-elf.a(__fmt_a.XX_o)
 .libc.__fmt_a    0x002938        0x522 c:/program files/microchip/xc16/v2.00/bin/bin/../../lib\libc99-elf.a(__fmt_a.XX_o)
                  0x002938                  ___fmt_a_needed
                  0x002938                  ___fmt_a
 .libc.__fmt_d    0x002e5a         0xb2 c:/program files/microchip/xc16/v2.00/bin/bin/../../lib\libc99-elf.a(__fmt_d.XX_o)
                  0x002e5a                  ___fmt_d
                  0x002e5a                  ___fmt_d_needed
 .libc.__LONG_DOUBLE_BITS
                  0x002f0c          0x2 c:/program files/microchip/xc16/v2.00/bin/bin/../../lib\libc99-elf.a(__fmt_fp.XX_o)
 .libc.__fmt_fp
                  0x002f0e        0x544 c:/program files/microchip/xc16/v2.00/bin/bin/../../lib\libc99-elf.a(__fmt_fp.XX_o)
                  0x002f0e                  ___fmt_f_needed
                  0x002f0e                  ___fmt_fp
 .libc.__fmt_o    0x003452         0x6a c:/program files/microchip/xc16/v2.00/bin/bin/../../lib\libc99-elf.a(__fmt_o.XX_o)
                  0x003452                  ___fmt_o
                  0x003452                  ___fmt_o_needed
 .libc.__fmt_s    0x0034bc         0x54 c:/program files/microchip/xc16/v2.00/bin/bin/../../lib\libc99-elf.a(__fmt_s.XX_o)
                  0x0034bc                  ___fmt_0_needed
                  0x0034bc                  ___fmt_s_needed
                  0x0034bc                  ___fmt_s
 .libc.__cvt_u    0x003510         0xa4 c:/program files/microchip/xc16/v2.00/bin/bin/../../lib\libc99-elf.a(__fmt_u.XX_o)
                  0x003510                  ___cvt_u
 .libc.__fmt_u    0x0035b4         0x52 c:/program files/microchip/xc16/v2.00/bin/bin/../../lib\libc99-elf.a(__fmt_u.XX_o)
                  0x0035b4                  ___fmt_u
                  0x0035b4                  ___fmt_u_needed
 .libc.__fmt_x    0x003606        0x14a c:/program files/microchip/xc16/v2.00/bin/bin/../../lib\libc99-elf.a(__fmt_x.XX_o)
                  0x003606                  ___fmt_x_needed
                  0x003606                  ___fmt_x
 .libc.strlen     0x003750         0x30 c:/program files/microchip/xc16/v2.00/bin/bin/../../lib\libc99-elf.a(strlen.XX_o)
                  0x003750                  _strlen
 .libc.tolower    0x003780          0xc c:/program files/microchip/xc16/v2.00/bin/bin/../../lib\libc99-elf.a(tolower.XX_o)
                  0x003780                  _tolower
 .libc.__tolower_l
                  0x00378c          0x2 c:/program files/microchip/xc16/v2.00/bin/bin/../../lib\libc99-elf.a(tolower.XX_o)
                  0x00378c                  ___tolower_l
                  0x00378c                  _tolower_l
 .libc.__pop_float
                  0x00378e         0x3e c:/program files/microchip/xc16/v2.00/bin/bin/../../lib\libc99-elf.a(__pop_float.XX_lo)
                  0x00378e                  ___pop_float
                  0x00378e                  ___pop_float_needed
 .libc.__pop_int
                  0x0037cc         0xb2 c:/program files/microchip/xc16/v2.00/bin/bin/../../lib\libc99-elf.a(__pop_int.XX_lo)
                  0x0037cc                  ___pop_int
                  0x0037cc                  ___pop_int_needed
 .libc.__pop_ptr
                  0x00387e         0x74 c:/program files/microchip/xc16/v2.00/bin/bin/../../lib\libc99-elf.a(__pop_ptr.XX_lo)
                  0x00387e                  ___pop_ptr_needed
                  0x00387e                  ___pop_ptr
 .libc.strcpy     0x0038f2          0xe c:/program files/microchip/xc16/v2.00/bin/bin/../../lib\libc99-elf.a(strcpy.XX_o)
                  0x0038f2                  _strcpy
 .libc.toupper    0x003900          0xc c:/program files/microchip/xc16/v2.00/bin/bin/../../lib\libc99-elf.a(toupper.XX_o)
                  0x003900                  _toupper
 .libc.__toupper_l
                  0x00390c          0x2 c:/program files/microchip/xc16/v2.00/bin/bin/../../lib\libc99-elf.a(toupper.XX_o)
                  0x00390c                  ___toupper_l
                  0x00390c                  _toupper_l
 .libc.__stpcpy
                  0x00390e         0x40 c:/program files/microchip/xc16/v2.00/bin/bin/../../lib\libc99-elf.a(stpcpy.XX_o)
                  0x00390e                  ___stpcpy
                  0x00390e                  _stpcpy
 .libm.eqdf2      0x00394e          0xa c:/program files/microchip/xc16/v2.00/bin/bin/../../lib\libc99-pic30-elf.a(deqltle.XX_o)
                  0x00394e                  ___eqdf2
                  0x00394e                  ___ltdf2
                  0x00394e                  ___ledf2
 .libm.gtdf2      0x003958          0xa c:/program files/microchip/xc16/v2.00/bin/bin/../../lib\libc99-pic30-elf.a(dgtge.XX_o)
                  0x003958                  ___gtdf2
                  0x003958                  ___gedf2
 .libm.divsi3     0x003962         0x1e c:/program files/microchip/xc16/v2.00/bin/bin/../../lib\libc99-pic30-elf.a(divsi3.XX_o)
                  0x003962                  ___divsi3
 .libm.nedf2      0x003980          0xa c:/program files/microchip/xc16/v2.00/bin/bin/../../lib\libc99-pic30-elf.a(dne.XX_o)
                  0x003980                  ___nedf2
 .libm.extendsfdf2
                  0x00398a         0x3e c:/program files/microchip/xc16/v2.00/bin/bin/../../lib\libc99-pic30-elf.a(extendsfdf.XX_o)
                  0x00398a                  ___extendsfdf2
 .libm.fixdfsi    0x0039c8         0x58 c:/program files/microchip/xc16/v2.00/bin/bin/../../lib\libc99-pic30-elf.a(fixdfsi.XX_o)
                  0x0039c8                  _(float, int, long long, double, float, short, int)
 .libm.floatsidf
                  0x003a20          0x6 c:/program files/microchip/xc16/v2.00/bin/bin/../../lib\libc99-pic30-elf.a(floatsidf.XX_o)
                  0x003a20                  ___floatsidf
 .libm.floatsisf
                  0x003a26          0x6 c:/program files/microchip/xc16/v2.00/bin/bin/../../lib\libc99-pic30-elf.a(floatsisf.XX_o)
                  0x003a26                  ___floatsisf
 .libm.floatunsidf
                  0x003a2c          0x4 c:/program files/microchip/xc16/v2.00/bin/bin/../../lib\libc99-pic30-elf.a(floatunsidf.XX_o)
                  0x003a2c                  ___floatunsidf
 .libm.truncdfsf2
                  0x003a30         0x56 c:/program files/microchip/xc16/v2.00/bin/bin/../../lib\libc99-pic30-elf.a(truncdfsf.XX_o)
                  0x003a30                  ___truncdfsf2
 .libm.umodsi3    0x003a86          0x6 c:/program files/microchip/xc16/v2.00/bin/bin/../../lib\libc99-pic30-elf.a(umodsi3.XX_o)
                  0x003a86                  ___umodsi3
 .libm.mulsi3     0x003a8c          0xc c:/program files/microchip/xc16/v2.00/bin/bin/../../lib\libc99-pic30-elf.a(mulsi3.XX_o)
                  0x003a8c                  ___mulp32peds3
                  0x003a8c                  ___mulsi3
                  0x003a8c                  ___mulp32eds3
 .lib_dpfops      0x003a98         0xa2 c:/program files/microchip/xc16/v2.00/bin/bin/../../lib\libc99-pic30-elf.a(dpadd.XX_o)
                  0x003a98                  ___subdf3
                  0x003aa4                  ___adddf3
 .lib_dpfops      0x003b3a        0x15e c:/program files/microchip/xc16/v2.00/bin/bin/../../lib\libc99-pic30-elf.a(dpdiv.XX_o)
                  0x003b3a                  ___divdf3
 .lib_dpfops      0x003c98        0x11a c:/program files/microchip/xc16/v2.00/bin/bin/../../lib\libc99-pic30-elf.a(dpmul.XX_o)
                  0x003c98                  ___muldf3
 .lib_dpfops      0x003db2        0x128 c:/program files/microchip/xc16/v2.00/bin/bin/../../lib\libc99-pic30-elf.a(dpsubs.XX_o)
                  0x003dcc                  __dxchg
                  0x003dda                  __drshft
                  0x003e34                  __dupchk
                  0x003e96                  __drndex
                  0x003ea0                  __dnsrnd
                  0x003ecc                  __dpakex
 .libm.dcompare
                  0x003eda         0x52 c:/program files/microchip/xc16/v2.00/bin/bin/../../lib\libc99-pic30-elf.a(dcompare.XX_o)
                  0x003eda                  __dcompare
 .libm.dtype      0x003f2c         0x24 c:/program files/microchip/xc16/v2.00/bin/bin/../../lib\libc99-pic30-elf.a(dtype.XX_o)
                  0x003f2c                  __dtype
 .libm.dunpack    0x003f50         0x4e c:/program files/microchip/xc16/v2.00/bin/bin/../../lib\libc99-pic30-elf.a(dunpack.XX_o)
                  0x003f50                  __dunpack
 .libm.dunpack2
                  0x003f9e         0x32 c:/program files/microchip/xc16/v2.00/bin/bin/../../lib\libc99-pic30-elf.a(dunpack2.XX_o)
                  0x003f9e                  __dunpack2
                  0x003fc0                  __dreturnNaN
                  0x003fc6                  __dunpack2exit
 .libm.floatdidf
                  0x003fd0         0x20 c:/program files/microchip/xc16/v2.00/bin/bin/../../lib\libc99-pic30-elf.a(floatdidf.XX_o)
                  0x003fd0                  ___floatdidf
 .libm.floatdisf
                  0x003ff0         0x20 c:/program files/microchip/xc16/v2.00/bin/bin/../../lib\libc99-pic30-elf.a(floatdisf.XX_o)
                  0x003ff0                  ___floatdisf
 .libm.floatundidf
                  0x004010         0x56 c:/program files/microchip/xc16/v2.00/bin/bin/../../lib\libc99-pic30-elf.a(floatundidf.XX_o)
                  0x004010                  ___floatundidf
 .libm.dpack      0x004066         0x58 c:/program files/microchip/xc16/v2.00/bin/bin/../../lib\libc99-pic30-elf.a(dpack.XX_o)
                  0x004066                  __dpack
 .libm.dPropagateNaN
                  0x0040be         0x1c c:/program files/microchip/xc16/v2.00/bin/bin/../../lib\libc99-pic30-elf.a(dpropagateNaN.XX_o)
                  0x0040be                  __dPropagateNaN
 .libc.copysignl
                  0x0040da         0x34 c:/program files/microchip/xc16/v2.00/bin/bin/../../lib\libm-elf.a(copysignl.XX_o)
                  0x0040da                  _copysignl
 .libc.fabsl      0x00410e         0x16 c:/program files/microchip/xc16/v2.00/bin/bin/../../lib\libm-elf.a(fabsl.XX_o)
                  0x00410e                  _fabsl
 .libc.floorl     0x004124         0xf8 c:/program files/microchip/xc16/v2.00/bin/bin/../../lib\libm-elf.a(floorl.XX_o)
                  0x004124                  _floorl
 .libc.__LONG_DOUBLE_BITS
                  0x00421c          0x2 c:/program files/microchip/xc16/v2.00/bin/bin/../../lib\libm-elf.a(fmodl.XX_o)
 .libc.fmodl      0x00421e        0x32c c:/program files/microchip/xc16/v2.00/bin/bin/../../lib\libm-elf.a(fmodl.XX_o)
                  0x00421e                  _fmodl
 .libc.scalbnf    0x00454a         0x54 c:/program files/microchip/xc16/v2.00/bin/bin/../../lib\libm-elf.a(scalbnf.XX_o)
                  0x00454a                  _scalbnf
 .libc.scalbnl    0x00459e         0x60 c:/program files/microchip/xc16/v2.00/bin/bin/../../lib\libm-elf.a(scalbnl.XX_o)
                  0x00459e                  _scalbnl

usercode
 *(usercode)

__CONFIG2
 *(__CONFIG2.sec*)

__CONFIG1
 *(__CONFIG1.sec*)

.comment
 *(.comment)

.debug_info       0x000000       0x8432
 *(.debug_info)
 .debug_info      0x000000        0x4a1 build/default/production/timer.o
 .debug_info      0x0004a1        0x1b5 build/default/production/systemTimer.o
 .debug_info      0x000656        0x2a0 build/default/production/led_Led1.o
 .debug_info      0x0008f6        0x2a0 build/default/production/led_Led2.o
 .debug_info      0x000b96        0x15c build/default/production/timer_api1.o
 .debug_info      0x000cf2        0x96a build/default/production/streamIn.o
 .debug_info      0x00165c        0x48d build/default/production/pmp.o
 .debug_info      0x001ae9        0x986 build/default/production/SSD1322_OLED.o
 .debug_info      0x00246f        0x936 build/default/production/Graphics_OLED.o
 .debug_info      0x002da5        0x865 build/default/production/Edit_Edit1.o
 .debug_info      0x00360a        0xbdc build/default/production/Keyboard_Pad.o
 .debug_info      0x0041e6        0x96e build/default/production/Keyboard_Nav.o
 .debug_info      0x004b54        0x46f build/default/production/stream.o
 .debug_info      0x004fc3        0x870 build/default/production/I2C2.o
 .debug_info      0x005833        0x92d build/default/production/I2C2_driver.o
 .debug_info      0x006160        0x510 build/default/production/EMICBus.o
 .debug_info      0x006670        0x1e3 build/default/production/main.o
 .debug_info      0x006853        0x1ec build/default/production/userFncFile.o
 .debug_info      0x006a3f         0x8d c:/program files/microchip/xc16/v2.00/bin/bin/../../lib\libc99-pic30-elf.a(feqltle.XX_o)
 .debug_info      0x006acc         0x90 c:/program files/microchip/xc16/v2.00/bin/bin/../../lib\libc99-pic30-elf.a(fixunssfdi.XX_o)
 .debug_info      0x006b5c         0x90 c:/program files/microchip/xc16/v2.00/bin/bin/../../lib\libc99-pic30-elf.a(fixunssfsi.XX_o)
 .debug_info      0x006bec         0x91 c:/program files/microchip/xc16/v2.00/bin/bin/../../lib\libc99-pic30-elf.a(floatundisf.XX_o)
 .debug_info      0x006c7d         0x91 c:/program files/microchip/xc16/v2.00/bin/bin/../../lib\libc99-pic30-elf.a(floatunsisf.XX_o)
 .debug_info      0x006d0e         0x8b c:/program files/microchip/xc16/v2.00/bin/bin/../../lib\libc99-pic30-elf.a(fpack.XX_o)
 .debug_info      0x006d99         0x8d c:/program files/microchip/xc16/v2.00/bin/bin/../../lib\libc99-pic30-elf.a(funpack.XX_o)
 .debug_info      0x006e26         0x8d c:/program files/microchip/xc16/v2.00/bin/bin/../../lib\libc99-pic30-elf.a(udivsi3.XX_o)
 .debug_info      0x006eb3         0x9d c:/program files/microchip/xc16/v2.00/bin/bin/../../lib\libc99-pic30-elf.a(addsf3x.XX_o)
 .debug_info      0x006f50         0x9d c:/program files/microchip/xc16/v2.00/bin/bin/../../lib\libc99-pic30-elf.a(divsf3x.XX_o)
 .debug_info      0x006fed         0x9d c:/program files/microchip/xc16/v2.00/bin/bin/../../lib\libc99-pic30-elf.a(mulsf3x.XX_o)
 .debug_info      0x00708a         0xa0 c:/program files/microchip/xc16/v2.00/bin/bin/../../lib\libc99-pic30-elf.a(dnrmpackfx.XX_o)
 .debug_info      0x00712a         0xa2 c:/program files/microchip/xc16/v2.00/bin/bin/../../lib\libc99-pic30-elf.a(unpackdnrmfx.XX_o)
 .debug_info      0x0071cc         0x9c c:/program files/microchip/xc16/v2.00/bin/bin/../../lib\libc99-pic30-elf.a(typefx.XX_o)
 .debug_info      0x007268         0x9f c:/program files/microchip/xc16/v2.00/bin/bin/../../lib\libc99-pic30-elf.a(propnanfx.XX_o)
 .debug_info      0x007307         0x9d c:/program files/microchip/xc16/v2.00/bin/bin/../../lib\libc99-pic30-elf.a(spackfx.XX_o)
 .debug_info      0x0073a4         0x9e c:/program files/microchip/xc16/v2.00/bin/bin/../../lib\libc99-pic30-elf.a(unpackfx.XX_o)
 .debug_info      0x007442         0x8e c:/program files/microchip/xc16/v2.00/bin/bin/../../lib\libc99-pic30-elf.a(fcompare.XX_o)
 .debug_info      0x0074d0         0x8e c:/program files/microchip/xc16/v2.00/bin/bin/../../lib\libc99-pic30-elf.a(funpack2.XX_o)
 .debug_info      0x00755e         0x8d c:/program files/microchip/xc16/v2.00/bin/bin/../../lib\libc99-pic30-elf.a(umuldi3.XX_o)
 .debug_info      0x0075eb         0x8d c:/program files/microchip/xc16/v2.00/bin/bin/../../lib\libc99-pic30-elf.a(deqltle.XX_o)
 .debug_info      0x007678         0x8b c:/program files/microchip/xc16/v2.00/bin/bin/../../lib\libc99-pic30-elf.a(dgtge.XX_o)
 .debug_info      0x007703         0x8c c:/program files/microchip/xc16/v2.00/bin/bin/../../lib\libc99-pic30-elf.a(divsi3.XX_o)
 .debug_info      0x00778f         0x89 c:/program files/microchip/xc16/v2.00/bin/bin/../../lib\libc99-pic30-elf.a(dne.XX_o)
 .debug_info      0x007818         0x90 c:/program files/microchip/xc16/v2.00/bin/bin/../../lib\libc99-pic30-elf.a(extendsfdf.XX_o)
 .debug_info      0x0078a8         0x8d c:/program files/microchip/xc16/v2.00/bin/bin/../../lib\libc99-pic30-elf.a(fixdfsi.XX_o)
 .debug_info      0x007935         0x8f c:/program files/microchip/xc16/v2.00/bin/bin/../../lib\libc99-pic30-elf.a(floatsidf.XX_o)
 .debug_info      0x0079c4         0x8f c:/program files/microchip/xc16/v2.00/bin/bin/../../lib\libc99-pic30-elf.a(floatsisf.XX_o)
 .debug_info      0x007a53         0x91 c:/program files/microchip/xc16/v2.00/bin/bin/../../lib\libc99-pic30-elf.a(floatunsidf.XX_o)
 .debug_info      0x007ae4         0x8f c:/program files/microchip/xc16/v2.00/bin/bin/../../lib\libc99-pic30-elf.a(truncdfsf.XX_o)
 .debug_info      0x007b73         0x8d c:/program files/microchip/xc16/v2.00/bin/bin/../../lib\libc99-pic30-elf.a(umodsi3.XX_o)
 .debug_info      0x007c00         0x8c c:/program files/microchip/xc16/v2.00/bin/bin/../../lib\libc99-pic30-elf.a(mulsi3.XX_o)
 .debug_info      0x007c8c         0xa9 c:/program files/microchip/xc16/v2.00/bin/bin/../../lib\libc99-pic30-elf.a(dpadd.XX_o)
 .debug_info      0x007d35         0xa9 c:/program files/microchip/xc16/v2.00/bin/bin/../../lib\libc99-pic30-elf.a(dpdiv.XX_o)
 .debug_info      0x007dde         0xa9 c:/program files/microchip/xc16/v2.00/bin/bin/../../lib\libc99-pic30-elf.a(dpmul.XX_o)
 .debug_info      0x007e87         0xaa c:/program files/microchip/xc16/v2.00/bin/bin/../../lib\libc99-pic30-elf.a(dpsubs.XX_o)
 .debug_info      0x007f31         0x8e c:/program files/microchip/xc16/v2.00/bin/bin/../../lib\libc99-pic30-elf.a(dcompare.XX_o)
 .debug_info      0x007fbf         0x8b c:/program files/microchip/xc16/v2.00/bin/bin/../../lib\libc99-pic30-elf.a(dtype.XX_o)
 .debug_info      0x00804a         0x8d c:/program files/microchip/xc16/v2.00/bin/bin/../../lib\libc99-pic30-elf.a(dunpack.XX_o)
 .debug_info      0x0080d7         0x8e c:/program files/microchip/xc16/v2.00/bin/bin/../../lib\libc99-pic30-elf.a(dunpack2.XX_o)
 .debug_info      0x008165         0x8f c:/program files/microchip/xc16/v2.00/bin/bin/../../lib\libc99-pic30-elf.a(floatdidf.XX_o)
 .debug_info      0x0081f4         0x8f c:/program files/microchip/xc16/v2.00/bin/bin/../../lib\libc99-pic30-elf.a(floatdisf.XX_o)
 .debug_info      0x008283         0x91 c:/program files/microchip/xc16/v2.00/bin/bin/../../lib\libc99-pic30-elf.a(floatundidf.XX_o)
 .debug_info      0x008314         0x8b c:/program files/microchip/xc16/v2.00/bin/bin/../../lib\libc99-pic30-elf.a(dpack.XX_o)
 .debug_info      0x00839f         0x93 c:/program files/microchip/xc16/v2.00/bin/bin/../../lib\libc99-pic30-elf.a(dpropagateNaN.XX_o)
 *(.gnu.linkonce.wi.*)

.debug_abbrev     0x000000       0x13dc
 *(.debug_abbrev)
 .debug_abbrev    0x000000         0xe0 build/default/production/timer.o
 .debug_abbrev    0x0000e0         0x7a build/default/production/systemTimer.o
 .debug_abbrev    0x00015a         0xa0 build/default/production/led_Led1.o
 .debug_abbrev    0x0001fa         0xa0 build/default/production/led_Led2.o
 .debug_abbrev    0x00029a         0x1f build/default/production/timer_api1.o
 .debug_abbrev    0x0002b9        0x133 build/default/production/streamIn.o
 .debug_abbrev    0x0003ec        0x102 build/default/production/pmp.o
 .debug_abbrev    0x0004ee         0xde build/default/production/SSD1322_OLED.o
 .debug_abbrev    0x0005cc        0x163 build/default/production/Graphics_OLED.o
 .debug_abbrev    0x00072f        0x134 build/default/production/Edit_Edit1.o
 .debug_abbrev    0x000863        0x13a build/default/production/Keyboard_Pad.o
 .debug_abbrev    0x00099d        0x13a build/default/production/Keyboard_Nav.o
 .debug_abbrev    0x000ad7         0xcc build/default/production/stream.o
 .debug_abbrev    0x000ba3        0x13b build/default/production/I2C2.o
 .debug_abbrev    0x000cde        0x191 build/default/production/I2C2_driver.o
 .debug_abbrev    0x000e6f         0xf2 build/default/production/EMICBus.o
 .debug_abbrev    0x000f61         0x70 build/default/production/main.o
 .debug_abbrev    0x000fd1         0x87 build/default/production/userFncFile.o
 .debug_abbrev    0x001058         0x14 c:/program files/microchip/xc16/v2.00/bin/bin/../../lib\libc99-pic30-elf.a(feqltle.XX_o)
 .debug_abbrev    0x00106c         0x14 c:/program files/microchip/xc16/v2.00/bin/bin/../../lib\libc99-pic30-elf.a(fixunssfdi.XX_o)
 .debug_abbrev    0x001080         0x14 c:/program files/microchip/xc16/v2.00/bin/bin/../../lib\libc99-pic30-elf.a(fixunssfsi.XX_o)
 .debug_abbrev    0x001094         0x14 c:/program files/microchip/xc16/v2.00/bin/bin/../../lib\libc99-pic30-elf.a(floatundisf.XX_o)
 .debug_abbrev    0x0010a8         0x14 c:/program files/microchip/xc16/v2.00/bin/bin/../../lib\libc99-pic30-elf.a(floatunsisf.XX_o)
 .debug_abbrev    0x0010bc         0x14 c:/program files/microchip/xc16/v2.00/bin/bin/../../lib\libc99-pic30-elf.a(fpack.XX_o)
 .debug_abbrev    0x0010d0         0x14 c:/program files/microchip/xc16/v2.00/bin/bin/../../lib\libc99-pic30-elf.a(funpack.XX_o)
 .debug_abbrev    0x0010e4         0x14 c:/program files/microchip/xc16/v2.00/bin/bin/../../lib\libc99-pic30-elf.a(udivsi3.XX_o)
 .debug_abbrev    0x0010f8         0x14 c:/program files/microchip/xc16/v2.00/bin/bin/../../lib\libc99-pic30-elf.a(addsf3x.XX_o)
 .debug_abbrev    0x00110c         0x14 c:/program files/microchip/xc16/v2.00/bin/bin/../../lib\libc99-pic30-elf.a(divsf3x.XX_o)
 .debug_abbrev    0x001120         0x14 c:/program files/microchip/xc16/v2.00/bin/bin/../../lib\libc99-pic30-elf.a(mulsf3x.XX_o)
 .debug_abbrev    0x001134         0x14 c:/program files/microchip/xc16/v2.00/bin/bin/../../lib\libc99-pic30-elf.a(dnrmpackfx.XX_o)
 .debug_abbrev    0x001148         0x14 c:/program files/microchip/xc16/v2.00/bin/bin/../../lib\libc99-pic30-elf.a(unpackdnrmfx.XX_o)
 .debug_abbrev    0x00115c         0x14 c:/program files/microchip/xc16/v2.00/bin/bin/../../lib\libc99-pic30-elf.a(typefx.XX_o)
 .debug_abbrev    0x001170         0x14 c:/program files/microchip/xc16/v2.00/bin/bin/../../lib\libc99-pic30-elf.a(propnanfx.XX_o)
 .debug_abbrev    0x001184         0x14 c:/program files/microchip/xc16/v2.00/bin/bin/../../lib\libc99-pic30-elf.a(spackfx.XX_o)
 .debug_abbrev    0x001198         0x14 c:/program files/microchip/xc16/v2.00/bin/bin/../../lib\libc99-pic30-elf.a(unpackfx.XX_o)
 .debug_abbrev    0x0011ac         0x14 c:/program files/microchip/xc16/v2.00/bin/bin/../../lib\libc99-pic30-elf.a(fcompare.XX_o)
 .debug_abbrev    0x0011c0         0x14 c:/program files/microchip/xc16/v2.00/bin/bin/../../lib\libc99-pic30-elf.a(funpack2.XX_o)
 .debug_abbrev    0x0011d4         0x14 c:/program files/microchip/xc16/v2.00/bin/bin/../../lib\libc99-pic30-elf.a(umuldi3.XX_o)
 .debug_abbrev    0x0011e8         0x14 c:/program files/microchip/xc16/v2.00/bin/bin/../../lib\libc99-pic30-elf.a(deqltle.XX_o)
 .debug_abbrev    0x0011fc         0x14 c:/program files/microchip/xc16/v2.00/bin/bin/../../lib\libc99-pic30-elf.a(dgtge.XX_o)
 .debug_abbrev    0x001210         0x14 c:/program files/microchip/xc16/v2.00/bin/bin/../../lib\libc99-pic30-elf.a(divsi3.XX_o)
 .debug_abbrev    0x001224         0x14 c:/program files/microchip/xc16/v2.00/bin/bin/../../lib\libc99-pic30-elf.a(dne.XX_o)
 .debug_abbrev    0x001238         0x14 c:/program files/microchip/xc16/v2.00/bin/bin/../../lib\libc99-pic30-elf.a(extendsfdf.XX_o)
 .debug_abbrev    0x00124c         0x14 c:/program files/microchip/xc16/v2.00/bin/bin/../../lib\libc99-pic30-elf.a(fixdfsi.XX_o)
 .debug_abbrev    0x001260         0x14 c:/program files/microchip/xc16/v2.00/bin/bin/../../lib\libc99-pic30-elf.a(floatsidf.XX_o)
 .debug_abbrev    0x001274         0x14 c:/program files/microchip/xc16/v2.00/bin/bin/../../lib\libc99-pic30-elf.a(floatsisf.XX_o)
 .debug_abbrev    0x001288         0x14 c:/program files/microchip/xc16/v2.00/bin/bin/../../lib\libc99-pic30-elf.a(floatunsidf.XX_o)
 .debug_abbrev    0x00129c         0x14 c:/program files/microchip/xc16/v2.00/bin/bin/../../lib\libc99-pic30-elf.a(truncdfsf.XX_o)
 .debug_abbrev    0x0012b0         0x14 c:/program files/microchip/xc16/v2.00/bin/bin/../../lib\libc99-pic30-elf.a(umodsi3.XX_o)
 .debug_abbrev    0x0012c4         0x14 c:/program files/microchip/xc16/v2.00/bin/bin/../../lib\libc99-pic30-elf.a(mulsi3.XX_o)
 .debug_abbrev    0x0012d8         0x14 c:/program files/microchip/xc16/v2.00/bin/bin/../../lib\libc99-pic30-elf.a(dpadd.XX_o)
 .debug_abbrev    0x0012ec         0x14 c:/program files/microchip/xc16/v2.00/bin/bin/../../lib\libc99-pic30-elf.a(dpdiv.XX_o)
 .debug_abbrev    0x001300         0x14 c:/program files/microchip/xc16/v2.00/bin/bin/../../lib\libc99-pic30-elf.a(dpmul.XX_o)
 .debug_abbrev    0x001314         0x14 c:/program files/microchip/xc16/v2.00/bin/bin/../../lib\libc99-pic30-elf.a(dpsubs.XX_o)
 .debug_abbrev    0x001328         0x14 c:/program files/microchip/xc16/v2.00/bin/bin/../../lib\libc99-pic30-elf.a(dcompare.XX_o)
 .debug_abbrev    0x00133c         0x14 c:/program files/microchip/xc16/v2.00/bin/bin/../../lib\libc99-pic30-elf.a(dtype.XX_o)
 .debug_abbrev    0x001350         0x14 c:/program files/microchip/xc16/v2.00/bin/bin/../../lib\libc99-pic30-elf.a(dunpack.XX_o)
 .debug_abbrev    0x001364         0x14 c:/program files/microchip/xc16/v2.00/bin/bin/../../lib\libc99-pic30-elf.a(dunpack2.XX_o)
 .debug_abbrev    0x001378         0x14 c:/program files/microchip/xc16/v2.00/bin/bin/../../lib\libc99-pic30-elf.a(floatdidf.XX_o)
 .debug_abbrev    0x00138c         0x14 c:/program files/microchip/xc16/v2.00/bin/bin/../../lib\libc99-pic30-elf.a(floatdisf.XX_o)
 .debug_abbrev    0x0013a0         0x14 c:/program files/microchip/xc16/v2.00/bin/bin/../../lib\libc99-pic30-elf.a(floatundidf.XX_o)
 .debug_abbrev    0x0013b4         0x14 c:/program files/microchip/xc16/v2.00/bin/bin/../../lib\libc99-pic30-elf.a(dpack.XX_o)
 .debug_abbrev    0x0013c8         0x14 c:/program files/microchip/xc16/v2.00/bin/bin/../../lib\libc99-pic30-elf.a(dpropagateNaN.XX_o)

.debug_line       0x000000       0x2620
 *(.debug_line)
 .debug_line      0x000000        0x118 build/default/production/timer.o
 .debug_line      0x000118         0x8f build/default/production/systemTimer.o
 .debug_line      0x0001a7        0x100 build/default/production/led_Led1.o
 .debug_line      0x0002a7        0x100 build/default/production/led_Led2.o
 .debug_line      0x0003a7         0x1a build/default/production/timer_api1.o
 .debug_line      0x0003c1        0x1a0 build/default/production/streamIn.o
 .debug_line      0x000561         0xf9 build/default/production/pmp.o
 .debug_line      0x00065a        0x163 build/default/production/SSD1322_OLED.o
 .debug_line      0x0007bd        0x186 build/default/production/Graphics_OLED.o
 .debug_line      0x000943        0x17c build/default/production/Edit_Edit1.o
 .debug_line      0x000abf        0x154 build/default/production/Keyboard_Pad.o
 .debug_line      0x000c13        0x153 build/default/production/Keyboard_Nav.o
 .debug_line      0x000d66         0xc9 build/default/production/stream.o
 .debug_line      0x000e2f        0x14a build/default/production/I2C2.o
 .debug_line      0x000f79        0x158 build/default/production/I2C2_driver.o
 .debug_line      0x0010d1         0xe2 build/default/production/EMICBus.o
 .debug_line      0x0011b3        0x10f build/default/production/main.o
 .debug_line      0x0012c2         0x92 build/default/production/userFncFile.o
 .debug_line      0x001354         0x37 c:/program files/microchip/xc16/v2.00/bin/bin/../../lib\libc99-pic30-elf.a(feqltle.XX_o)
 .debug_line      0x00138b         0x59 c:/program files/microchip/xc16/v2.00/bin/bin/../../lib\libc99-pic30-elf.a(fixunssfdi.XX_o)
 .debug_line      0x0013e4         0x53 c:/program files/microchip/xc16/v2.00/bin/bin/../../lib\libc99-pic30-elf.a(fixunssfsi.XX_o)
 .debug_line      0x001437         0x6c c:/program files/microchip/xc16/v2.00/bin/bin/../../lib\libc99-pic30-elf.a(floatundisf.XX_o)
 .debug_line      0x0014a3         0x3b c:/program files/microchip/xc16/v2.00/bin/bin/../../lib\libc99-pic30-elf.a(floatunsisf.XX_o)
 .debug_line      0x0014de         0x5a c:/program files/microchip/xc16/v2.00/bin/bin/../../lib\libc99-pic30-elf.a(fpack.XX_o)
 .debug_line      0x001538         0x4a c:/program files/microchip/xc16/v2.00/bin/bin/../../lib\libc99-pic30-elf.a(funpack.XX_o)
 .debug_line      0x001582         0x45 c:/program files/microchip/xc16/v2.00/bin/bin/../../lib\libc99-pic30-elf.a(udivsi3.XX_o)
 .debug_line      0x0015c7        0x136 c:/program files/microchip/xc16/v2.00/bin/bin/../../lib\libc99-pic30-elf.a(addsf3x.XX_o)
 .debug_line      0x0016fd        0x124 c:/program files/microchip/xc16/v2.00/bin/bin/../../lib\libc99-pic30-elf.a(divsf3x.XX_o)
 .debug_line      0x001821         0xcc c:/program files/microchip/xc16/v2.00/bin/bin/../../lib\libc99-pic30-elf.a(mulsf3x.XX_o)
 .debug_line      0x0018ed         0x72 c:/program files/microchip/xc16/v2.00/bin/bin/../../lib\libc99-pic30-elf.a(dnrmpackfx.XX_o)
 .debug_line      0x00195f         0x7a c:/program files/microchip/xc16/v2.00/bin/bin/../../lib\libc99-pic30-elf.a(unpackdnrmfx.XX_o)
 .debug_line      0x0019d9         0x5e c:/program files/microchip/xc16/v2.00/bin/bin/../../lib\libc99-pic30-elf.a(typefx.XX_o)
 .debug_line      0x001a37         0x51 c:/program files/microchip/xc16/v2.00/bin/bin/../../lib\libc99-pic30-elf.a(propnanfx.XX_o)
 .debug_line      0x001a88         0x98 c:/program files/microchip/xc16/v2.00/bin/bin/../../lib\libc99-pic30-elf.a(spackfx.XX_o)
 .debug_line      0x001b20         0x79 c:/program files/microchip/xc16/v2.00/bin/bin/../../lib\libc99-pic30-elf.a(unpackfx.XX_o)
 .debug_line      0x001b99         0x1a c:/program files/microchip/xc16/v2.00/bin/bin/../../lib\libc99-pic30-elf.a(errno.XX_o)
 .debug_line      0x001bb3         0x53 c:/program files/microchip/xc16/v2.00/bin/bin/../../lib\libc99-pic30-elf.a(fcompare.XX_o)
 .debug_line      0x001c06         0x3e c:/program files/microchip/xc16/v2.00/bin/bin/../../lib\libc99-pic30-elf.a(funpack2.XX_o)
 .debug_line      0x001c44         0x57 c:/program files/microchip/xc16/v2.00/bin/bin/../../lib\libc99-pic30-elf.a(umuldi3.XX_o)
 .debug_line      0x001c9b         0x3a c:/program files/microchip/xc16/v2.00/bin/bin/../../lib\libc99-pic30-elf.a(deqltle.XX_o)
 .debug_line      0x001cd5         0x38 c:/program files/microchip/xc16/v2.00/bin/bin/../../lib\libc99-pic30-elf.a(dgtge.XX_o)
 .debug_line      0x001d0d         0x43 c:/program files/microchip/xc16/v2.00/bin/bin/../../lib\libc99-pic30-elf.a(divsi3.XX_o)
 .debug_line      0x001d50         0x36 c:/program files/microchip/xc16/v2.00/bin/bin/../../lib\libc99-pic30-elf.a(dne.XX_o)
 .debug_line      0x001d86         0x59 c:/program files/microchip/xc16/v2.00/bin/bin/../../lib\libc99-pic30-elf.a(extendsfdf.XX_o)
 .debug_line      0x001ddf         0x61 c:/program files/microchip/xc16/v2.00/bin/bin/../../lib\libc99-pic30-elf.a(fixdfsi.XX_o)
 .debug_line      0x001e40         0x3a c:/program files/microchip/xc16/v2.00/bin/bin/../../lib\libc99-pic30-elf.a(floatsidf.XX_o)
 .debug_line      0x001e7a         0x3a c:/program files/microchip/xc16/v2.00/bin/bin/../../lib\libc99-pic30-elf.a(floatsisf.XX_o)
 .debug_line      0x001eb4         0x3b c:/program files/microchip/xc16/v2.00/bin/bin/../../lib\libc99-pic30-elf.a(floatunsidf.XX_o)
 .debug_line      0x001eef         0x66 c:/program files/microchip/xc16/v2.00/bin/bin/../../lib\libc99-pic30-elf.a(truncdfsf.XX_o)
 .debug_line      0x001f55         0x38 c:/program files/microchip/xc16/v2.00/bin/bin/../../lib\libc99-pic30-elf.a(umodsi3.XX_o)
 .debug_line      0x001f8d         0x3a c:/program files/microchip/xc16/v2.00/bin/bin/../../lib\libc99-pic30-elf.a(mulsi3.XX_o)
 .debug_line      0x001fc7         0xa2 c:/program files/microchip/xc16/v2.00/bin/bin/../../lib\libc99-pic30-elf.a(dpadd.XX_o)
 .debug_line      0x002069        0x100 c:/program files/microchip/xc16/v2.00/bin/bin/../../lib\libc99-pic30-elf.a(dpdiv.XX_o)
 .debug_line      0x002169         0xde c:/program files/microchip/xc16/v2.00/bin/bin/../../lib\libc99-pic30-elf.a(dpmul.XX_o)
 .debug_line      0x002247         0xe8 c:/program files/microchip/xc16/v2.00/bin/bin/../../lib\libc99-pic30-elf.a(dpsubs.XX_o)
 .debug_line      0x00232f         0x5f c:/program files/microchip/xc16/v2.00/bin/bin/../../lib\libc99-pic30-elf.a(dcompare.XX_o)
 .debug_line      0x00238e         0x45 c:/program files/microchip/xc16/v2.00/bin/bin/../../lib\libc99-pic30-elf.a(dtype.XX_o)
 .debug_line      0x0023d3         0x5c c:/program files/microchip/xc16/v2.00/bin/bin/../../lib\libc99-pic30-elf.a(dunpack.XX_o)
 .debug_line      0x00242f         0x53 c:/program files/microchip/xc16/v2.00/bin/bin/../../lib\libc99-pic30-elf.a(dunpack2.XX_o)
 .debug_line      0x002482         0x47 c:/program files/microchip/xc16/v2.00/bin/bin/../../lib\libc99-pic30-elf.a(floatdidf.XX_o)
 .debug_line      0x0024c9         0x47 c:/program files/microchip/xc16/v2.00/bin/bin/../../lib\libc99-pic30-elf.a(floatdisf.XX_o)
 .debug_line      0x002510         0x68 c:/program files/microchip/xc16/v2.00/bin/bin/../../lib\libc99-pic30-elf.a(floatundidf.XX_o)
 .debug_line      0x002578         0x5f c:/program files/microchip/xc16/v2.00/bin/bin/../../lib\libc99-pic30-elf.a(dpack.XX_o)
 .debug_line      0x0025d7         0x49 c:/program files/microchip/xc16/v2.00/bin/bin/../../lib\libc99-pic30-elf.a(dpropagateNaN.XX_o)

.debug_frame      0x000000        0xe8e
 *(.debug_frame)
 .debug_frame     0x000000         0x74 build/default/production/timer.o
 .debug_frame     0x000074         0x62 build/default/production/systemTimer.o
 .debug_frame     0x0000d6         0x2e build/default/production/led_Led1.o
 .debug_frame     0x000104         0x2e build/default/production/led_Led2.o
 .debug_frame     0x000132        0x18c build/default/production/streamIn.o
 .debug_frame     0x0002be         0x7c build/default/production/pmp.o
 .debug_frame     0x00033a        0x118 build/default/production/SSD1322_OLED.o
 .debug_frame     0x000452        0x168 build/default/production/Graphics_OLED.o
 .debug_frame     0x0005ba        0x1c4 build/default/production/Edit_Edit1.o
 .debug_frame     0x00077e         0xb0 build/default/production/Keyboard_Pad.o
 .debug_frame     0x00082e         0xb0 build/default/production/Keyboard_Nav.o
 .debug_frame     0x0008de         0xca build/default/production/stream.o
 .debug_frame     0x0009a8        0x1f2 build/default/production/I2C2.o
 .debug_frame     0x000b9a        0x202 build/default/production/I2C2_driver.o
 .debug_frame     0x000d9c         0x62 build/default/production/EMICBus.o
 .debug_frame     0x000dfe         0x48 build/default/production/main.o
 .debug_frame     0x000e46         0x48 build/default/production/userFncFile.o

.debug_str        0x000000        0x1d2
 *(.debug_str)
 .debug_str       0x000000         0x12 build/default/production/timer.o
 .debug_str       0x000012          0xa build/default/production/led_Led1.o
 .debug_str       0x00001c          0xa build/default/production/led_Led2.o
 .debug_str       0x000026          0xe build/default/production/streamIn.o
 .debug_str       0x000034          0xb build/default/production/pmp.o
 .debug_str       0x00003f         0x26 build/default/production/SSD1322_OLED.o
 .debug_str       0x000065         0x41 build/default/production/Graphics_OLED.o
 .debug_str       0x0000a6         0x45 build/default/production/Keyboard_Pad.o
 .debug_str       0x0000eb         0x31 build/default/production/Keyboard_Nav.o
 .debug_str       0x00011c          0x7 build/default/production/stream.o
 .debug_str       0x000123         0x2b build/default/production/I2C2.o
 .debug_str       0x00014e         0x52 build/default/production/I2C2_driver.o
 .debug_str       0x0001a0         0x32 build/default/production/EMICBus.o

.debug_loc
 *(.debug_loc)

.debug_macinfo
 *(.debug_macinfo)

.debug_pubnames
                  0x000000        0xa8d
 *(.debug_pubnames)
 .debug_pubnames
                  0x000000         0x33 build/default/production/timer.o
 .debug_pubnames
                  0x000033         0x45 build/default/production/systemTimer.o
 .debug_pubnames
                  0x000078         0x25 build/default/production/led_Led1.o
 .debug_pubnames
                  0x00009d         0x25 build/default/production/led_Led2.o
 .debug_pubnames
                  0x0000c2        0x16c build/default/production/streamIn.o
 .debug_pubnames
                  0x00022e         0x49 build/default/production/pmp.o
 .debug_pubnames
                  0x000277        0x112 build/default/production/SSD1322_OLED.o
 .debug_pubnames
                  0x000389        0x10e build/default/production/Graphics_OLED.o
 .debug_pubnames
                  0x000497         0x8b build/default/production/Edit_Edit1.o
 .debug_pubnames
                  0x000522         0x57 build/default/production/Keyboard_Pad.o
 .debug_pubnames
                  0x000579         0x57 build/default/production/Keyboard_Nav.o
 .debug_pubnames
                  0x0005d0         0xa5 build/default/production/stream.o
 .debug_pubnames
                  0x000675        0x13f build/default/production/I2C2.o
 .debug_pubnames
                  0x0007b4        0x231 build/default/production/I2C2_driver.o
 .debug_pubnames
                  0x0009e5         0x3d build/default/production/EMICBus.o
 .debug_pubnames
                  0x000a22         0x2a build/default/production/main.o
 .debug_pubnames
                  0x000a4c         0x41 build/default/production/userFncFile.o

.debug_ranges
 *(.debug_ranges)

.debug_aranges    0x000000        0x5d0
 *(.debug_aranges)
 .debug_aranges
                  0x000000         0x18 build/default/production/timer.o
 .debug_aranges
                  0x000018         0x18 build/default/production/systemTimer.o
 .debug_aranges
                  0x000030         0x18 build/default/production/led_Led1.o
 .debug_aranges
                  0x000048         0x18 build/default/production/led_Led2.o
 .debug_aranges
                  0x000060         0x18 build/default/production/streamIn.o
 .debug_aranges
                  0x000078         0x18 build/default/production/pmp.o
 .debug_aranges
                  0x000090         0x18 build/default/production/SSD1322_OLED.o
 .debug_aranges
                  0x0000a8         0x18 build/default/production/Graphics_OLED.o
 .debug_aranges
                  0x0000c0         0x18 build/default/production/Edit_Edit1.o
 .debug_aranges
                  0x0000d8         0x18 build/default/production/Keyboard_Pad.o
 .debug_aranges
                  0x0000f0         0x18 build/default/production/Keyboard_Nav.o
 .debug_aranges
                  0x000108         0x18 build/default/production/stream.o
 .debug_aranges
                  0x000120         0x18 build/default/production/I2C2.o
 .debug_aranges
                  0x000138         0x18 build/default/production/I2C2_driver.o
 .debug_aranges
                  0x000150         0x18 build/default/production/EMICBus.o
 .debug_aranges
                  0x000168         0x18 build/default/production/main.o
 .debug_aranges
                  0x000180         0x18 build/default/production/userFncFile.o
 .debug_aranges
                  0x000198         0x18 c:/program files/microchip/xc16/v2.00/bin/bin/../../lib\libc99-pic30-elf.a(feqltle.XX_o)
 .debug_aranges
                  0x0001b0         0x18 c:/program files/microchip/xc16/v2.00/bin/bin/../../lib\libc99-pic30-elf.a(fixunssfdi.XX_o)
 .debug_aranges
                  0x0001c8         0x18 c:/program files/microchip/xc16/v2.00/bin/bin/../../lib\libc99-pic30-elf.a(fixunssfsi.XX_o)
 .debug_aranges
                  0x0001e0         0x18 c:/program files/microchip/xc16/v2.00/bin/bin/../../lib\libc99-pic30-elf.a(floatundisf.XX_o)
 .debug_aranges
                  0x0001f8         0x18 c:/program files/microchip/xc16/v2.00/bin/bin/../../lib\libc99-pic30-elf.a(floatunsisf.XX_o)
 .debug_aranges
                  0x000210         0x18 c:/program files/microchip/xc16/v2.00/bin/bin/../../lib\libc99-pic30-elf.a(fpack.XX_o)
 .debug_aranges
                  0x000228         0x18 c:/program files/microchip/xc16/v2.00/bin/bin/../../lib\libc99-pic30-elf.a(funpack.XX_o)
 .debug_aranges
                  0x000240         0x18 c:/program files/microchip/xc16/v2.00/bin/bin/../../lib\libc99-pic30-elf.a(udivsi3.XX_o)
 .debug_aranges
                  0x000258         0x18 c:/program files/microchip/xc16/v2.00/bin/bin/../../lib\libc99-pic30-elf.a(addsf3x.XX_o)
 .debug_aranges
                  0x000270         0x18 c:/program files/microchip/xc16/v2.00/bin/bin/../../lib\libc99-pic30-elf.a(divsf3x.XX_o)
 .debug_aranges
                  0x000288         0x18 c:/program files/microchip/xc16/v2.00/bin/bin/../../lib\libc99-pic30-elf.a(mulsf3x.XX_o)
 .debug_aranges
                  0x0002a0         0x18 c:/program files/microchip/xc16/v2.00/bin/bin/../../lib\libc99-pic30-elf.a(dnrmpackfx.XX_o)
 .debug_aranges
                  0x0002b8         0x18 c:/program files/microchip/xc16/v2.00/bin/bin/../../lib\libc99-pic30-elf.a(unpackdnrmfx.XX_o)
 .debug_aranges
                  0x0002d0         0x18 c:/program files/microchip/xc16/v2.00/bin/bin/../../lib\libc99-pic30-elf.a(typefx.XX_o)
 .debug_aranges
                  0x0002e8         0x18 c:/program files/microchip/xc16/v2.00/bin/bin/../../lib\libc99-pic30-elf.a(propnanfx.XX_o)
 .debug_aranges
                  0x000300         0x18 c:/program files/microchip/xc16/v2.00/bin/bin/../../lib\libc99-pic30-elf.a(spackfx.XX_o)
 .debug_aranges
                  0x000318         0x18 c:/program files/microchip/xc16/v2.00/bin/bin/../../lib\libc99-pic30-elf.a(unpackfx.XX_o)
 .debug_aranges
                  0x000330         0x18 c:/program files/microchip/xc16/v2.00/bin/bin/../../lib\libc99-pic30-elf.a(fcompare.XX_o)
 .debug_aranges
                  0x000348         0x18 c:/program files/microchip/xc16/v2.00/bin/bin/../../lib\libc99-pic30-elf.a(funpack2.XX_o)
 .debug_aranges
                  0x000360         0x18 c:/program files/microchip/xc16/v2.00/bin/bin/../../lib\libc99-pic30-elf.a(umuldi3.XX_o)
 .debug_aranges
                  0x000378         0x18 c:/program files/microchip/xc16/v2.00/bin/bin/../../lib\libc99-pic30-elf.a(deqltle.XX_o)
 .debug_aranges
                  0x000390         0x18 c:/program files/microchip/xc16/v2.00/bin/bin/../../lib\libc99-pic30-elf.a(dgtge.XX_o)
 .debug_aranges
                  0x0003a8         0x18 c:/program files/microchip/xc16/v2.00/bin/bin/../../lib\libc99-pic30-elf.a(divsi3.XX_o)
 .debug_aranges
                  0x0003c0         0x18 c:/program files/microchip/xc16/v2.00/bin/bin/../../lib\libc99-pic30-elf.a(dne.XX_o)
 .debug_aranges
                  0x0003d8         0x18 c:/program files/microchip/xc16/v2.00/bin/bin/../../lib\libc99-pic30-elf.a(extendsfdf.XX_o)
 .debug_aranges
                  0x0003f0         0x18 c:/program files/microchip/xc16/v2.00/bin/bin/../../lib\libc99-pic30-elf.a(fixdfsi.XX_o)
 .debug_aranges
                  0x000408         0x18 c:/program files/microchip/xc16/v2.00/bin/bin/../../lib\libc99-pic30-elf.a(floatsidf.XX_o)
 .debug_aranges
                  0x000420         0x18 c:/program files/microchip/xc16/v2.00/bin/bin/../../lib\libc99-pic30-elf.a(floatsisf.XX_o)
 .debug_aranges
                  0x000438         0x18 c:/program files/microchip/xc16/v2.00/bin/bin/../../lib\libc99-pic30-elf.a(floatunsidf.XX_o)
 .debug_aranges
                  0x000450         0x18 c:/program files/microchip/xc16/v2.00/bin/bin/../../lib\libc99-pic30-elf.a(truncdfsf.XX_o)
 .debug_aranges
                  0x000468         0x18 c:/program files/microchip/xc16/v2.00/bin/bin/../../lib\libc99-pic30-elf.a(umodsi3.XX_o)
 .debug_aranges
                  0x000480         0x18 c:/program files/microchip/xc16/v2.00/bin/bin/../../lib\libc99-pic30-elf.a(mulsi3.XX_o)
 .debug_aranges
                  0x000498         0x18 c:/program files/microchip/xc16/v2.00/bin/bin/../../lib\libc99-pic30-elf.a(dpadd.XX_o)
 .debug_aranges
                  0x0004b0         0x18 c:/program files/microchip/xc16/v2.00/bin/bin/../../lib\libc99-pic30-elf.a(dpdiv.XX_o)
 .debug_aranges
                  0x0004c8         0x18 c:/program files/microchip/xc16/v2.00/bin/bin/../../lib\libc99-pic30-elf.a(dpmul.XX_o)
 .debug_aranges
                  0x0004e0         0x18 c:/program files/microchip/xc16/v2.00/bin/bin/../../lib\libc99-pic30-elf.a(dpsubs.XX_o)
 .debug_aranges
                  0x0004f8         0x18 c:/program files/microchip/xc16/v2.00/bin/bin/../../lib\libc99-pic30-elf.a(dcompare.XX_o)
 .debug_aranges
                  0x000510         0x18 c:/program files/microchip/xc16/v2.00/bin/bin/../../lib\libc99-pic30-elf.a(dtype.XX_o)
 .debug_aranges
                  0x000528         0x18 c:/program files/microchip/xc16/v2.00/bin/bin/../../lib\libc99-pic30-elf.a(dunpack.XX_o)
 .debug_aranges
                  0x000540         0x18 c:/program files/microchip/xc16/v2.00/bin/bin/../../lib\libc99-pic30-elf.a(dunpack2.XX_o)
 .debug_aranges
                  0x000558         0x18 c:/program files/microchip/xc16/v2.00/bin/bin/../../lib\libc99-pic30-elf.a(floatdidf.XX_o)
 .debug_aranges
                  0x000570         0x18 c:/program files/microchip/xc16/v2.00/bin/bin/../../lib\libc99-pic30-elf.a(floatdisf.XX_o)
 .debug_aranges
                  0x000588         0x18 c:/program files/microchip/xc16/v2.00/bin/bin/../../lib\libc99-pic30-elf.a(floatundidf.XX_o)
 .debug_aranges
                  0x0005a0         0x18 c:/program files/microchip/xc16/v2.00/bin/bin/../../lib\libc99-pic30-elf.a(dpack.XX_o)
 .debug_aranges
                  0x0005b8         0x18 c:/program files/microchip/xc16/v2.00/bin/bin/../../lib\libc99-pic30-elf.a(dpropagateNaN.XX_o)
                    0x0000                  WREG0 = 0x0
                    0x0000                  _WREG0 = 0x0
                    0x0002                  WREG1 = 0x2
                    0x0002                  _WREG1 = 0x2
                    0x0004                  WREG2 = 0x4
                    0x0004                  _WREG2 = 0x4
                    0x0006                  WREG3 = 0x6
                    0x0006                  _WREG3 = 0x6
                    0x0008                  WREG4 = 0x8
                    0x0008                  _WREG4 = 0x8
                    0x000a                  WREG5 = 0xa
                    0x000a                  _WREG5 = 0xa
                    0x000c                  WREG6 = 0xc
                    0x000c                  _WREG6 = 0xc
                    0x000e                  WREG7 = 0xe
                    0x000e                  _WREG7 = 0xe
                    0x0010                  WREG8 = 0x10
                    0x0010                  _WREG8 = 0x10
                    0x0012                  WREG9 = 0x12
                    0x0012                  _WREG9 = 0x12
                    0x0014                  WREG10 = 0x14
                    0x0014                  _WREG10 = 0x14
                    0x0016                  WREG11 = 0x16
                    0x0016                  _WREG11 = 0x16
                    0x0018                  WREG12 = 0x18
                    0x0018                  _WREG12 = 0x18
                    0x001a                  WREG13 = 0x1a
                    0x001a                  _WREG13 = 0x1a
                    0x001c                  WREG14 = 0x1c
                    0x001c                  _WREG14 = 0x1c
                    0x001e                  WREG15 = 0x1e
                    0x001e                  _WREG15 = 0x1e
                    0x0020                  SPLIM = 0x20
                    0x0020                  _SPLIM = 0x20
                    0x002e                  PCL = 0x2e
                    0x002e                  _PCL = 0x2e
                    0x0030                  PCH = 0x30
                    0x0030                  _PCH = 0x30
                    0x0032                  TBLPAG = 0x32
                    0x0032                  _TBLPAG = 0x32
                    0x0034                  PSVPAG = 0x34
                    0x0034                  _PSVPAG = 0x34
                    0x0036                  RCOUNT = 0x36
                    0x0036                  _RCOUNT = 0x36
                    0x0042                  SR = 0x42
                    0x0042                  _SR = 0x42
                    0x0042                  _SRbits = 0x42
                    0x0044                  CORCON = 0x44
                    0x0044                  _CORCON = 0x44
                    0x0044                  _CORCONbits = 0x44
                    0x0052                  DISICNT = 0x52
                    0x0052                  _DISICNT = 0x52
                    0x0060                  CNEN1 = 0x60
                    0x0060                  _CNEN1 = 0x60
                    0x0060                  _CNEN1bits = 0x60
                    0x0062                  CNEN2 = 0x62
                    0x0062                  _CNEN2 = 0x62
                    0x0062                  _CNEN2bits = 0x62
                    0x0068                  CNPU1 = 0x68
                    0x0068                  _CNPU1 = 0x68
                    0x0068                  _CNPU1bits = 0x68
                    0x006a                  CNPU2 = 0x6a
                    0x006a                  _CNPU2 = 0x6a
                    0x006a                  _CNPU2bits = 0x6a
                    0x0080                  INTCON1 = 0x80
                    0x0080                  _INTCON1 = 0x80
                    0x0080                  _INTCON1bits = 0x80
                    0x0082                  INTCON2 = 0x82
                    0x0082                  _INTCON2 = 0x82
                    0x0082                  _INTCON2bits = 0x82
                    0x0084                  IFS0 = 0x84
                    0x0084                  _IFS0 = 0x84
                    0x0084                  _IFS0bits = 0x84
                    0x0086                  IFS1 = 0x86
                    0x0086                  _IFS1 = 0x86
                    0x0086                  _IFS1bits = 0x86
                    0x0088                  IFS2 = 0x88
                    0x0088                  _IFS2 = 0x88
                    0x0088                  _IFS2bits = 0x88
                    0x008a                  IFS3 = 0x8a
                    0x008a                  _IFS3 = 0x8a
                    0x008a                  _IFS3bits = 0x8a
                    0x008c                  IFS4 = 0x8c
                    0x008c                  _IFS4 = 0x8c
                    0x008c                  _IFS4bits = 0x8c
                    0x0094                  IEC0 = 0x94
                    0x0094                  _IEC0 = 0x94
                    0x0094                  _IEC0bits = 0x94
                    0x0096                  IEC1 = 0x96
                    0x0096                  _IEC1 = 0x96
                    0x0096                  _IEC1bits = 0x96
                    0x0098                  IEC2 = 0x98
                    0x0098                  _IEC2 = 0x98
                    0x0098                  _IEC2bits = 0x98
                    0x009a                  IEC3 = 0x9a
                    0x009a                  _IEC3 = 0x9a
                    0x009a                  _IEC3bits = 0x9a
                    0x009c                  IEC4 = 0x9c
                    0x009c                  _IEC4 = 0x9c
                    0x009c                  _IEC4bits = 0x9c
                    0x00a4                  IPC0 = 0xa4
                    0x00a4                  _IPC0 = 0xa4
                    0x00a4                  _IPC0bits = 0xa4
                    0x00a6                  IPC1 = 0xa6
                    0x00a6                  _IPC1 = 0xa6
                    0x00a6                  _IPC1bits = 0xa6
                    0x00a8                  IPC2 = 0xa8
                    0x00a8                  _IPC2 = 0xa8
                    0x00a8                  _IPC2bits = 0xa8
                    0x00aa                  IPC3 = 0xaa
                    0x00aa                  _IPC3 = 0xaa
                    0x00aa                  _IPC3bits = 0xaa
                    0x00ac                  IPC4 = 0xac
                    0x00ac                  _IPC4 = 0xac
                    0x00ac                  _IPC4bits = 0xac
                    0x00ae                  IPC5 = 0xae
                    0x00ae                  _IPC5 = 0xae
                    0x00ae                  _IPC5bits = 0xae
                    0x00b0                  IPC6 = 0xb0
                    0x00b0                  _IPC6 = 0xb0
                    0x00b0                  _IPC6bits = 0xb0
                    0x00b2                  IPC7 = 0xb2
                    0x00b2                  _IPC7 = 0xb2
                    0x00b2                  _IPC7bits = 0xb2
                    0x00b4                  IPC8 = 0xb4
                    0x00b4                  _IPC8 = 0xb4
                    0x00b4                  _IPC8bits = 0xb4
                    0x00b6                  IPC9 = 0xb6
                    0x00b6                  _IPC9 = 0xb6
                    0x00b6                  _IPC9bits = 0xb6
                    0x00b8                  IPC10 = 0xb8
                    0x00b8                  _IPC10 = 0xb8
                    0x00b8                  _IPC10bits = 0xb8
                    0x00ba                  IPC11 = 0xba
                    0x00ba                  _IPC11 = 0xba
                    0x00ba                  _IPC11bits = 0xba
                    0x00bc                  IPC12 = 0xbc
                    0x00bc                  _IPC12 = 0xbc
                    0x00bc                  _IPC12bits = 0xbc
                    0x00c2                  IPC15 = 0xc2
                    0x00c2                  _IPC15 = 0xc2
                    0x00c2                  _IPC15bits = 0xc2
                    0x00c4                  IPC16 = 0xc4
                    0x00c4                  _IPC16 = 0xc4
                    0x00c4                  _IPC16bits = 0xc4
                    0x00c8                  IPC18 = 0xc8
                    0x00c8                  _IPC18 = 0xc8
                    0x00c8                  _IPC18bits = 0xc8
                    0x00e0                  INTTREG = 0xe0
                    0x00e0                  _INTTREG = 0xe0
                    0x00e0                  _INTTREGbits = 0xe0
                    0x0100                  TMR1 = 0x100
                    0x0100                  _TMR1 = 0x100
                    0x0102                  PR1 = 0x102
                    0x0102                  _PR1 = 0x102
                    0x0104                  T1CON = 0x104
                    0x0104                  _T1CON = 0x104
                    0x0104                  _T1CONbits = 0x104
                    0x0106                  TMR2 = 0x106
                    0x0106                  _TMR2 = 0x106
                    0x0108                  TMR3HLD = 0x108
                    0x0108                  _TMR3HLD = 0x108
                    0x010a                  TMR3 = 0x10a
                    0x010a                  _TMR3 = 0x10a
                    0x010c                  PR2 = 0x10c
                    0x010c                  _PR2 = 0x10c
                    0x010e                  PR3 = 0x10e
                    0x010e                  _PR3 = 0x10e
                    0x0110                  T2CON = 0x110
                    0x0110                  _T2CON = 0x110
                    0x0110                  _T2CONbits = 0x110
                    0x0112                  T3CON = 0x112
                    0x0112                  _T3CON = 0x112
                    0x0112                  _T3CONbits = 0x112
                    0x0114                  TMR4 = 0x114
                    0x0114                  _TMR4 = 0x114
                    0x0116                  TMR5HLD = 0x116
                    0x0116                  _TMR5HLD = 0x116
                    0x0118                  TMR5 = 0x118
                    0x0118                  _TMR5 = 0x118
                    0x011a                  PR4 = 0x11a
                    0x011a                  _PR4 = 0x11a
                    0x011c                  PR5 = 0x11c
                    0x011c                  _PR5 = 0x11c
                    0x011e                  T4CON = 0x11e
                    0x011e                  _T4CON = 0x11e
                    0x011e                  _T4CONbits = 0x11e
                    0x0120                  T5CON = 0x120
                    0x0120                  _T5CON = 0x120
                    0x0120                  _T5CONbits = 0x120
                    0x0140                  IC1BUF = 0x140
                    0x0140                  _IC1BUF = 0x140
                    0x0142                  IC1CON = 0x142
                    0x0142                  _IC1CON = 0x142
                    0x0142                  _IC1CONbits = 0x142
                    0x0144                  IC2BUF = 0x144
                    0x0144                  _IC2BUF = 0x144
                    0x0146                  IC2CON = 0x146
                    0x0146                  _IC2CON = 0x146
                    0x0146                  _IC2CONbits = 0x146
                    0x0148                  IC3BUF = 0x148
                    0x0148                  _IC3BUF = 0x148
                    0x014a                  IC3CON = 0x14a
                    0x014a                  _IC3CON = 0x14a
                    0x014a                  _IC3CONbits = 0x14a
                    0x014c                  IC4BUF = 0x14c
                    0x014c                  _IC4BUF = 0x14c
                    0x014e                  IC4CON = 0x14e
                    0x014e                  _IC4CON = 0x14e
                    0x014e                  _IC4CONbits = 0x14e
                    0x0150                  IC5BUF = 0x150
                    0x0150                  _IC5BUF = 0x150
                    0x0152                  IC5CON = 0x152
                    0x0152                  _IC5CON = 0x152
                    0x0152                  _IC5CONbits = 0x152
                    0x0180                  OC1RS = 0x180
                    0x0180                  _OC1RS = 0x180
                    0x0182                  OC1R = 0x182
                    0x0182                  _OC1R = 0x182
                    0x0184                  OC1CON = 0x184
                    0x0184                  _OC1CON = 0x184
                    0x0184                  _OC1CONbits = 0x184
                    0x0186                  OC2RS = 0x186
                    0x0186                  _OC2RS = 0x186
                    0x0188                  OC2R = 0x188
                    0x0188                  _OC2R = 0x188
                    0x018a                  OC2CON = 0x18a
                    0x018a                  _OC2CON = 0x18a
                    0x018a                  _OC2CONbits = 0x18a
                    0x018c                  OC3RS = 0x18c
                    0x018c                  _OC3RS = 0x18c
                    0x018e                  OC3R = 0x18e
                    0x018e                  _OC3R = 0x18e
                    0x0190                  OC3CON = 0x190
                    0x0190                  _OC3CON = 0x190
                    0x0190                  _OC3CONbits = 0x190
                    0x0192                  OC4RS = 0x192
                    0x0192                  _OC4RS = 0x192
                    0x0194                  OC4R = 0x194
                    0x0194                  _OC4R = 0x194
                    0x0196                  OC4CON = 0x196
                    0x0196                  _OC4CON = 0x196
                    0x0196                  _OC4CONbits = 0x196
                    0x0198                  OC5RS = 0x198
                    0x0198                  _OC5RS = 0x198
                    0x019a                  OC5R = 0x19a
                    0x019a                  _OC5R = 0x19a
                    0x019c                  OC5CON = 0x19c
                    0x019c                  _OC5CON = 0x19c
                    0x019c                  _OC5CONbits = 0x19c
                    0x0200                  I2C1RCV = 0x200
                    0x0200                  _I2C1RCV = 0x200
                    0x0202                  I2C1TRN = 0x202
                    0x0202                  _I2C1TRN = 0x202
                    0x0204                  I2C1BRG = 0x204
                    0x0204                  _I2C1BRG = 0x204
                    0x0206                  I2C1CON = 0x206
                    0x0206                  _I2C1CON = 0x206
                    0x0206                  _I2C1CONbits = 0x206
                    0x0208                  I2C1STAT = 0x208
                    0x0208                  _I2C1STAT = 0x208
                    0x0208                  _I2C1STATbits = 0x208
                    0x020a                  I2C1ADD = 0x20a
                    0x020a                  _I2C1ADD = 0x20a
                    0x020c                  I2C1MSK = 0x20c
                    0x020c                  _I2C1MSK = 0x20c
                    0x0210                  I2C2RCV = 0x210
                    0x0210                  _I2C2RCV = 0x210
                    0x0212                  I2C2TRN = 0x212
                    0x0212                  _I2C2TRN = 0x212
                    0x0214                  I2C2BRG = 0x214
                    0x0214                  _I2C2BRG = 0x214
                    0x0216                  I2C2CON = 0x216
                    0x0216                  _I2C2CON = 0x216
                    0x0216                  _I2C2CONbits = 0x216
                    0x0218                  I2C2STAT = 0x218
                    0x0218                  _I2C2STAT = 0x218
                    0x0218                  _I2C2STATbits = 0x218
                    0x021a                  I2C2ADD = 0x21a
                    0x021a                  _I2C2ADD = 0x21a
                    0x021c                  I2C2MSK = 0x21c
                    0x021c                  _I2C2MSK = 0x21c
                    0x0220                  U1MODE = 0x220
                    0x0220                  _U1MODE = 0x220
                    0x0220                  _U1MODEbits = 0x220
                    0x0222                  U1STA = 0x222
                    0x0222                  _U1STA = 0x222
                    0x0222                  _U1STAbits = 0x222
                    0x0224                  U1TXREG = 0x224
                    0x0224                  _U1TXREG = 0x224
                    0x0226                  U1RXREG = 0x226
                    0x0226                  _U1RXREG = 0x226
                    0x0228                  U1BRG = 0x228
                    0x0228                  _U1BRG = 0x228
                    0x0230                  U2MODE = 0x230
                    0x0230                  _U2MODE = 0x230
                    0x0230                  _U2MODEbits = 0x230
                    0x0232                  U2STA = 0x232
                    0x0232                  _U2STA = 0x232
                    0x0232                  _U2STAbits = 0x232
                    0x0234                  U2TXREG = 0x234
                    0x0234                  _U2TXREG = 0x234
                    0x0236                  U2RXREG = 0x236
                    0x0236                  _U2RXREG = 0x236
                    0x0238                  U2BRG = 0x238
                    0x0238                  _U2BRG = 0x238
                    0x0240                  SPI1STAT = 0x240
                    0x0240                  _SPI1STAT = 0x240
                    0x0240                  _SPI1STATbits = 0x240
                    0x0242                  SPI1CON1 = 0x242
                    0x0242                  _SPI1CON1 = 0x242
                    0x0242                  _SPI1CON1bits = 0x242
                    0x0244                  SPI1CON2 = 0x244
                    0x0244                  _SPI1CON2 = 0x244
                    0x0244                  _SPI1CON2bits = 0x244
                    0x0248                  SPI1BUF = 0x248
                    0x0248                  _SPI1BUF = 0x248
                    0x0260                  SPI2STAT = 0x260
                    0x0260                  _SPI2STAT = 0x260
                    0x0260                  _SPI2STATbits = 0x260
                    0x0262                  SPI2CON1 = 0x262
                    0x0262                  _SPI2CON1 = 0x262
                    0x0262                  _SPI2CON1bits = 0x262
                    0x0264                  SPI2CON2 = 0x264
                    0x0264                  _SPI2CON2 = 0x264
                    0x0264                  _SPI2CON2bits = 0x264
                    0x0268                  SPI2BUF = 0x268
                    0x0268                  _SPI2BUF = 0x268
                    0x02c0                  TRISA = 0x2c0
                    0x02c0                  _TRISA = 0x2c0
                    0x02c0                  _TRISAbits = 0x2c0
                    0x02c2                  PORTA = 0x2c2
                    0x02c2                  _PORTA = 0x2c2
                    0x02c2                  _PORTAbits = 0x2c2
                    0x02c4                  LATA = 0x2c4
                    0x02c4                  _LATA = 0x2c4
                    0x02c4                  _LATAbits = 0x2c4
                    0x02c6                  ODCA = 0x2c6
                    0x02c6                  _ODCA = 0x2c6
                    0x02c6                  _ODCAbits = 0x2c6
                    0x02c8                  TRISB = 0x2c8
                    0x02c8                  _TRISB = 0x2c8
                    0x02c8                  _TRISBbits = 0x2c8
                    0x02ca                  PORTB = 0x2ca
                    0x02ca                  _PORTB = 0x2ca
                    0x02ca                  _PORTBbits = 0x2ca
                    0x02cc                  LATB = 0x2cc
                    0x02cc                  _LATB = 0x2cc
                    0x02cc                  _LATBbits = 0x2cc
                    0x02ce                  ODCB = 0x2ce
                    0x02ce                  _ODCB = 0x2ce
                    0x02ce                  _ODCBbits = 0x2ce
                    0x02d0                  TRISC = 0x2d0
                    0x02d0                  _TRISC = 0x2d0
                    0x02d0                  _TRISCbits = 0x2d0
                    0x02d2                  PORTC = 0x2d2
                    0x02d2                  _PORTC = 0x2d2
                    0x02d2                  _PORTCbits = 0x2d2
                    0x02d4                  LATC = 0x2d4
                    0x02d4                  _LATC = 0x2d4
                    0x02d4                  _LATCbits = 0x2d4
                    0x02d6                  ODCC = 0x2d6
                    0x02d6                  _ODCC = 0x2d6
                    0x02d6                  _ODCCbits = 0x2d6
                    0x02fc                  PADCFG1 = 0x2fc
                    0x02fc                  _PADCFG1 = 0x2fc
                    0x02fc                  _PADCFG1bits = 0x2fc
                    0x0300                  ADC1BUF0 = 0x300
                    0x0300                  _ADC1BUF0 = 0x300
                    0x0302                  ADC1BUF1 = 0x302
                    0x0302                  _ADC1BUF1 = 0x302
                    0x0304                  ADC1BUF2 = 0x304
                    0x0304                  _ADC1BUF2 = 0x304
                    0x0306                  ADC1BUF3 = 0x306
                    0x0306                  _ADC1BUF3 = 0x306
                    0x0308                  ADC1BUF4 = 0x308
                    0x0308                  _ADC1BUF4 = 0x308
                    0x030a                  ADC1BUF5 = 0x30a
                    0x030a                  _ADC1BUF5 = 0x30a
                    0x030c                  ADC1BUF6 = 0x30c
                    0x030c                  _ADC1BUF6 = 0x30c
                    0x030e                  ADC1BUF7 = 0x30e
                    0x030e                  _ADC1BUF7 = 0x30e
                    0x0310                  ADC1BUF8 = 0x310
                    0x0310                  _ADC1BUF8 = 0x310
                    0x0312                  ADC1BUF9 = 0x312
                    0x0312                  _ADC1BUF9 = 0x312
                    0x0314                  ADC1BUFA = 0x314
                    0x0314                  _ADC1BUFA = 0x314
                    0x0316                  ADC1BUFB = 0x316
                    0x0316                  _ADC1BUFB = 0x316
                    0x0318                  ADC1BUFC = 0x318
                    0x0318                  _ADC1BUFC = 0x318
                    0x031a                  ADC1BUFD = 0x31a
                    0x031a                  _ADC1BUFD = 0x31a
                    0x031c                  ADC1BUFE = 0x31c
                    0x031c                  _ADC1BUFE = 0x31c
                    0x031e                  ADC1BUFF = 0x31e
                    0x031e                  _ADC1BUFF = 0x31e
                    0x0320                  AD1CON1 = 0x320
                    0x0320                  _AD1CON1 = 0x320
                    0x0320                  _AD1CON1bits = 0x320
                    0x0322                  AD1CON2 = 0x322
                    0x0322                  _AD1CON2 = 0x322
                    0x0322                  _AD1CON2bits = 0x322
                    0x0324                  AD1CON3 = 0x324
                    0x0324                  _AD1CON3 = 0x324
                    0x0324                  _AD1CON3bits = 0x324
                    0x0328                  AD1CHS = 0x328
                    0x0328                  _AD1CHS = 0x328
                    0x0328                  _AD1CHSbits = 0x328
                    0x032c                  AD1PCFG = 0x32c
                    0x032c                  _AD1PCFG = 0x32c
                    0x032c                  _AD1PCFGbits = 0x32c
                    0x0330                  AD1CSSL = 0x330
                    0x0330                  _AD1CSSL = 0x330
                    0x0330                  _AD1CSSLbits = 0x330
                    0x0600                  PMCON = 0x600
                    0x0600                  _PMCON = 0x600
                    0x0600                  _PMCONbits = 0x600
                    0x0602                  PMMODE = 0x602
                    0x0602                  _PMMODE = 0x602
                    0x0602                  _PMMODEbits = 0x602
                    0x0604                  PMADDR = 0x604
                    0x0604                  _PMADDR = 0x604
                    0x0604                  _PMADDRbits = 0x604
                    0x0604                  PMDOUT1 = 0x604
                    0x0604                  _PMDOUT1 = 0x604
                    0x0604                  _PMDOUT1bits = 0x604
                    0x0606                  PMDOUT2 = 0x606
                    0x0606                  _PMDOUT2 = 0x606
                    0x0608                  PMDIN1 = 0x608
                    0x0608                  _PMDIN1 = 0x608
                    0x060a                  PMDIN2 = 0x60a
                    0x060a                  _PMDIN2 = 0x60a
                    0x060c                  PMAEN = 0x60c
                    0x060c                  _PMAEN = 0x60c
                    0x060c                  _PMAENbits = 0x60c
                    0x060e                  PMSTAT = 0x60e
                    0x060e                  _PMSTAT = 0x60e
                    0x060e                  _PMSTATbits = 0x60e
                    0x0620                  ALRMVAL = 0x620
                    0x0620                  _ALRMVAL = 0x620
                    0x0622                  ALCFGRPT = 0x622
                    0x0622                  _ALCFGRPT = 0x622
                    0x0622                  _ALCFGRPTbits = 0x622
                    0x0624                  RTCVAL = 0x624
                    0x0624                  _RTCVAL = 0x624
                    0x0626                  RCFGCAL = 0x626
                    0x0626                  _RCFGCAL = 0x626
                    0x0626                  _RCFGCALbits = 0x626
                    0x0630                  CMCON = 0x630
                    0x0630                  _CMCON = 0x630
                    0x0630                  _CMCONbits = 0x630
                    0x0632                  CVRCON = 0x632
                    0x0632                  _CVRCON = 0x632
                    0x0632                  _CVRCONbits = 0x632
                    0x0640                  CRCCON = 0x640
                    0x0640                  _CRCCON = 0x640
                    0x0640                  _CRCCONbits = 0x640
                    0x0642                  CRCXOR = 0x642
                    0x0642                  _CRCXOR = 0x642
                    0x0642                  _CRCXORbits = 0x642
                    0x0644                  CRCDAT = 0x644
                    0x0644                  _CRCDAT = 0x644
                    0x0646                  CRCWDAT = 0x646
                    0x0646                  _CRCWDAT = 0x646
                    0x0680                  RPINR0 = 0x680
                    0x0680                  _RPINR0 = 0x680
                    0x0680                  _RPINR0bits = 0x680
                    0x0682                  RPINR1 = 0x682
                    0x0682                  _RPINR1 = 0x682
                    0x0682                  _RPINR1bits = 0x682
                    0x0686                  RPINR3 = 0x686
                    0x0686                  _RPINR3 = 0x686
                    0x0686                  _RPINR3bits = 0x686
                    0x0688                  RPINR4 = 0x688
                    0x0688                  _RPINR4 = 0x688
                    0x0688                  _RPINR4bits = 0x688
                    0x068e                  RPINR7 = 0x68e
                    0x068e                  _RPINR7 = 0x68e
                    0x068e                  _RPINR7bits = 0x68e
                    0x0690                  RPINR8 = 0x690
                    0x0690                  _RPINR8 = 0x690
                    0x0690                  _RPINR8bits = 0x690
                    0x0692                  RPINR9 = 0x692
                    0x0692                  _RPINR9 = 0x692
                    0x0692                  _RPINR9bits = 0x692
                    0x0696                  RPINR11 = 0x696
                    0x0696                  _RPINR11 = 0x696
                    0x0696                  _RPINR11bits = 0x696
                    0x06a4                  RPINR18 = 0x6a4
                    0x06a4                  _RPINR18 = 0x6a4
                    0x06a4                  _RPINR18bits = 0x6a4
                    0x06a6                  RPINR19 = 0x6a6
                    0x06a6                  _RPINR19 = 0x6a6
                    0x06a6                  _RPINR19bits = 0x6a6
                    0x06a8                  RPINR20 = 0x6a8
                    0x06a8                  _RPINR20 = 0x6a8
                    0x06a8                  _RPINR20bits = 0x6a8
                    0x06aa                  RPINR21 = 0x6aa
                    0x06aa                  _RPINR21 = 0x6aa
                    0x06aa                  _RPINR21bits = 0x6aa
                    0x06ac                  RPINR22 = 0x6ac
                    0x06ac                  _RPINR22 = 0x6ac
                    0x06ac                  _RPINR22bits = 0x6ac
                    0x06ae                  RPINR23 = 0x6ae
                    0x06ae                  _RPINR23 = 0x6ae
                    0x06ae                  _RPINR23bits = 0x6ae
                    0x06c0                  RPOR0 = 0x6c0
                    0x06c0                  _RPOR0 = 0x6c0
                    0x06c0                  _RPOR0bits = 0x6c0
                    0x06c2                  RPOR1 = 0x6c2
                    0x06c2                  _RPOR1 = 0x6c2
                    0x06c2                  _RPOR1bits = 0x6c2
                    0x06c4                  RPOR2 = 0x6c4
                    0x06c4                  _RPOR2 = 0x6c4
                    0x06c4                  _RPOR2bits = 0x6c4
                    0x06c6                  RPOR3 = 0x6c6
                    0x06c6                  _RPOR3 = 0x6c6
                    0x06c6                  _RPOR3bits = 0x6c6
                    0x06c8                  RPOR4 = 0x6c8
                    0x06c8                  _RPOR4 = 0x6c8
                    0x06c8                  _RPOR4bits = 0x6c8
                    0x06ca                  RPOR5 = 0x6ca
                    0x06ca                  _RPOR5 = 0x6ca
                    0x06ca                  _RPOR5bits = 0x6ca
                    0x06cc                  RPOR6 = 0x6cc
                    0x06cc                  _RPOR6 = 0x6cc
                    0x06cc                  _RPOR6bits = 0x6cc
                    0x06ce                  RPOR7 = 0x6ce
                    0x06ce                  _RPOR7 = 0x6ce
                    0x06ce                  _RPOR7bits = 0x6ce
                    0x06d0                  RPOR8 = 0x6d0
                    0x06d0                  _RPOR8 = 0x6d0
                    0x06d0                  _RPOR8bits = 0x6d0
                    0x06d2                  RPOR9 = 0x6d2
                    0x06d2                  _RPOR9 = 0x6d2
                    0x06d2                  _RPOR9bits = 0x6d2
                    0x06d4                  RPOR10 = 0x6d4
                    0x06d4                  _RPOR10 = 0x6d4
                    0x06d4                  _RPOR10bits = 0x6d4
                    0x06d6                  RPOR11 = 0x6d6
                    0x06d6                  _RPOR11 = 0x6d6
                    0x06d6                  _RPOR11bits = 0x6d6
                    0x06d8                  RPOR12 = 0x6d8
                    0x06d8                  _RPOR12 = 0x6d8
                    0x06d8                  _RPOR12bits = 0x6d8
                    0x0740                  RCON = 0x740
                    0x0740                  _RCON = 0x740