Microchip Technology Inc, v2.10 (A)

Tool Name:
  c:\program files\microchip\xc16\v2.10\bin\bin\..\bin/elf-ld.exe

Command:
  -p24FJ64GA004 \
  -o \
  C:/Dropbox/EMIC/TARGETS/mariano.hunkeler__rfindustrial.com/TestEdit/Panel\dist\production\target.production.elf \
  -Lc:/program files/microchip/xc16/v2.10/bin/bin/.. \
  -Lc:/program files/microchip/xc16/v2.10/bin/bin/../../lib \
  -Lc:/program files/microchip/xc16/v2.10/bin/bin/../../lib/PIC24E \
  -Lc:/program files/microchip/xc16/v2.10/bin/bin/../../support/PIC24E/gld \
  -Lc:/program files/microchip/xc16/v2.10/bin/bin/../../lib/PIC24F \
  -Lc:/program files/microchip/xc16/v2.10/bin/bin/../../support/PIC24F/gld \
  -Lc:/program files/microchip/xc16/v2.10/bin/bin/../../lib/PIC24H \
  -Lc:/program files/microchip/xc16/v2.10/bin/bin/../../support/PIC24H/gld \
  -Lc:/program files/microchip/xc16/v2.10/bin/bin/../../lib/dsPIC30F \
  -Lc:/program files/microchip/xc16/v2.10/bin/bin/../../support/dsPIC30F/gld \
  -Lc:/program files/microchip/xc16/v2.10/bin/bin/../../support/dsPIC33C/gld \
  -Lc:/program files/microchip/xc16/v2.10/bin/bin/../../lib/dsPIC33E \
  -Lc:/program files/microchip/xc16/v2.10/bin/bin/../../support/dsPIC33E/gld \
  -Lc:/program files/microchip/xc16/v2.10/bin/bin/../../lib/dsPIC33F \
  -Lc:/program files/microchip/xc16/v2.10/bin/bin/../../support/dsPIC33F/gld \
  C:/Dropbox/EMIC/TARGETS/mariano.hunkeler__rfindustrial.com/TestEdit/Panel\build\default\production\timer.o \
  C:/Dropbox/EMIC/TARGETS/mariano.hunkeler__rfindustrial.com/TestEdit/Panel\build\default\production\systemTimer.o \
  C:/Dropbox/EMIC/TARGETS/mariano.hunkeler__rfindustrial.com/TestEdit/Panel\build\default\production\led_Led1.o \
  C:/Dropbox/EMIC/TARGETS/mariano.hunkeler__rfindustrial.com/TestEdit/Panel\build\default\production\led_Led2.o \
  C:/Dropbox/EMIC/TARGETS/mariano.hunkeler__rfindustrial.com/TestEdit/Panel\build\default\production\timer_api1.o \
  C:/Dropbox/EMIC/TARGETS/mariano.hunkeler__rfindustrial.com/TestEdit/Panel\build\default\production\streamIn.o \
  C:/Dropbox/EMIC/TARGETS/mariano.hunkeler__rfindustrial.com/TestEdit/Panel\build\default\production\pmp.o \
  C:/Dropbox/EMIC/TARGETS/mariano.hunkeler__rfindustrial.com/TestEdit/Panel\build\default\production\SSD1322_OLED.o \
  C:/Dropbox/EMIC/TARGETS/mariano.hunkeler__rfindustrial.com/TestEdit/Panel\build\default\production\Graphics_OLED.o \
  C:/Dropbox/EMIC/TARGETS/mariano.hunkeler__rfindustrial.com/TestEdit/Panel\build\default\production\Edit_Edit1.o \
  C:/Dropbox/EMIC/TARGETS/mariano.hunkeler__rfindustrial.com/TestEdit/Panel\build\default\production\Keyboard_Pad.o \
  C:/Dropbox/EMIC/TARGETS/mariano.hunkeler__rfindustrial.com/TestEdit/Panel\build\default\production\Keyboard_Nav.o \
  C:/Dropbox/EMIC/TARGETS/mariano.hunkeler__rfindustrial.com/TestEdit/Panel\build\default\production\stream.o \
  C:/Dropbox/EMIC/TARGETS/mariano.hunkeler__rfindustrial.com/TestEdit/Panel\build\default\production\I2C2.o \
  C:/Dropbox/EMIC/TARGETS/mariano.hunkeler__rfindustrial.com/TestEdit/Panel\build\default\production\I2C2_driver.o \
  C:/Dropbox/EMIC/TARGETS/mariano.hunkeler__rfindustrial.com/TestEdit/Panel\build\default\production\EMICBus.o \
  C:/Dropbox/EMIC/TARGETS/mariano.hunkeler__rfindustrial.com/TestEdit/Panel\build\default\production\main.o \
  C:/Dropbox/EMIC/TARGETS/mariano.hunkeler__rfindustrial.com/TestEdit/Panel\build\default\production\userFncFile.o \
  --defsym=__MPLAB_BUILD=1 \
  --defsym=__MPLAB_DEBUG=0 \
  -Tp24FJ64GA004.gld.00 \
  --stack=16 \
  --check-sections \
  --data-init \
  --pack-data \
  --handles \
  --isr \
  --no-gc-sections \
  --fill-upper=0 \
  --stackguard=16 \
  --no-force-link \
  --smart-io \
  -Map=C:/Dropbox/EMIC/TARGETS/mariano.hunkeler__rfindustrial.com/TestEdit/Panel\dist\production\target.production.map \
  --report-mem \
  --memorysummary \
  C:/Dropbox/EMIC/TARGETS/mariano.hunkeler__rfindustrial.com/TestEdit/Panel\dist\production\memoryfile.xml \
  -start-group \
  --library=c99-pic30-elf \
  --library=m-elf \
  --library=c99-elf \
  -end-group \

Archive member included because of file (symbol)

c:/program files/microchip/xc16/v2.10/bin/bin/../../lib\libc99-pic30-elf.a(crt0_standard.o)
                              (__resetPRI)
c:/program files/microchip/xc16/v2.10/bin/bin/../../lib\libc99-pic30-elf.a(data_init_standard.o)
                              c:/program files/microchip/xc16/v2.10/bin/bin/../../lib\libc99-pic30-elf.a(crt0_standard.o) (__data_init_standard)
c:/program files/microchip/xc16/v2.10/bin/bin/../../lib\libc99-pic30-elf.a(crt_start_mode_normal.Meo)
                              (__crt_start_mode_normal)
c:/program files/microchip/xc16/v2.10/bin/bin/../../lib\libc99-pic30-elf.a(delay32.Meo)
                              C:/Dropbox/EMIC/TARGETS/mariano.hunkeler__rfindustrial.com/TestEdit/Panel\build\default\production\SSD1322_OLED.o (___delay32)
c:/program files/microchip/xc16/v2.10/bin/bin/../../lib\libc99-pic30-elf.a(feqltle.XX_o)
[...]
Memory Configuration

Name             Origin             Length             Attributes
data             0x000800           0x002000           a !xr
reset            0x000000           0x000004  
ivt              0x000004           0x0000fc  
_reserved        0x000100           0x000004  
aivt             0x000104           0x0000fc  
program          0x000200           0x00a9fc           xr
CONFIG2          0x00abfc           0x000002  
CONFIG1          0x00abfe           0x000002  
*default*        0x000000           0xffffffff  

Linker script and memory map

LOAD C:/Dropbox/EMIC/TARGETS/mariano.hunkeler__rfindustrial.com/TestEdit/Panel\build\default\production\timer.o
LOAD C:/Dropbox/EMIC/TARGETS/mariano.hunkeler__rfindustrial.com/TestEdit/Panel\build\default\production\systemTimer.o
LOAD C:/Dropbox/EMIC/TARGETS/mariano.hunkeler__rfindustrial.com/TestEdit/Panel\build\default\production\led_Led1.o
LOAD C:/Dropbox/EMIC/TARGETS/mariano.hunkeler__rfindustrial.com/TestEdit/Panel\build\default\production\led_Led2.o
LOAD C:/Dropbox/EMIC/TARGETS/mariano.hunkeler__rfindustrial.com/TestEdit/Panel\build\default\production\timer_api1.o
LOAD C:/Dropbox/EMIC/TARGETS/mariano.hunkeler__rfindustrial.com/TestEdit/Panel\build\default\production\streamIn.o
LOAD C:/Dropbox/EMIC/TARGETS/mariano.hunkeler__rfindustrial.com/TestEdit/Panel\build\default\production\pmp.o
LOAD C:/Dropbox/EMIC/TARGETS/mariano.hunkeler__rfindustrial.com/TestEdit/Panel\build\default\production\SSD1322_OLED.o
LOAD C:/Dropbox/EMIC/TARGETS/mariano.hunkeler__rfindustrial.com/TestEdit/Panel\build\default\production\Graphics_OLED.o
LOAD C:/Dropbox/EMIC/TARGETS/mariano.hunkeler__rfindustrial.com/TestEdit/Panel\build\default\production\Edit_Edit1.o
LOAD C:/Dropbox/EMIC/TARGETS/mariano.hunkeler__rfindustrial.com/TestEdit/Panel\build\default\production\Keyboard_Pad.o
LOAD C:/Dropbox/EMIC/TARGETS/mariano.hunkeler__rfindustrial.com/TestEdit/Panel\build\default\production\Keyboard_Nav.o
LOAD C:/Dropbox/EMIC/TARGETS/mariano.hunkeler__rfindustrial.com/TestEdit/Panel\build\default\production\stream.o
LOAD C:/Dropbox/EMIC/TARGETS/mariano.hunkeler__rfindustrial.com/TestEdit/Panel\build\default\production\I2C2.o
LOAD C:/Dropbox/EMIC/TARGETS/mariano.hunkeler__rfindustrial.com/TestEdit/Panel\build\default\production\I2C2_driver.o
LOAD C:/Dropbox/EMIC/TARGETS/mariano.hunkeler__rfindustrial.com/TestEdit/Panel\build\default\production\EMICBus.o
LOAD C:/Dropbox/EMIC/TARGETS/mariano.hunkeler__rfindustrial.com/TestEdit/Panel\build\default\production\main.o
LOAD C:/Dropbox/EMIC/TARGETS/mariano.hunkeler__rfindustrial.com/TestEdit/Panel\build\default\production\userFncFile.o
                    0x0001                  __MPLAB_BUILD = 0x1
                    0x0000                  __MPLAB_DEBUG = 0x0
LOAD c:/program files/microchip/xc16/v2.10/bin/bin/../../lib/PIC24F\libpPIC24Fxxx-elf.a
LOAD c:/program files/microchip/xc16/v2.10/bin/bin/../../lib\libfx-elf.a
                    0xabfc                  __CONFIG2 = 0xabfc
                    0xabfe                  __CONFIG1 = 0xabfe
                    0x0001                  __NO_HANDLES = 0x1
                    0x0200                  __CODE_BASE = 0x200
                    0xa9fc                  __CODE_LENGTH = 0xa9fc
                    0x0004                  __IVT_BASE = 0x4
                    0x0104                  __AIVT_BASE = 0x104
                    0x0800                  __DATA_BASE = 0x800
                    0x2000                  __DATA_LENGTH = 0x2000

.reset            0x000000          0x4
                  0x000000          0x2 SHORT 0x200 ABSOLUTE (__reset)
                  0x000001          0x2 SHORT 0x4
                  0x000002          0x2 SHORT 0x0 ((ABSOLUTE (__reset) >> 0x10) & 0x7f)
                  0x000003          0x2 SHORT 0x0

.text             0x000200       0x4482
 *(.init)
 .init            0x000200         0x4c c:/program files/microchip/xc16/v2.10/bin/bin/../../lib\libc99-pic30-elf.a(crt0_standard.o)
                  0x000200                  __resetPRI
                  0x000200                  __reset
                  0x00023c                  __psv_init
 .init            0x00024c         0x7c c:/program files/microchip/xc16/v2.10/bin/bin/../../lib\libc99-pic30-elf.a(data_init_standard.o)
                  0x000252                  __data_init_standard
                  0x000252                  __data_init
 *(.user_init)
 *(.handle)
 *(.isr*)
 .isr.text        0x0002f0         0x28 C:/Dropbox/EMIC/TARGETS/mariano.hunkeler__rfindustrial.com/TestEdit/Panel\build\default\production\timer.o
                  0x0002f0                  __T4Interrupt
 .isr.text        0x000318         0x4c C:/Dropbox/EMIC/TARGETS/mariano.hunkeler__rfindustrial.com/TestEdit/Panel\build\default\production\I2C2.o
                  0x000318                  __SI2C2Interrupt
                  0x00033e                  __MI2C2Interrupt
 .isr             0x000364          0x4 default_isr
                  0x000364                  __DefaultInterrupt
 *(.libc)
 *(.libm)
 *(.libdsp)
 *(.lib*)
 .libpic30_crt_start_mode
                  0x000368          0x2 c:/program files/microchip/xc16/v2.10/bin/bin/../../lib\libc99-pic30-elf.a(crt_start_mode_normal.Meo)
                  0x000368                  __crt_start_mode
                  0x000368                  __crt_start_mode_normal
 .libm.eqsf2      0x00036a          0x4 c:/program files/microchip/xc16/v2.10/bin/bin/../../lib\libc99-pic30-elf.a(feqltle.XX_o)
                  0x00036a                  ___eqsf2
                  0x00036a                  ___ltsf2
                  0x00036a                  ___lesf2
 .libm.fixunssfdi
                  0x00036e         0x42 c:/program files/microchip/xc16/v2.10/bin/bin/../../lib\libc99-pic30-elf.a(fixunssfdi.XX_o)
                  0x00036e                  ___fixunssfdi
 .libm.fixunssfsi
                  0x0003b0         0x36 c:/program files/microchip/xc16/v2.10/bin/bin/../../lib\libc99-pic30-elf.a(fixunssfsi.XX_o)
                  0x0003b0                  ___fixunssfsi
 .libm.floatundisf
                  0x0003e6         0x5e c:/program files/microchip/xc16/v2.10/bin/bin/../../lib\libc99-pic30-elf.a(floatundisf.XX_o)
                  0x0003e6                  ___floatundisf
 .libm.floatunsisf
                  0x000444          0x4 c:/program files/microchip/xc16/v2.10/bin/bin/../../lib\libc99-pic30-elf.a(floatunsisf.XX_o)
                  0x000444                  ___floatunsisf
 .libm.fpack      0x000448         0x4c c:/program files/microchip/xc16/v2.10/bin/bin/../../lib\libc99-pic30-elf.a(fpack.XX_o)
                  0x000448                  __fpack
 .libm.funpack    0x000494         0x2a c:/program files/microchip/xc16/v2.10/bin/bin/../../lib\libc99-pic30-elf.a(funpack.XX_o)
                  0x000494                  __funpack
 .libm.udivsi3    0x0004be         0x20 c:/program files/microchip/xc16/v2.10/bin/bin/../../lib\libc99-pic30-elf.a(udivsi3.XX_o)
                  0x0004be                  ___udivsi3
 .libmx           0x0004de        0x1dc c:/program files/microchip/xc16/v2.10/bin/bin/../../lib\libc99-pic30-elf.a(addsf3x.XX_o)
                  0x0004de                  ___subsf3x
                  0x0004de                  ___subsf3
                  0x0004f0                  ___addsf3x
                  0x0004f0                  ___addsf3
 .libmx           0x0006ba        0x1be c:/program files/microchip/xc16/v2.10/bin/bin/../../lib\libc99-pic30-elf.a(divsf3x.XX_o)
                  0x0006ba                  ___divsf3x
                  0x0006ba                  ___divsf3
                  0x00084c                  __sdivf
 .libmx           0x000878        0x10c c:/program files/microchip/xc16/v2.10/bin/bin/../../lib\libc99-pic30-elf.a(mulsf3x.XX_o)
                  0x000878                  ___mulsf3x
                  0x000878                  ___mulsf3
 .libmx           0x000984         0x54 c:/program files/microchip/xc16/v2.10/bin/bin/../../lib\libc99-pic30-elf.a(dnrmpackfx.XX_o)
                  0x000984                  __dnrmpackf
 .libmx           0x0009d8         0x5e c:/program files/microchip/xc16/v2.10/bin/bin/../../lib\libc99-pic30-elf.a(unpackdnrmfx.XX_o)
                  0x0009d8                  __unpackdnrmf
 .libmx           0x000a36         0x34 c:/program files/microchip/xc16/v2.10/bin/bin/../../lib\libc99-pic30-elf.a(typefx.XX_o)
                  0x000a36                  __typef
 .libmx           0x000a6a         0x12 c:/program files/microchip/xc16/v2.10/bin/bin/../../lib\libc99-pic30-elf.a(propnanfx.XX_o)
                  0x000a6a                  __propnanf
 .libmx           0x000a7c         0xa6 c:/program files/microchip/xc16/v2.10/bin/bin/../../lib\libc99-pic30-elf.a(spackfx.XX_o)
                  0x000a7c                  __spackf
 .libmx           0x000b22         0x66 c:/program files/microchip/xc16/v2.10/bin/bin/../../lib\libc99-pic30-elf.a(unpackfx.XX_o)
                  0x000b22                  __unpackf
 .libm.__PplusBdi
                  0x000b88         0x26 c:/program files/microchip/xc16/v2.10/bin/bin/../../lib\libc99-pic30-elf.a(divmoddi3.XX_o)
 .libm.__PminusBdi
                  0x000bae         0x26 c:/program files/microchip/xc16/v2.10/bin/bin/../../lib\libc99-pic30-elf.a(divmoddi3.XX_o)
 .libm.__udivmoddi3
                  0x000bd4         0xe6 c:/program files/microchip/xc16/v2.10/bin/bin/../../lib\libc99-pic30-elf.a(divmoddi3.XX_o)
                  0x000bd4                  ___udivmoddi3
 .libm.__udivdi3
                  0x000cba          0xe c:/program files/microchip/xc16/v2.10/bin/bin/../../lib\libc99-pic30-elf.a(divmoddi3.XX_o)
                  0x000cba                  ___udivdi3
 .libm.__umoddi3
                  0x000cc8          0x8 c:/program files/microchip/xc16/v2.10/bin/bin/../../lib\libc99-pic30-elf.a(divmoddi3.XX_o)
                  0x000cc8                  ___umoddi3
 .libm.__divdi3
                  0x000cd0         0x60 c:/program files/microchip/xc16/v2.10/bin/bin/../../lib\libc99-pic30-elf.a(divmoddi3.XX_o)
                  0x000cd0                  ___divdi3
 .libm.__moddi3
                  0x000d30         0x5c c:/program files/microchip/xc16/v2.10/bin/bin/../../lib\libc99-pic30-elf.a(divmoddi3.XX_o)
                  0x000d30                  ___moddi3
 .libm.__muldi3
                  0x000d8c         0x52 c:/program files/microchip/xc16/v2.10/bin/bin/../../lib\libc99-pic30-elf.a(muldi3.XX_o)
                  0x000d8c                  ___muldi3
 .libm.fcompare
                  0x000dde         0x36 c:/program files/microchip/xc16/v2.10/bin/bin/../../lib\libc99-pic30-elf.a(fcompare.XX_o)
                  0x000dde                  __fcompare
 .libm.funpack2
                  0x000e14         0x10 c:/program files/microchip/xc16/v2.10/bin/bin/../../lib\libc99-pic30-elf.a(funpack2.XX_o)
                  0x000e14                  __funpack2
 .libm.umuldi3    0x000e24         0x44 c:/program files/microchip/xc16/v2.10/bin/bin/../../lib\libc99-pic30-elf.a(umuldi3.XX_o)
                  0x000e24                  ___umuldi3
 .libc.atof       0x000e68          0x4 c:/program files/microchip/xc16/v2.10/bin/bin/../../lib\libc99-elf.a(atof.XX_o)
                  0x000e68                  _atof
 .libc.__isspace
                  0x000e6c         0x14 c:/program files/microchip/xc16/v2.10/bin/bin/../../lib\libc99-elf.a(atoi.XX_o)
 .libc.atoi       0x000e80         0x4c c:/program files/microchip/xc16/v2.10/bin/bin/../../lib\libc99-elf.a(atoi.XX_o)
                  0x000e80                  _atoi
 .libc.__isspace
                  0x000ecc         0x14 c:/program files/microchip/xc16/v2.10/bin/bin/../../lib\libc99-elf.a(atol.XX_o)
 .libc.atol       0x000ee0         0x54 c:/program files/microchip/xc16/v2.10/bin/bin/../../lib\libc99-elf.a(atol.XX_o)
                  0x000ee0                  _atol
 .libc.__isspace
                  0x000f34         0x14 c:/program files/microchip/xc16/v2.10/bin/bin/../../lib\libc99-elf.a(atoll.XX_o)
 .libc.atoll      0x000f48         0x64 c:/program files/microchip/xc16/v2.10/bin/bin/../../lib\libc99-elf.a(atoll.XX_o)
                  0x000f48                  _atoll
 .libc.memset     0x000fac         0xc8 c:/program files/microchip/xc16/v2.10/bin/bin/../../lib\libc99-elf.a(memset.XX_o)
                  0x000fac                  _memset
 .libc.snprintf
                  0x001074          0xc c:/program files/microchip/xc16/v2.10/bin/bin/../../lib\libc99-elf.a(snprintf.XX_o)
                  0x001074                  _snprintf
 .libc.strtox     0x001080         0x58 c:/program files/microchip/xc16/v2.10/bin/bin/../../lib\libc99-elf.a(strtod.XX_o)
 .libc.strtof     0x0010d8          0x6 c:/program files/microchip/xc16/v2.10/bin/bin/../../lib\libc99-elf.a(strtod.XX_o)
                  0x0010d8                  ___strtof_l
                  0x0010d8                  _strtof
                  0x0010d8                  _strtof_l
 .libc.strtod     0x0010de          0x6 c:/program files/microchip/xc16/v2.10/bin/bin/../../lib\libc99-elf.a(strtod.XX_o)
                  0x0010de                  ___strtod_l
                  0x0010de                  _strtod
                  0x0010de                  _strtod_l
 .libc.strtold    0x0010e4          0x4 c:/program files/microchip/xc16/v2.10/bin/bin/../../lib\libc99-elf.a(strtod.XX_o)
                  0x0010e4                  _strtold_l
                  0x0010e4                  _strtold
                  0x0010e4                  ___strtold_l
 .libc.vsnprintf
                  0x0010e8         0x50 c:/program files/microchip/xc16/v2.10/bin/bin/../../lib\libc99-elf.a(vsnprintf.XX_o)
                  0x0010e8                  _vsnprintf
 .libc.__isspace
                  0x001138         0x14 c:/program files/microchip/xc16/v2.10/bin/bin/../../lib\libc99-elf.a(floatscan.XX_o)
 .libc.scanexp    0x00114c        0x174 c:/program files/microchip/xc16/v2.10/bin/bin/../../lib\libc99-elf.a(floatscan.XX_o)
 .libc.hexfloat
                  0x0012c0        0x532 c:/program files/microchip/xc16/v2.10/bin/bin/../../lib\libc99-elf.a(floatscan.XX_o)
 .libc.decfloat
                  0x0017f2        0x900 c:/program files/microchip/xc16/v2.10/bin/bin/../../lib\libc99-elf.a(floatscan.XX_o)
 .libc.__floatscan
                  0x0020f2        0x22c c:/program files/microchip/xc16/v2.10/bin/bin/../../lib\libc99-elf.a(floatscan.XX_o)
                  0x0020f2                  ___floatscan
 .libc.__shlim    0x00231e         0x4a c:/program files/microchip/xc16/v2.10/bin/bin/../../lib\libc99-elf.a(shgetc.XX_o)
                  0x00231e                  ___shlim
 .libc.__shgetc
                  0x002368        0x130 c:/program files/microchip/xc16/v2.10/bin/bin/../../lib\libc99-elf.a(shgetc.XX_o)
                  0x002368                  ___shgetc
 .libc.vfprintf
                  0x002498         0x1c c:/program files/microchip/xc16/v2.10/bin/bin/../../lib\libc99-elf.a(vfprintf.XX_o)
                  0x002498                  _vfprintf
 .libc.__pop_float
                  0x0024b4         0x3e c:/program files/microchip/xc16/v2.10/bin/bin/../../lib\libc99-elf.a(__pop_float.XX_o)
                  0x0024b4                  ___pop_float
                  0x0024b4                  ___pop_float_needed
 .libc.__pop_int
                  0x0024f2         0xa8 c:/program files/microchip/xc16/v2.10/bin/bin/../../lib\libc99-elf.a(__pop_int.XX_o)
                  0x0024f2                  ___pop_int
                  0x0024f2                  ___pop_int_needed
 .libc.__pop_ptr
                  0x00259a         0x70 c:/program files/microchip/xc16/v2.10/bin/bin/../../lib\libc99-elf.a(__pop_ptr.XX_o)
                  0x00259a                  ___pop_ptr_needed
                  0x00259a                  ___pop_ptr
 .libc.__string_out
                  0x00260a         0x26 c:/program files/microchip/xc16/v2.10/bin/bin/../../lib\libc99-elf.a(__printf_core.XX_o)
                  0x00260a                  ___out
 .libc.__pad      0x002630         0x74 c:/program files/microchip/xc16/v2.10/bin/bin/../../lib\libc99-elf.a(__printf_core.XX_o)
                  0x002630                  ___pad
 .libc.__dummy_fmt3
                  0x0026a4          0x2 c:/program files/microchip/xc16/v2.10/bin/bin/../../lib\libc99-elf.a(__printf_core.XX_o)
 .libc.__dummy_fmt4
                  0x0026a6          0x2 c:/program files/microchip/xc16/v2.10/bin/bin/../../lib\libc99-elf.a(__printf_core.XX_o)
 .libc.__dummy_fmts
                  0x0026a8          0x2 c:/program files/microchip/xc16/v2.10/bin/bin/../../lib\libc99-elf.a(__printf_core.XX_o)
 .libc.__fmt_state
                  0x0026aa         0x2c c:/program files/microchip/xc16/v2.10/bin/bin/../../lib\libc99-elf.a(__printf_core.XX_o)
                  0x0026aa                  ___fmt_state
 .libc.vfpfcnvrt.clone.0
                  0x0026d6        0x2d8 c:/program files/microchip/xc16/v2.10/bin/bin/../../lib\libc99-elf.a(__printf_core.XX_o)
 .libc.__printf_core
                  0x0029ae         0x40 c:/program files/microchip/xc16/v2.10/bin/bin/../../lib\libc99-elf.a(__printf_core.XX_o)
                  0x0029ae                  ___printf_core
 .libc.__uflow    0x0029ee         0x2a c:/program files/microchip/xc16/v2.10/bin/bin/../../lib\libc99-elf.a(__uflow.XX_o)
                  0x0029ee                  ___uflow
 .libc.memcpy     0x002a18          0xe c:/program files/microchip/xc16/v2.10/bin/bin/../../lib\libc99-elf.a(memcpy.XX_o)
                  0x002a18                  _memcpy
 .libc.strlen     0x002a26         0x30 c:/program files/microchip/xc16/v2.10/bin/bin/../../lib\libc99-elf.a(strlen.XX_o)
                  0x002a26                  _strlen
 .libc.tolower    0x002a56          0xc c:/program files/microchip/xc16/v2.10/bin/bin/../../lib\libc99-elf.a(tolower.XX_o)
                  0x002a56                  _tolower
 .libc.__tolower_l
                  0x002a62          0x2 c:/program files/microchip/xc16/v2.10/bin/bin/../../lib\libc99-elf.a(tolower.XX_o)
                  0x002a62                  ___tolower_l
                  0x002a62                  _tolower_l
 .libc.__LONG_DOUBLE_BITS
                  0x002a64          0x2 c:/program files/microchip/xc16/v2.10/bin/bin/../../lib\libc99-elf.a(__fmt_a.XX_o)
 .libc.__fmt_a    0x002a66        0x544 c:/program files/microchip/xc16/v2.10/bin/bin/../../lib\libc99-elf.a(__fmt_a.XX_o)
                  0x002a66                  ___fmt_a_needed
                  0x002a66                  ___fmt_a
 .libc.__fmt_d    0x002faa         0xb2 c:/program files/microchip/xc16/v2.10/bin/bin/../../lib\libc99-elf.a(__fmt_d.XX_o)
                  0x002faa                  ___fmt_d
                  0x002faa                  ___fmt_d_needed
 .libc.__LONG_DOUBLE_BITS
                  0x00305c          0x2 c:/program files/microchip/xc16/v2.10/bin/bin/../../lib\libc99-elf.a(__fmt_fp.XX_o)
 .libc.__fmt_fp
                  0x00305e        0x5b6 c:/program files/microchip/xc16/v2.10/bin/bin/../../lib\libc99-elf.a(__fmt_fp.XX_o)
                  0x00305e                  ___fmt_f_needed
                  0x00305e                  ___fmt_fp
 .libc.__fmt_o    0x003614         0x6a c:/program files/microchip/xc16/v2.10/bin/bin/../../lib\libc99-elf.a(__fmt_o.XX_o)
                  0x003614                  ___fmt_o
                  0x003614                  ___fmt_o_needed
 .libc.__fmt_s    0x00367e         0x54 c:/program files/microchip/xc16/v2.10/bin/bin/../../lib\libc99-elf.a(__fmt_s.XX_o)
                  0x00367e                  ___fmt_0_needed
                  0x00367e                  ___fmt_s_needed
                  0x00367e                  ___fmt_s
 .libc.__cvt_u    0x0036d2         0xa6 c:/program files/microchip/xc16/v2.10/bin/bin/../../lib\libc99-elf.a(__fmt_u.XX_o)
                  0x0036d2                  ___cvt_u
 .libc.__fmt_u    0x003778         0x52 c:/program files/microchip/xc16/v2.10/bin/bin/../../lib\libc99-elf.a(__fmt_u.XX_o)
                  0x003778                  ___fmt_u
                  0x003778                  ___fmt_u_needed
 .libc.__fmt_x    0x0037ca        0x14a c:/program files/microchip/xc16/v2.10/bin/bin/../../lib\libc99-elf.a(__fmt_x.XX_o)
                  0x0037ca                  ___fmt_x_needed
                  0x0037ca                  ___fmt_x
 .libc.__toread
                  0x003914         0x48 c:/program files/microchip/xc16/v2.10/bin/bin/../../lib\libc99-elf.a(__toread.XX_o)
                  0x003914                  ___toread
 .libc.__toread_needs_stdio_exit
                  0x00395c          0x2 c:/program files/microchip/xc16/v2.10/bin/bin/../../lib\libc99-elf.a(__toread.XX_o)
                  0x00395c                  ___toread_needs_stdio_exit
 .libc.strcpy     0x00395e          0xe c:/program files/microchip/xc16/v2.10/bin/bin/../../lib\libc99-elf.a(strcpy.XX_o)
                  0x00395e                  _strcpy
 .libc.toupper    0x00396c          0xc c:/program files/microchip/xc16/v2.10/bin/bin/../../lib\libc99-elf.a(toupper.XX_o)
                  0x00396c                  _toupper
 .libc.__toupper_l
                  0x003978          0x2 c:/program files/microchip/xc16/v2.10/bin/bin/../../lib\libc99-elf.a(toupper.XX_o)
                  0x003978                  ___toupper_l
                  0x003978                  _toupper_l
 .libc.__dummy    0x00397a          0x2 c:/program files/microchip/xc16/v2.10/bin/bin/../../lib\libc99-elf.a(__stdio_exit.XX_o)
                  0x00397a                  ___stdio_exit_ofl
 .libc.__dummy1
                  0x00397c          0x2 c:/program files/microchip/xc16/v2.10/bin/bin/../../lib\libc99-elf.a(__stdio_exit.XX_o)
                  0x00397c                  ___fclose
 .libc.__stdio_exit
                  0x00397e         0x14 c:/program files/microchip/xc16/v2.10/bin/bin/../../lib\libc99-elf.a(__stdio_exit.XX_o)
                  0x00397e                  ___stdio_exit_needed
                  0x00397e                  ___stdio_exit
 .libc.__stpcpy
                  0x003992         0x40 c:/program files/microchip/xc16/v2.10/bin/bin/../../lib\libc99-elf.a(stpcpy.XX_o)
                  0x003992                  ___stpcpy
                  0x003992                  _stpcpy
 .libm.eqdf2      0x0039d2          0xa c:/program files/microchip/xc16/v2.10/bin/bin/../../lib\libc99-pic30-elf.a(deqltle.XX_o)
                  0x0039d2                  ___eqdf2
                  0x0039d2                  ___ltdf2
                  0x0039d2                  ___ledf2
 .libm.gtdf2      0x0039dc          0xa c:/program files/microchip/xc16/v2.10/bin/bin/../../lib\libc99-pic30-elf.a(dgtge.XX_o)
                  0x0039dc                  ___gtdf2
                  0x0039dc                  ___gedf2
 .libm.divsi3     0x0039e6         0x1e c:/program files/microchip/xc16/v2.10/bin/bin/../../lib\libc99-pic30-elf.a(divsi3.XX_o)
                  0x0039e6                  ___divsi3
 .libm.nedf2      0x003a04          0xa c:/program files/microchip/xc16/v2.10/bin/bin/../../lib\libc99-pic30-elf.a(dne.XX_o)
                  0x003a04                  ___nedf2
 .libm.extendsfdf2
                  0x003a0e         0x3e c:/program files/microchip/xc16/v2.10/bin/bin/../../lib\libc99-pic30-elf.a(extendsfdf.XX_o)
                  0x003a0e                  ___extendsfdf2
 .libm.fixdfsi    0x003a4c         0x58 c:/program files/microchip/xc16/v2.10/bin/bin/../../lib\libc99-pic30-elf.a(fixdfsi.XX_o)
                  0x003a4c                  _(float, int, long long, double, float, short, int)
 .libm.floatsidf
                  0x003aa4          0x6 c:/program files/microchip/xc16/v2.10/bin/bin/../../lib\libc99-pic30-elf.a(floatsidf.XX_o)
                  0x003aa4                  ___floatsidf
 .libm.floatsisf
                  0x003aaa          0x6 c:/program files/microchip/xc16/v2.10/bin/bin/../../lib\libc99-pic30-elf.a(floatsisf.XX_o)
                  0x003aaa                  ___floatsisf
 .libm.floatunsidf
                  0x003ab0          0x4 c:/program files/microchip/xc16/v2.10/bin/bin/../../lib\libc99-pic30-elf.a(floatunsidf.XX_o)
                  0x003ab0                  ___floatunsidf
 .libm.truncdfsf2
                  0x003ab4         0x56 c:/program files/microchip/xc16/v2.10/bin/bin/../../lib\libc99-pic30-elf.a(truncdfsf.XX_o)
                  0x003ab4                  ___truncdfsf2
 .libm.umodsi3    0x003b0a          0x6 c:/program files/microchip/xc16/v2.10/bin/bin/../../lib\libc99-pic30-elf.a(umodsi3.XX_o)
                  0x003b0a                  ___umodsi3
 .libm.mulsi3     0x003b10          0xc c:/program files/microchip/xc16/v2.10/bin/bin/../../lib\libc99-pic30-elf.a(mulsi3.XX_o)
                  0x003b10                  ___mulp32peds3
                  0x003b10                  ___mulsi3
                  0x003b10                  ___mulp32eds3
 .lib_dpfops      0x003b1c         0xa2 c:/program files/microchip/xc16/v2.10/bin/bin/../../lib\libc99-pic30-elf.a(dpadd.XX_o)
                  0x003b1c                  ___subdf3
                  0x003b28                  ___adddf3
 .lib_dpfops      0x003bbe        0x15e c:/program files/microchip/xc16/v2.10/bin/bin/../../lib\libc99-pic30-elf.a(dpdiv.XX_o)
                  0x003bbe                  ___divdf3
 .lib_dpfops      0x003d1c        0x11a c:/program files/microchip/xc16/v2.10/bin/bin/../../lib\libc99-pic30-elf.a(dpmul.XX_o)
                  0x003d1c                  ___muldf3
 .lib_dpfops      0x003e36        0x128 c:/program files/microchip/xc16/v2.10/bin/bin/../../lib\libc99-pic30-elf.a(dpsubs.XX_o)
                  0x003e50                  __dxchg
                  0x003e5e                  __drshft
                  0x003eb8                  __dupchk
                  0x003f1a                  __drndex
                  0x003f24                  __dnsrnd
                  0x003f50                  __dpakex
 .libm.dcompare
                  0x003f5e         0x52 c:/program files/microchip/xc16/v2.10/bin/bin/../../lib\libc99-pic30-elf.a(dcompare.XX_o)
                  0x003f5e                  __dcompare
 .libm.dtype      0x003fb0         0x24 c:/program files/microchip/xc16/v2.10/bin/bin/../../lib\libc99-pic30-elf.a(dtype.XX_o)
                  0x003fb0                  __dtype
 .libm.dunpack    0x003fd4         0x4e c:/program files/microchip/xc16/v2.10/bin/bin/../../lib\libc99-pic30-elf.a(dunpack.XX_o)
                  0x003fd4                  __dunpack
 .libm.dunpack2
                  0x004022         0x32 c:/program files/microchip/xc16/v2.10/bin/bin/../../lib\libc99-pic30-elf.a(dunpack2.XX_o)
                  0x004022                  __dunpack2
                  0x004044                  __dreturnNaN
                  0x00404a                  __dunpack2exit
 .libm.floatdidf
                  0x004054         0x20 c:/program files/microchip/xc16/v2.10/bin/bin/../../lib\libc99-pic30-elf.a(floatdidf.XX_o)
                  0x004054                  ___floatdidf
 .libm.floatdisf
                  0x004074         0x20 c:/program files/microchip/xc16/v2.10/bin/bin/../../lib\libc99-pic30-elf.a(floatdisf.XX_o)
                  0x004074                  ___floatdisf
 .libm.floatundidf
                  0x004094         0x56 c:/program files/microchip/xc16/v2.10/bin/bin/../../lib\libc99-pic30-elf.a(floatundidf.XX_o)
                  0x004094                  ___floatundidf
 .libm.dpack      0x0040ea         0x58 c:/program files/microchip/xc16/v2.10/bin/bin/../../lib\libc99-pic30-elf.a(dpack.XX_o)
                  0x0040ea                  __dpack
 .libm.dPropagateNaN
                  0x004142         0x1c c:/program files/microchip/xc16/v2.10/bin/bin/../../lib\libc99-pic30-elf.a(dpropagateNaN.XX_o)
                  0x004142                  __dPropagateNaN
 .libc.copysignl
                  0x00415e         0x34 c:/program files/microchip/xc16/v2.10/bin/bin/../../lib\libm-elf.a(copysignl.XX_o)
                  0x00415e                  _copysignl
 .libc.fabsl      0x004192         0x16 c:/program files/microchip/xc16/v2.10/bin/bin/../../lib\libm-elf.a(fabsl.XX_o)
                  0x004192                  _fabsl
 .libc.floorl     0x0041a8         0xf8 c:/program files/microchip/xc16/v2.10/bin/bin/../../lib\libm-elf.a(floorl.XX_o)
                  0x0041a8                  _floorl
 .libc.__LONG_DOUBLE_BITS
                  0x0042a0          0x2 c:/program files/microchip/xc16/v2.10/bin/bin/../../lib\libm-elf.a(fmodl.XX_o)
 .libc.fmodl      0x0042a2        0x32c c:/program files/microchip/xc16/v2.10/bin/bin/../../lib\libm-elf.a(fmodl.XX_o)
                  0x0042a2                  _fmodl
 .libc.scalbnf    0x0045ce         0x54 c:/program files/microchip/xc16/v2.10/bin/bin/../../lib\libm-elf.a(scalbnf.XX_o)
                  0x0045ce                  _scalbnf
 .libc.scalbnl    0x004622         0x60 c:/program files/microchip/xc16/v2.10/bin/bin/../../lib\libm-elf.a(scalbnl.XX_o)
                  0x004622                  _scalbnl

usercode
 *(usercode)

__CONFIG2
 *(__CONFIG2.sec*)

__CONFIG1
 *(__CONFIG1.sec*)

.comment
 *(.comment)

.debug_info       0x000000       0x19f3
 *(.debug_info)
 .debug_info      0x000000         0x8d c:/program files/microchip/xc16/v2.10/bin/bin/../../lib\libc99-pic30-elf.a(feqltle.XX_o)
 .debug_info      0x00008d         0x90 c:/program files/microchip/xc16/v2.10/bin/bin/../../lib\libc99-pic30-elf.a(fixunssfdi.XX_o)
 .debug_info      0x00011d         0x90 c:/program files/microchip/xc16/v2.10/bin/bin/../../lib\libc99-pic30-elf.a(fixunssfsi.XX_o)
 .debug_info      0x0001ad         0x91 c:/program files/microchip/xc16/v2.10/bin/bin/../../lib\libc99-pic30-elf.a(floatundisf.XX_o)
 .debug_info      0x00023e         0x91 c:/program files/microchip/xc16/v2.10/bin/bin/../../lib\libc99-pic30-elf.a(floatunsisf.XX_o)
 .debug_info      0x0002cf         0x8b c:/program files/microchip/xc16/v2.10/bin/bin/../../lib\libc99-pic30-elf.a(fpack.XX_o)
 .debug_info      0x00035a         0x8d c:/program files/microchip/xc16/v2.10/bin/bin/../../lib\libc99-pic30-elf.a(funpack.XX_o)
 .debug_info      0x0003e7         0x8d c:/program files/microchip/xc16/v2.10/bin/bin/../../lib\libc99-pic30-elf.a(udivsi3.XX_o)
 .debug_info      0x000474         0x9d c:/program files/microchip/xc16/v2.10/bin/bin/../../lib\libc99-pic30-elf.a(addsf3x.XX_o)
 .debug_info      0x000511         0x9d c:/program files/microchip/xc16/v2.10/bin/bin/../../lib\libc99-pic30-elf.a(divsf3x.XX_o)
 .debug_info      0x0005ae         0x9d c:/program files/microchip/xc16/v2.10/bin/bin/../../lib\libc99-pic30-elf.a(mulsf3x.XX_o)
 .debug_info      0x00064b         0xa0 c:/program files/microchip/xc16/v2.10/bin/bin/../../lib\libc99-pic30-elf.a(dnrmpackfx.XX_o)
 .debug_info      0x0006eb         0xa2 c:/program files/microchip/xc16/v2.10/bin/bin/../../lib\libc99-pic30-elf.a(unpackdnrmfx.XX_o)
 .debug_info      0x00078d         0x9c c:/program files/microchip/xc16/v2.10/bin/bin/../../lib\libc99-pic30-elf.a(typefx.XX_o)
 .debug_info      0x000829         0x9f c:/program files/microchip/xc16/v2.10/bin/bin/../../lib\libc99-pic30-elf.a(propnanfx.XX_o)
 .debug_info      0x0008c8         0x9d c:/program files/microchip/xc16/v2.10/bin/bin/../../lib\libc99-pic30-elf.a(spackfx.XX_o)
 .debug_info      0x000965         0x9e c:/program files/microchip/xc16/v2.10/bin/bin/../../lib\libc99-pic30-elf.a(unpackfx.XX_o)
 .debug_info      0x000a03         0x8e c:/program files/microchip/xc16/v2.10/bin/bin/../../lib\libc99-pic30-elf.a(fcompare.XX_o)
 .debug_info      0x000a91         0x8e c:/program files/microchip/xc16/v2.10/bin/bin/../../lib\libc99-pic30-elf.a(funpack2.XX_o)
 .debug_info      0x000b1f         0x8d c:/program files/microchip/xc16/v2.10/bin/bin/../../lib\libc99-pic30-elf.a(umuldi3.XX_o)
 .debug_info      0x000bac         0x8d c:/program files/microchip/xc16/v2.10/bin/bin/../../lib\libc99-pic30-elf.a(deqltle.XX_o)
 .debug_info      0x000c39         0x8b c:/program files/microchip/xc16/v2.10/bin/bin/../../lib\libc99-pic30-elf.a(dgtge.XX_o)
 .debug_info      0x000cc4         0x8c c:/program files/microchip/xc16/v2.10/bin/bin/../../lib\libc99-pic30-elf.a(divsi3.XX_o)
 .debug_info      0x000d50         0x89 c:/program files/microchip/xc16/v2.10/bin/bin/../../lib\libc99-pic30-elf.a(dne.XX_o)
 .debug_info      0x000dd9         0x90 c:/program files/microchip/xc16/v2.10/bin/bin/../../lib\libc99-pic30-elf.a(extendsfdf.XX_o)
 .debug_info      0x000e69         0x8d c:/program files/microchip/xc16/v2.10/bin/bin/../../lib\libc99-pic30-elf.a(fixdfsi.XX_o)
 .debug_info      0x000ef6         0x8f c:/program files/microchip/xc16/v2.10/bin/bin/../../lib\libc99-pic30-elf.a(floatsidf.XX_o)
 .debug_info      0x000f85         0x8f c:/program files/microchip/xc16/v2.10/bin/bin/../../lib\libc99-pic30-elf.a(floatsisf.XX_o)
 .debug_info      0x001014         0x91 c:/program files/microchip/xc16/v2.10/bin/bin/../../lib\libc99-pic30-elf.a(floatunsidf.XX_o)
 .debug_info      0x0010a5         0x8f c:/program files/microchip/xc16/v2.10/bin/bin/../../lib\libc99-pic30-elf.a(truncdfsf.XX_o)
 .debug_info      0x001134         0x8d c:/program files/microchip/xc16/v2.10/bin/bin/../../lib\libc99-pic30-elf.a(umodsi3.XX_o)
 .debug_info      0x0011c1         0x8c c:/program files/microchip/xc16/v2.10/bin/bin/../../lib\libc99-pic30-elf.a(mulsi3.XX_o)
 .debug_info      0x00124d         0xa9 c:/program files/microchip/xc16/v2.10/bin/bin/../../lib\libc99-pic30-elf.a(dpadd.XX_o)
 .debug_info      0x0012f6         0xa9 c:/program files/microchip/xc16/v2.10/bin/bin/../../lib\libc99-pic30-elf.a(dpdiv.XX_o)
 .debug_info      0x00139f         0xa9 c:/program files/microchip/xc16/v2.10/bin/bin/../../lib\libc99-pic30-elf.a(dpmul.XX_o)
 .debug_info      0x001448         0xaa c:/program files/microchip/xc16/v2.10/bin/bin/../../lib\libc99-pic30-elf.a(dpsubs.XX_o)
 .debug_info      0x0014f2         0x8e c:/program files/microchip/xc16/v2.10/bin/bin/../../lib\libc99-pic30-elf.a(dcompare.XX_o)
 .debug_info      0x001580         0x8b c:/program files/microchip/xc16/v2.10/bin/bin/../../lib\libc99-pic30-elf.a(dtype.XX_o)
 .debug_info      0x00160b         0x8d c:/program files/microchip/xc16/v2.10/bin/bin/../../lib\libc99-pic30-elf.a(dunpack.XX_o)
 .debug_info      0x001698         0x8e c:/program files/microchip/xc16/v2.10/bin/bin/../../lib\libc99-pic30-elf.a(dunpack2.XX_o)
 .debug_info      0x001726         0x8f c:/program files/microchip/xc16/v2.10/bin/bin/../../lib\libc99-pic30-elf.a(floatdidf.XX_o)
 .debug_info      0x0017b5         0x8f c:/program files/microchip/xc16/v2.10/bin/bin/../../lib\libc99-pic30-elf.a(floatdisf.XX_o)
 .debug_info      0x001844         0x91 c:/program files/microchip/xc16/v2.10/bin/bin/../../lib\libc99-pic30-elf.a(floatundidf.XX_o)
 .debug_info      0x0018d5         0x8b c:/program files/microchip/xc16/v2.10/bin/bin/../../lib\libc99-pic30-elf.a(dpack.XX_o)
 .debug_info      0x001960         0x93 c:/program files/microchip/xc16/v2.10/bin/bin/../../lib\libc99-pic30-elf.a(dpropagateNaN.XX_o)
 *(.gnu.linkonce.wi.*)

.debug_abbrev     0x000000        0x384
 *(.debug_abbrev)
 .debug_abbrev    0x000000         0x14 c:/program files/microchip/xc16/v2.10/bin/bin/../../lib\libc99-pic30-elf.a(feqltle.XX_o)
 .debug_abbrev    0x000014         0x14 c:/program files/microchip/xc16/v2.10/bin/bin/../../lib\libc99-pic30-elf.a(fixunssfdi.XX_o)
 .debug_abbrev    0x000028         0x14 c:/program files/microchip/xc16/v2.10/bin/bin/../../lib\libc99-pic30-elf.a(fixunssfsi.XX_o)
 .debug_abbrev    0x00003c         0x14 c:/program files/microchip/xc16/v2.10/bin/bin/../../lib\libc99-pic30-elf.a(floatundisf.XX_o)
 .debug_abbrev    0x000050         0x14 c:/program files/microchip/xc16/v2.10/bin/bin/../../lib\libc99-pic30-elf.a(floatunsisf.XX_o)
 .debug_abbrev    0x000064         0x14 c:/program files/microchip/xc16/v2.10/bin/bin/../../lib\libc99-pic30-elf.a(fpack.XX_o)
 .debug_abbrev    0x000078         0x14 c:/program files/microchip/xc16/v2.10/bin/bin/../../lib\libc99-pic30-elf.a(funpack.XX_o)
 .debug_abbrev    0x00008c         0x14 c:/program files/microchip/xc16/v2.10/bin/bin/../../lib\libc99-pic30-elf.a(udivsi3.XX_o)
 .debug_abbrev    0x0000a0         0x14 c:/program files/microchip/xc16/v2.10/bin/bin/../../lib\libc99-pic30-elf.a(addsf3x.XX_o)
 .debug_abbrev    0x0000b4         0x14 c:/program files/microchip/xc16/v2.10/bin/bin/../../lib\libc99-pic30-elf.a(divsf3x.XX_o)
 .debug_abbrev    0x0000c8         0x14 c:/program files/microchip/xc16/v2.10/bin/bin/../../lib\libc99-pic30-elf.a(mulsf3x.XX_o)
 .debug_abbrev    0x0000dc         0x14 c:/program files/microchip/xc16/v2.10/bin/bin/../../lib\libc99-pic30-elf.a(dnrmpackfx.XX_o)
 .debug_abbrev    0x0000f0         0x14 c:/program files/microchip/xc16/v2.10/bin/bin/../../lib\libc99-pic30-elf.a(unpackdnrmfx.XX_o)
 .debug_abbrev    0x000104         0x14 c:/program files/microchip/xc16/v2.10/bin/bin/../../lib\libc99-pic30-elf.a(typefx.XX_o)
 .debug_abbrev    0x000118         0x14 c:/program files/microchip/xc16/v2.10/bin/bin/../../lib\libc99-pic30-elf.a(propnanfx.XX_o)
 .debug_abbrev    0x00012c         0x14 c:/program files/microchip/xc16/v2.10/bin/bin/../../lib\libc99-pic30-elf.a(spackfx.XX_o)
 .debug_abbrev    0x000140         0x14 c:/program files/microchip/xc16/v2.10/bin/bin/../../lib\libc99-pic30-elf.a(unpackfx.XX_o)
 .debug_abbrev    0x000154         0x14 c:/program files/microchip/xc16/v2.10/bin/bin/../../lib\libc99-pic30-elf.a(fcompare.XX_o)
 .debug_abbrev    0x000168         0x14 c:/program files/microchip/xc16/v2.10/bin/bin/../../lib\libc99-pic30-elf.a(funpack2.XX_o)
 .debug_abbrev    0x00017c         0x14 c:/program files/microchip/xc16/v2.10/bin/bin/../../lib\libc99-pic30-elf.a(umuldi3.XX_o)
 .debug_abbrev    0x000190         0x14 c:/program files/microchip/xc16/v2.10/bin/bin/../../lib\libc99-pic30-elf.a(deqltle.XX_o)
 .debug_abbrev    0x0001a4         0x14 c:/program files/microchip/xc16/v2.10/bin/bin/../../lib\libc99-pic30-elf.a(dgtge.XX_o)
 .debug_abbrev    0x0001b8         0x14 c:/program files/microchip/xc16/v2.10/bin/bin/../../lib\libc99-pic30-elf.a(divsi3.XX_o)
 .debug_abbrev    0x0001cc         0x14 c:/program files/microchip/xc16/v2.10/bin/bin/../../lib\libc99-pic30-elf.a(dne.XX_o)
 .debug_abbrev    0x0001e0         0x14 c:/program files/microchip/xc16/v2.10/bin/bin/../../lib\libc99-pic30-elf.a(extendsfdf.XX_o)
 .debug_abbrev    0x0001f4         0x14 c:/program files/microchip/xc16/v2.10/bin/bin/../../lib\libc99-pic30-elf.a(fixdfsi.XX_o)
 .debug_abbrev    0x000208         0x14 c:/program files/microchip/xc16/v2.10/bin/bin/../../lib\libc99-pic30-elf.a(floatsidf.XX_o)
 .debug_abbrev    0x00021c         0x14 c:/program files/microchip/xc16/v2.10/bin/bin/../../lib\libc99-pic30-elf.a(floatsisf.XX_o)
 .debug_abbrev    0x000230         0x14 c:/program files/microchip/xc16/v2.10/bin/bin/../../lib\libc99-pic30-elf.a(floatunsidf.XX_o)
 .debug_abbrev    0x000244         0x14 c:/program files/microchip/xc16/v2.10/bin/bin/../../lib\libc99-pic30-elf.a(truncdfsf.XX_o)
 .debug_abbrev    0x000258         0x14 c:/program files/microchip/xc16/v2.10/bin/bin/../../lib\libc99-pic30-elf.a(umodsi3.XX_o)
 .debug_abbrev    0x00026c         0x14 c:/program files/microchip/xc16/v2.10/bin/bin/../../lib\libc99-pic30-elf.a(mulsi3.XX_o)
 .debug_abbrev    0x000280         0x14 c:/program files/microchip/xc16/v2.10/bin/bin/../../lib\libc99-pic30-elf.a(dpadd.XX_o)
 .debug_abbrev    0x000294         0x14 c:/program files/microchip/xc16/v2.10/bin/bin/../../lib\libc99-pic30-elf.a(dpdiv.XX_o)
 .debug_abbrev    0x0002a8         0x14 c:/program files/microchip/xc16/v2.10/bin/bin/../../lib\libc99-pic30-elf.a(dpmul.XX_o)
 .debug_abbrev    0x0002bc         0x14 c:/program files/microchip/xc16/v2.10/bin/bin/../../lib\libc99-pic30-elf.a(dpsubs.XX_o)
 .debug_abbrev    0x0002d0         0x14 c:/program files/microchip/xc16/v2.10/bin/bin/../../lib\libc99-pic30-elf.a(dcompare.XX_o)
 .debug_abbrev    0x0002e4         0x14 c:/program files/microchip/xc16/v2.10/bin/bin/../../lib\libc99-pic30-elf.a(dtype.XX_o)
 .debug_abbrev    0x0002f8         0x14 c:/program files/microchip/xc16/v2.10/bin/bin/../../lib\libc99-pic30-elf.a(dunpack.XX_o)
 .debug_abbrev    0x00030c         0x14 c:/program files/microchip/xc16/v2.10/bin/bin/../../lib\libc99-pic30-elf.a(dunpack2.XX_o)
 .debug_abbrev    0x000320         0x14 c:/program files/microchip/xc16/v2.10/bin/bin/../../lib\libc99-pic30-elf.a(floatdidf.XX_o)
 .debug_abbrev    0x000334         0x14 c:/program files/microchip/xc16/v2.10/bin/bin/../../lib\libc99-pic30-elf.a(floatdisf.XX_o)
 .debug_abbrev    0x000348         0x14 c:/program files/microchip/xc16/v2.10/bin/bin/../../lib\libc99-pic30-elf.a(floatundidf.XX_o)
 .debug_abbrev    0x00035c         0x14 c:/program files/microchip/xc16/v2.10/bin/bin/../../lib\libc99-pic30-elf.a(dpack.XX_o)
 .debug_abbrev    0x000370         0x14 c:/program files/microchip/xc16/v2.10/bin/bin/../../lib\libc99-pic30-elf.a(dpropagateNaN.XX_o)

.debug_line       0x000000       0x12cc
 *(.debug_line)
 .debug_line      0x000000         0x37 c:/program files/microchip/xc16/v2.10/bin/bin/../../lib\libc99-pic30-elf.a(feqltle.XX_o)
 .debug_line      0x000037         0x59 c:/program files/microchip/xc16/v2.10/bin/bin/../../lib\libc99-pic30-elf.a(fixunssfdi.XX_o)
 .debug_line      0x000090         0x53 c:/program files/microchip/xc16/v2.10/bin/bin/../../lib\libc99-pic30-elf.a(fixunssfsi.XX_o)
 .debug_line      0x0000e3         0x6c c:/program files/microchip/xc16/v2.10/bin/bin/../../lib\libc99-pic30-elf.a(floatundisf.XX_o)
 .debug_line      0x00014f         0x3b c:/program files/microchip/xc16/v2.10/bin/bin/../../lib\libc99-pic30-elf.a(floatunsisf.XX_o)
 .debug_line      0x00018a         0x5a c:/program files/microchip/xc16/v2.10/bin/bin/../../lib\libc99-pic30-elf.a(fpack.XX_o)
 .debug_line      0x0001e4         0x4a c:/program files/microchip/xc16/v2.10/bin/bin/../../lib\libc99-pic30-elf.a(funpack.XX_o)
 .debug_line      0x00022e         0x45 c:/program files/microchip/xc16/v2.10/bin/bin/../../lib\libc99-pic30-elf.a(udivsi3.XX_o)
 .debug_line      0x000273        0x136 c:/program files/microchip/xc16/v2.10/bin/bin/../../lib\libc99-pic30-elf.a(addsf3x.XX_o)
 .debug_line      0x0003a9        0x124 c:/program files/microchip/xc16/v2.10/bin/bin/../../lib\libc99-pic30-elf.a(divsf3x.XX_o)
 .debug_line      0x0004cd         0xcc c:/program files/microchip/xc16/v2.10/bin/bin/../../lib\libc99-pic30-elf.a(mulsf3x.XX_o)
 .debug_line      0x000599         0x72 c:/program files/microchip/xc16/v2.10/bin/bin/../../lib\libc99-pic30-elf.a(dnrmpackfx.XX_o)
 .debug_line      0x00060b         0x7a c:/program files/microchip/xc16/v2.10/bin/bin/../../lib\libc99-pic30-elf.a(unpackdnrmfx.XX_o)
 .debug_line      0x000685         0x5e c:/program files/microchip/xc16/v2.10/bin/bin/../../lib\libc99-pic30-elf.a(typefx.XX_o)
 .debug_line      0x0006e3         0x51 c:/program files/microchip/xc16/v2.10/bin/bin/../../lib\libc99-pic30-elf.a(propnanfx.XX_o)
 .debug_line      0x000734         0x98 c:/program files/microchip/xc16/v2.10/bin/bin/../../lib\libc99-pic30-elf.a(spackfx.XX_o)
 .debug_line      0x0007cc         0x79 c:/program files/microchip/xc16/v2.10/bin/bin/../../lib\libc99-pic30-elf.a(unpackfx.XX_o)
 .debug_line      0x000845         0x1a c:/program files/microchip/xc16/v2.10/bin/bin/../../lib\libc99-pic30-elf.a(errno.XX_o)
 .debug_line      0x00085f         0x53 c:/program files/microchip/xc16/v2.10/bin/bin/../../lib\libc99-pic30-elf.a(fcompare.XX_o)
 .debug_line      0x0008b2         0x3e c:/program files/microchip/xc16/v2.10/bin/bin/../../lib\libc99-pic30-elf.a(funpack2.XX_o)
 .debug_line      0x0008f0         0x57 c:/program files/microchip/xc16/v2.10/bin/bin/../../lib\libc99-pic30-elf.a(umuldi3.XX_o)
 .debug_line      0x000947         0x3a c:/program files/microchip/xc16/v2.10/bin/bin/../../lib\libc99-pic30-elf.a(deqltle.XX_o)
 .debug_line      0x000981         0x38 c:/program files/microchip/xc16/v2.10/bin/bin/../../lib\libc99-pic30-elf.a(dgtge.XX_o)
 .debug_line      0x0009b9         0x43 c:/program files/microchip/xc16/v2.10/bin/bin/../../lib\libc99-pic30-elf.a(divsi3.XX_o)
 .debug_line      0x0009fc         0x36 c:/program files/microchip/xc16/v2.10/bin/bin/../../lib\libc99-pic30-elf.a(dne.XX_o)
 .debug_line      0x000a32         0x59 c:/program files/microchip/xc16/v2.10/bin/bin/../../lib\libc99-pic30-elf.a(extendsfdf.XX_o)
 .debug_line      0x000a8b         0x61 c:/program files/microchip/xc16/v2.10/bin/bin/../../lib\libc99-pic30-elf.a(fixdfsi.XX_o)
 .debug_line      0x000aec         0x3a c:/program files/microchip/xc16/v2.10/bin/bin/../../lib\libc99-pic30-elf.a(floatsidf.XX_o)
 .debug_line      0x000b26         0x3a c:/program files/microchip/xc16/v2.10/bin/bin/../../lib\libc99-pic30-elf.a(floatsisf.XX_o)
 .debug_line      0x000b60         0x3b c:/program files/microchip/xc16/v2.10/bin/bin/../../lib\libc99-pic30-elf.a(floatunsidf.XX_o)
 .debug_line      0x000b9b         0x66 c:/program files/microchip/xc16/v2.10/bin/bin/../../lib\libc99-pic30-elf.a(truncdfsf.XX_o)
 .debug_line      0x000c01         0x38 c:/program files/microchip/xc16/v2.10/bin/bin/../../lib\libc99-pic30-elf.a(umodsi3.XX_o)
 .debug_line      0x000c39         0x3a c:/program files/microchip/xc16/v2.10/bin/bin/../../lib\libc99-pic30-elf.a(mulsi3.XX_o)
 .debug_line      0x000c73         0xa2 c:/program files/microchip/xc16/v2.10/bin/bin/../../lib\libc99-pic30-elf.a(dpadd.XX_o)
 .debug_line      0x000d15        0x100 c:/program files/microchip/xc16/v2.10/bin/bin/../../lib\libc99-pic30-elf.a(dpdiv.XX_o)
 .debug_line      0x000e15         0xde c:/program files/microchip/xc16/v2.10/bin/bin/../../lib\libc99-pic30-elf.a(dpmul.XX_o)
 .debug_line      0x000ef3         0xe8 c:/program files/microchip/xc16/v2.10/bin/bin/../../lib\libc99-pic30-elf.a(dpsubs.XX_o)
 .debug_line      0x000fdb         0x5f c:/program files/microchip/xc16/v2.10/bin/bin/../../lib\libc99-pic30-elf.a(dcompare.XX_o)
 .debug_line      0x00103a         0x45 c:/program files/microchip/xc16/v2.10/bin/bin/../../lib\libc99-pic30-elf.a(dtype.XX_o)
 .debug_line      0x00107f         0x5c c:/program files/microchip/xc16/v2.10/bin/bin/../../lib\libc99-pic30-elf.a(dunpack.XX_o)
 .debug_line      0x0010db         0x53 c:/program files/microchip/xc16/v2.10/bin/bin/../../lib\libc99-pic30-elf.a(dunpack2.XX_o)
 .debug_line      0x00112e         0x47 c:/program files/microchip/xc16/v2.10/bin/bin/../../lib\libc99-pic30-elf.a(floatdidf.XX_o)
 .debug_line      0x001175         0x47 c:/program files/microchip/xc16/v2.10/bin/bin/../../lib\libc99-pic30-elf.a(floatdisf.XX_o)
 .debug_line      0x0011bc         0x68 c:/program files/microchip/xc16/v2.10/bin/bin/../../lib\libc99-pic30-elf.a(floatundidf.XX_o)
 .debug_line      0x001224         0x5f c:/program files/microchip/xc16/v2.10/bin/bin/../../lib\libc99-pic30-elf.a(dpack.XX_o)
 .debug_line      0x001283         0x49 c:/program files/microchip/xc16/v2.10/bin/bin/../../lib\libc99-pic30-elf.a(dpropagateNaN.XX_o)

.debug_frame
 *(.debug_frame)

.debug_str
 *(.debug_str)

.debug_loc
 *(.debug_loc)

.debug_macinfo
 *(.debug_macinfo)

.debug_pubnames
 *(.debug_pubnames)

.debug_ranges
 *(.debug_ranges)

.debug_aranges    0x000000        0x5a0
 *(.debug_aranges)
 .debug_aranges
                  0x000000         0x20 c:/program files/microchip/xc16/v2.10/bin/bin/../../lib\libc99-pic30-elf.a(feqltle.XX_o)
 .debug_aranges
                  0x000020         0x20 c:/program files/microchip/xc16/v2.10/bin/bin/../../lib\libc99-pic30-elf.a(fixunssfdi.XX_o)
 .debug_aranges
                  0x000040         0x20 c:/program files/microchip/xc16/v2.10/bin/bin/../../lib\libc99-pic30-elf.a(fixunssfsi.XX_o)
 .debug_aranges
                  0x000060         0x20 c:/program files/microchip/xc16/v2.10/bin/bin/../../lib\libc99-pic30-elf.a(floatundisf.XX_o)
 .debug_aranges
                  0x000080         0x20 c:/program files/microchip/xc16/v2.10/bin/bin/../../lib\libc99-pic30-elf.a(floatunsisf.XX_o)
 .debug_aranges
                  0x0000a0         0x20 c:/program files/microchip/xc16/v2.10/bin/bin/../../lib\libc99-pic30-elf.a(fpack.XX_o)
 .debug_aranges
                  0x0000c0         0x20 c:/program files/microchip/xc16/v2.10/bin/bin/../../lib\libc99-pic30-elf.a(funpack.XX_o)
 .debug_aranges
                  0x0000e0         0x20 c:/program files/microchip/xc16/v2.10/bin/bin/../../lib\libc99-pic30-elf.a(udivsi3.XX_o)
 .debug_aranges
                  0x000100         0x20 c:/program files/microchip/xc16/v2.10/bin/bin/../../lib\libc99-pic30-elf.a(addsf3x.XX_o)
 .debug_aranges
                  0x000120         0x20 c:/program files/microchip/xc16/v2.10/bin/bin/../../lib\libc99-pic30-elf.a(divsf3x.XX_o)
 .debug_aranges
                  0x000140         0x20 c:/program files/microchip/xc16/v2.10/bin/bin/../../lib\libc99-pic30-elf.a(mulsf3x.XX_o)
 .debug_aranges
                  0x000160         0x20 c:/program files/microchip/xc16/v2.10/bin/bin/../../lib\libc99-pic30-elf.a(dnrmpackfx.XX_o)
 .debug_aranges
                  0x000180         0x20 c:/program files/microchip/xc16/v2.10/bin/bin/../../lib\libc99-pic30-elf.a(unpackdnrmfx.XX_o)
 .debug_aranges
                  0x0001a0         0x20 c:/program files/microchip/xc16/v2.10/bin/bin/../../lib\libc99-pic30-elf.a(typefx.XX_o)
 .debug_aranges
                  0x0001c0         0x20 c:/program files/microchip/xc16/v2.10/bin/bin/../../lib\libc99-pic30-elf.a(propnanfx.XX_o)
 .debug_aranges
                  0x0001e0         0x20 c:/program files/microchip/xc16/v2.10/bin/bin/../../lib\libc99-pic30-elf.a(spackfx.XX_o)
 .debug_aranges
                  0x000200         0x20 c:/program files/microchip/xc16/v2.10/bin/bin/../../lib\libc99-pic30-elf.a(unpackfx.XX_o)
 .debug_aranges
                  0x000220         0x20 c:/program files/microchip/xc16/v2.10/bin/bin/../../lib\libc99-pic30-elf.a(fcompare.XX_o)
 .debug_aranges
                  0x000240         0x20 c:/program files/microchip/xc16/v2.10/bin/bin/../../lib\libc99-pic30-elf.a(funpack2.XX_o)
 .debug_aranges
                  0x000260         0x20 c:/program files/microchip/xc16/v2.10/bin/bin/../../lib\libc99-pic30-elf.a(umuldi3.XX_o)
 .debug_aranges
                  0x000280         0x20 c:/program files/microchip/xc16/v2.10/bin/bin/../../lib\libc99-pic30-elf.a(deqltle.XX_o)
 .debug_aranges
                  0x0002a0         0x20 c:/program files/microchip/xc16/v2.10/bin/bin/../../lib\libc99-pic30-elf.a(dgtge.XX_o)
 .debug_aranges
                  0x0002c0         0x20 c:/program files/microchip/xc16/v2.10/bin/bin/../../lib\libc99-pic30-elf.a(divsi3.XX_o)
 .debug_aranges
                  0x0002e0         0x20 c:/program files/microchip/xc16/v2.10/bin/bin/../../lib\libc99-pic30-elf.a(dne.XX_o)
 .debug_aranges
                  0x000300         0x20 c:/program files/microchip/xc16/v2.10/bin/bin/../../lib\libc99-pic30-elf.a(extendsfdf.XX_o)
 .debug_aranges
                  0x000320         0x20 c:/program files/microchip/xc16/v2.10/bin/bin/../../lib\libc99-pic30-elf.a(fixdfsi.XX_o)
 .debug_aranges
                  0x000340         0x20 c:/program files/microchip/xc16/v2.10/bin/bin/../../lib\libc99-pic30-elf.a(floatsidf.XX_o)
 .debug_aranges
                  0x000360         0x20 c:/program files/microchip/xc16/v2.10/bin/bin/../../lib\libc99-pic30-elf.a(floatsisf.XX_o)
 .debug_aranges
                  0x000380         0x20 c:/program files/microchip/xc16/v2.10/bin/bin/../../lib\libc99-pic30-elf.a(floatunsidf.XX_o)
 .debug_aranges
                  0x0003a0         0x20 c:/program files/microchip/xc16/v2.10/bin/bin/../../lib\libc99-pic30-elf.a(truncdfsf.XX_o)
 .debug_aranges
                  0x0003c0         0x20 c:/program files/microchip/xc16/v2.10/bin/bin/../../lib\libc99-pic30-elf.a(umodsi3.XX_o)
 .debug_aranges
                  0x0003e0         0x20 c:/program files/microchip/xc16/v2.10/bin/bin/../../lib\libc99-pic30-elf.a(mulsi3.XX_o)
 .debug_aranges
                  0x000400         0x20 c:/program files/microchip/xc16/v2.10/bin/bin/../../lib\libc99-pic30-elf.a(dpadd.XX_o)
 .debug_aranges
                  0x000420         0x20 c:/program files/microchip/xc16/v2.10/bin/bin/../../lib\libc99-pic30-elf.a(dpdiv.XX_o)
 .debug_aranges
                  0x000440         0x20 c:/program files/microchip/xc16/v2.10/bin/bin/../../lib\libc99-pic30-elf.a(dpmul.XX_o)
 .debug_aranges
                  0x000460         0x20 c:/program files/microchip/xc16/v2.10/bin/bin/../../lib\libc99-pic30-elf.a(dpsubs.XX_o)
 .debug_aranges
                  0x000480         0x20 c:/program files/microchip/xc16/v2.10/bin/bin/../../lib\libc99-pic30-elf.a(dcompare.XX_o)
 .debug_aranges
                  0x0004a0         0x20 c:/program files/microchip/xc16/v2.10/bin/bin/../../lib\libc99-pic30-elf.a(dtype.XX_o)
 .debug_aranges
                  0x0004c0         0x20 c:/program files/microchip/xc16/v2.10/bin/bin/../../lib\libc99-pic30-elf.a(dunpack.XX_o)
 .debug_aranges
                  0x0004e0         0x20 c:/program files/microchip/xc16/v2.10/bin/bin/../../lib\libc99-pic30-elf.a(dunpack2.XX_o)
 .debug_aranges
                  0x000500         0x20 c:/program files/microchip/xc16/v2.10/bin/bin/../../lib\libc99-pic30-elf.a(floatdidf.XX_o)
 .debug_aranges
                  0x000520         0x20 c:/program files/microchip/xc16/v2.10/bin/bin/../../lib\libc99-pic30-elf.a(floatdisf.XX_o)
 .debug_aranges
                  0x000540         0x20 c:/program files/microchip/xc16/v2.10/bin/bin/../../lib\libc99-pic30-elf.a(floatundidf.XX_o)
 .debug_aranges
                  0x000560         0x20 c:/program files/microchip/xc16/v2.10/bin/bin/../../lib\libc99-pic30-elf.a(dpack.XX_o)
 .debug_aranges
                  0x000580         0x20 c:/program files/microchip/xc16/v2.10/bin/bin/../../lib\libc99-pic30-elf.a(dpropagateNaN.XX_o)
                    0x0000                  WREG0 = 0x0
                    0x0000                  _WREG0 = 0x0
                    0x0002                  WREG1 = 0x2
                    0x0002                  _WREG1 = 0x2
                    0x0004                  WREG2 = 0x4
                    0x0004                  _WREG2 = 0x4
                    0x0006                  WREG3 = 0x6
                    0x0006                  _WREG3 = 0x6
                    0x0008                  WREG4 = 0x8
                    0x0008                  _WREG4 = 0x8
                    0x000a                  WREG5 = 0xa
                    0x000a                  _WREG5 = 0xa
                    0x000c                  WREG6 = 0xc
                    0x000c                  _WREG6 = 0xc
                    0x000e                  WREG7 = 0xe
                    0x000e                  _WREG7 = 0xe
                    0x0010                  WREG8 = 0x10
                    0x0010                  _WREG8 = 0x10
                    0x0012                  WREG9 = 0x12
                    0x0012                  _WREG9 = 0x12
                    0x0014                  WREG10 = 0x14
                    0x0014                  _WREG10 = 0x14
                    0x0016                  WREG11 = 0x16
                    0x0016                  _WREG11 = 0x16
                    0x0018                  WREG12 = 0x18
                    0x0018                  _WREG12 = 0x18
                    0x001a                  WREG13 = 0x1a
                    0x001a                  _WREG13 = 0x1a
                    0x001c                  WREG14 = 0x1c
                    0x001c                  _WREG14 = 0x1c
                    0x001e                  WREG15 = 0x1e
                    0x001e                  _WREG15 = 0x1e
                    0x0020                  SPLIM = 0x20
                    0x0020                  _SPLIM = 0x20
                    0x002e                  PCL = 0x2e
                    0x002e                  _PCL = 0x2e
                    0x0030                  PCH = 0x30
                    0x0030                  _PCH = 0x30
                    0x0032                  TBLPAG = 0x32
                    0x0032                  _TBLPAG = 0x32
                    0x0034                  PSVPAG = 0x34
                    0x0034                  _PSVPAG = 0x34
                    0x0036                  RCOUNT = 0x36
                    0x0036                  _RCOUNT = 0x36
                    0x0042                  SR = 0x42
                    0x0042                  _SR = 0x42
                    0x0042                  _SRbits = 0x42
                    0x0044                  CORCON = 0x44
                    0x0044                  _CORCON = 0x44
                    0x0044                  _CORCONbits = 0x44
                    0x0052                  DISICNT = 0x52
                    0x0052                  _DISICNT = 0x52
                    0x0060                  CNEN1 = 0x60
                    0x0060                  _CNEN1 = 0x60
                    0x0060                  _CNEN1bits = 0x60
                    0x0062                  CNEN2 = 0x62
                    0x0062                  _CNEN2 = 0x62
                    0x0062                  _CNEN2bits = 0x62
                    0x0068                  CNPU1 = 0x68
                    0x0068                  _CNPU1 = 0x68
                    0x0068                  _CNPU1bits = 0x68
                    0x006a                  CNPU2 = 0x6a
                    0x006a                  _CNPU2 = 0x6a
                    0x006a                  _CNPU2bits = 0x6a
                    0x0080                  INTCON1 = 0x80
                    0x0080                  _INTCON1 = 0x80
                    0x0080                  _INTCON1bits = 0x80
                    0x0082                  INTCON2 = 0x82
                    0x0082                  _INTCON2 = 0x82
                    0x0082                  _INTCON2bits = 0x82
                    0x0084                  IFS0 = 0x84
                    0x0084                  _IFS0 = 0x84
                    0x0084                  _IFS0bits = 0x84
                    0x0086                  IFS1 = 0x86
                    0x0086                  _IFS1 = 0x86
                    0x0086                  _IFS1bits = 0x86
                    0x0088                  IFS2 = 0x88
                    0x0088                  _IFS2 = 0x88
                    0x0088                  _IFS2bits = 0x88
                    0x008a                  IFS3 = 0x8a
                    0x008a                  _IFS3 = 0x8a
                    0x008a                  _IFS3bits = 0x8a
                    0x008c                  IFS4 = 0x8c
                    0x008c                  _IFS4 = 0x8c
                    0x008c                  _IFS4bits = 0x8c
                    0x0094                  IEC0 = 0x94
                    0x0094                  _IEC0 = 0x94
                    0x0094                  _IEC0bits = 0x94
                    0x0096                  IEC1 = 0x96
                    0x0096                  _IEC1 = 0x96
                    0x0096                  _IEC1bits = 0x96
                    0x0098                  IEC2 = 0x98
                    0x0098                  _IEC2 = 0x98
                    0x0098                  _IEC2bits = 0x98
                    0x009a                  IEC3 = 0x9a
                    0x009a                  _IEC3 = 0x9a
                    0x009a                  _IEC3bits = 0x9a
                    0x009c                  IEC4 = 0x9c
                    0x009c                  _IEC4 = 0x9c
                    0x009c                  _IEC4bits = 0x9c
                    0x00a4                  IPC0 = 0xa4
                    0x00a4                  _IPC0 = 0xa4
                    0x00a4                  _IPC0bits = 0xa4
                    0x00a6                  IPC1 = 0xa6
                    0x00a6                  _IPC1 = 0xa6
                    0x00a6                  _IPC1bits = 0xa6
                    0x00a8                  IPC2 = 0xa8
                    0x00a8                  _IPC2 = 0xa8
                    0x00a8                  _IPC2bits = 0xa8
                    0x00aa                  IPC3 = 0xaa
                    0x00aa                  _IPC3 = 0xaa
                    0x00aa                  _IPC3bits = 0xaa
                    0x00ac                  IPC4 = 0xac
                    0x00ac                  _IPC4 = 0xac
                    0x00ac                  _IPC4bits = 0xac
                    0x00ae                  IPC5 = 0xae
                    0x00ae                  _IPC5 = 0xae
                    0x00ae                  _IPC5bits = 0xae
                    0x00b0                  IPC6 = 0xb0
                    0x00b0                  _IPC6 = 0xb0
                    0x00b0                  _IPC6bits = 0xb0
                    0x00b2                  IPC7 = 0xb2
                    0x00b2                  _IPC7 = 0xb2
                    0x00b2                  _IPC7bits = 0xb2
                    0x00b4                  IPC8 = 0xb4
                    0x00b4                  _IPC8 = 0xb4
                    0x00b4                  _IPC8bits = 0xb4
                    0x00b6                  IPC9 = 0xb6
                    0x00b6                  _IPC9 = 0xb6
                    0x00b6                  _IPC9bits = 0xb6
                    0x00b8                  IPC10 = 0xb8
                    0x00b8                  _IPC10 = 0xb8
                    0x00b8                  _IPC10bits = 0xb8
                    0x00ba                  IPC11 = 0xba
                    0x00ba                  _IPC11 = 0xba
                    0x00ba                  _IPC11bits = 0xba
                    0x00bc                  IPC12 = 0xbc
                    0x00bc                  _IPC12 = 0xbc
                    0x00bc                  _IPC12bits = 0xbc
                    0x00c2                  IPC15 = 0xc2
                    0x00c2                  _IPC15 = 0xc2
                    0x00c2                  _IPC15bits = 0xc2
                    0x00c4                  IPC16 = 0xc4
                    0x00c4                  _IPC16 = 0xc4
                    0x00c4                  _IPC16bits = 0xc4
                    0x00c8                  IPC18 = 0xc8
                    0x00c8                  _IPC18 = 0xc8
                    0x00c8                  _IPC18bits = 0xc8
                    0x00e0                  INTTREG = 0xe0
                    0x00e0                  _INTTREG = 0xe0
                    0x00e0                  _INTTREGbits = 0xe0
                    0x0100                  TMR1 = 0x100
                    0x0100                  _TMR1 = 0x100
                    0x0102                  PR1 = 0x102
                    0x0102                  _PR1 = 0x102
                    0x0104                  T1CON = 0x104
                    0x0104                  _T1CON = 0x104
                    0x0104                  _T1CONbits = 0x104
                    0x0106                  TMR2 = 0x106
                    0x0106                  _TMR2 = 0x106
                    0x0108                  TMR3HLD = 0x108
                    0x0108                  _TMR3HLD = 0x108
                    0x010a                  TMR3 = 0x10a
                    0x010a                  _TMR3 = 0x10a
                    0x010c                  PR2 = 0x10c
                    0x010c                  _PR2 = 0x10c
                    0x010e                  PR3 = 0x10e
                    0x010e                  _PR3 = 0x10e
                    0x0110                  T2CON = 0x110
                    0x0110                  _T2CON = 0x110
                    0x0110                  _T2CONbits = 0x110
                    0x0112                  T3CON = 0x112
                    0x0112                  _T3CON = 0x112
                    0x0112                  _T3CONbits = 0x112
                    0x0114                  TMR4 = 0x114
                    0x0114                  _TMR4 = 0x114
                    0x0116                  TMR5HLD = 0x116
                    0x0116                  _TMR5HLD = 0x116
                    0x0118                  TMR5 = 0x118
                    0x0118                  _TMR5 = 0x118
                    0x011a                  PR4 = 0x11a
                    0x011a                  _PR4 = 0x11a
                    0x011c                  PR5 = 0x11c
                    0x011c                  _PR5 = 0x11c
                    0x011e                  T4CON = 0x11e
                    0x011e                  _T4CON = 0x11e
                    0x011e                  _T4CONbits = 0x11e
                    0x0120                  T5CON = 0x120
                    0x0120                  _T5CON = 0x120
                    0x0120                  _T5CONbits = 0x120
                    0x0140                  IC1BUF = 0x140
                    0x0140                  _IC1BUF = 0x140
                    0x0142                  IC1CON = 0x142
                    0x0142                  _IC1CON = 0x142
                    0x0142                  _IC1CONbits = 0x142
                    0x0144                  IC2BUF = 0x144
                    0x0144                  _IC2BUF = 0x144
                    0x0146                  IC2CON = 0x146
                    0x0146                  _IC2CON = 0x146
                    0x0146                  _IC2CONbits = 0x146
                    0x0148                  IC3BUF = 0x148
                    0x0148                  _IC3BUF = 0x148
                    0x014a                  IC3CON = 0x14a
                    0x014a                  _IC3CON = 0x14a
                    0x014a                  _IC3CONbits = 0x14a
                    0x014c                  IC4BUF = 0x14c
                    0x014c                  _IC4BUF = 0x14c
                    0x014e                  IC4CON = 0x14e
                    0x014e                  _IC4CON = 0x14e
                    0x014e                  _IC4CONbits = 0x14e
                    0x0150                  IC5BUF = 0x150
                    0x0150                  _IC5BUF = 0x150
                    0x0152                  IC5CON = 0x152
                    0x0152                  _IC5CON = 0x152
                    0x0152                  _IC5CONbits = 0x152
                    0x0180                  OC1RS = 0x180
                    0x0180                  _OC1RS = 0x180
                    0x0182                  OC1R = 0x182
                    0x0182                  _OC1R = 0x182
                    0x0184                  OC1CON = 0x184
                    0x0184                  _OC1CON = 0x184
                    0x0184                  _OC1CONbits = 0x184
                    0x0186                  OC2RS = 0x186
                    0x0186                  _OC2RS = 0x186
                    0x0188                  OC2R = 0x188
                    0x0188                  _OC2R = 0x188
                    0x018a                  OC2CON = 0x18a
                    0x018a                  _OC2CON = 0x18a
                    0x018a                  _OC2CONbits = 0x18a
                    0x018c                  OC3RS = 0x18c
                    0x018c                  _OC3RS = 0x18c
                    0x018e                  OC3R = 0x18e
                    0x018e                  _OC3R = 0x18e
                    0x0190                  OC3CON = 0x190
                    0x0190                  _OC3CON = 0x190
                    0x0190                  _OC3CONbits = 0x190
                    0x0192                  OC4RS = 0x192
                    0x0192                  _OC4RS = 0x192
                    0x0194                  OC4R = 0x194
                    0x0194                  _OC4R = 0x194
                    0x0196                  OC4CON = 0x196
                    0x0196                  _OC4CON = 0x196
                    0x0196                  _OC4CONbits = 0x196
                    0x0198                  OC5RS = 0x198
                    0x0198                  _OC5RS = 0x198
                    0x019a                  OC5R = 0x19a
                    0x019a                  _OC5R = 0x19a
                    0x019c                  OC5CON = 0x19c
                    0x019c                  _OC5CON = 0x19c
                    0x019c                  _OC5CONbits = 0x19c
                    0x0200                  I2C1RCV = 0x200
                    0x0200                  _I2C1RCV = 0x200
                    0x0202                  I2C1TRN = 0x202
                    0x0202                  _I2C1TRN = 0x202
                    0x0204                  I2C1BRG = 0x204
                    0x0204                  _I2C1BRG = 0x204
                    0x0206                  I2C1CON = 0x206
                    0x0206                  _I2C1CON = 0x206
                    0x0206                  _I2C1CONbits = 0x206
                    0x0208                  I2C1STAT = 0x208
                    0x0208                  _I2C1STAT = 0x208
                    0x0208                  _I2C1STATbits = 0x208
                    0x020a                  I2C1ADD = 0x20a
                    0x020a                  _I2C1ADD = 0x20a
                    0x020c                  I2C1MSK = 0x20c
                    0x020c                  _I2C1MSK = 0x20c
                    0x0210                  I2C2RCV = 0x210
                    0x0210                  _I2C2RCV = 0x210
                    0x0212                  I2C2TRN = 0x212
                    0x0212                  _I2C2TRN = 0x212
                    0x0214                  I2C2BRG = 0x214
                    0x0214                  _I2C2BRG = 0x214
                    0x0216                  I2C2CON = 0x216
                    0x0216                  _I2C2CON = 0x216
                    0x0216                  _I2C2CONbits = 0x216
                    0x0218                  I2C2STAT = 0x218
                    0x0218                  _I2C2STAT = 0x218
                    0x0218                  _I2C2STATbits = 0x218
                    0x021a                  I2C2ADD = 0x21a
                    0x021a                  _I2C2ADD = 0x21a
                    0x021c                  I2C2MSK = 0x21c
                    0x021c                  _I2C2MSK = 0x21c
                    0x0220                  U1MODE = 0x220
                    0x0220                  _U1MODE = 0x220
                    0x0220                  _U1MODEbits = 0x220
                    0x0222                  U1STA = 0x222
                    0x0222                  _U1STA = 0x222
                    0x0222                  _U1STAbits = 0x222
                    0x0224                  U1TXREG = 0x224
                    0x0224                  _U1TXREG = 0x224
                    0x0226                  U1RXREG = 0x226
                    0x0226                  _U1RXREG = 0x226
                    0x0228                  U1BRG = 0x228
                    0x0228                  _U1BRG = 0x228
                    0x0230                  U2MODE = 0x230
                    0x0230                  _U2MODE = 0x230
                    0x0230                  _U2MODEbits = 0x230
                    0x0232                  U2STA = 0x232
                    0x0232                  _U2STA = 0x232
                    0x0232                  _U2STAbits = 0x232
                    0x0234                  U2TXREG = 0x234
                    0x0234                  _U2TXREG = 0x234
                    0x0236                  U2RXREG = 0x236
                    0x0236                  _U2RXREG = 0x236
                    0x0238                  U2BRG = 0x238
                    0x0238                  _U2BRG = 0x238
                    0x0240                  SPI1STAT = 0x240
                    0x0240                  _SPI1STAT = 0x240
                    0x0240                  _SPI1STATbits = 0x240
                    0x0242                  SPI1CON1 = 0x242
                    0x0242                  _SPI1CON1 = 0x242
                    0x0242                  _SPI1CON1bits = 0x242
                    0x0244                  SPI1CON2 = 0x244
                    0x0244                  _SPI1CON2 = 0x244
                    0x0244                  _SPI1CON2bits = 0x244
                    0x0248                  SPI1BUF = 0x248
                    0x0248                  _SPI1BUF = 0x248
                    0x0260                  SPI2STAT = 0x260
                    0x0260                  _SPI2STAT = 0x260
                    0x0260                  _SPI2STATbits = 0x260
                    0x0262                  SPI2CON1 = 0x262
                    0x0262                  _SPI2CON1 = 0x262
                    0x0262                  _SPI2CON1bits = 0x262
                    0x0264                  SPI2CON2 = 0x264
                    0x0264                  _SPI2CON2 = 0x264
                    0x0264                  _SPI2CON2bits = 0x264
                    0x0268                  SPI2BUF = 0x268
                    0x0268                  _SPI2BUF = 0x268
                    0x02c0                  TRISA = 0x2c0
                    0x02c0                  _TRISA = 0x2c0
                    0x02c0                  _TRISAbits = 0x2c0
                    0x02c2                  PORTA = 0x2c2
                    0x02c2                  _PORTA = 0x2c2
                    0x02c2                  _PORTAbits = 0x2c2
                    0x02c4                  LATA = 0x2c4
                    0x02c4                  _LATA = 0x2c4
                    0x02c4                  _LATAbits = 0x2c4
                    0x02c6                  ODCA = 0x2c6
                    0x02c6                  _ODCA = 0x2c6
                    0x02c6                  _ODCAbits = 0x2c6
                    0x02c8                  TRISB = 0x2c8
                    0x02c8                  _TRISB = 0x2c8
                    0x02c8                  _TRISBbits = 0x2c8
                    0x02ca                  PORTB = 0x2ca
                    0x02ca                  _PORTB = 0x2ca
                    0x02ca                  _PORTBbits = 0x2ca
                    0x02cc                  LATB = 0x2cc
                    0x02cc                  _LATB = 0x2cc
                    0x02cc                  _LATBbits = 0x2cc
                    0x02ce                  ODCB = 0x2ce
                    0x02ce                  _ODCB = 0x2ce
                    0x02ce                  _ODCBbits = 0x2ce
                    0x02d0                  TRISC = 0x2d0
                    0x02d0                  _TRISC = 0x2d0
                    0x02d0                  _TRISCbits = 0x2d0
                    0x02d2                  PORTC = 0x2d2
                    0x02d2                  _PORTC = 0x2d2
                    0x02d2                  _PORTCbits = 0x2d2
                    0x02d4                  LATC = 0x2d4
                    0x02d4                  _LATC = 0x2d4
                    0x02d4                  _LATCbits = 0x2d4
                    0x02d6                  ODCC = 0x2d6
                    0x02d6                  _ODCC = 0x2d6
                    0x02d6                  _ODCCbits = 0x2d6
                    0x02fc                  PADCFG1 = 0x2fc
                    0x02fc                  _PADCFG1 = 0x2fc
                    0x02fc                  _PADCFG1bits = 0x2fc
                    0x0300                  ADC1BUF0 = 0x300
                    0x0300                  _ADC1BUF0 = 0x300
                    0x0302                  ADC1BUF1 = 0x302
                    0x0302                  _ADC1BUF1 = 0x302
                    0x0304                  ADC1BUF2 = 0x304
                    0x0304                  _ADC1BUF2 = 0x304
                    0x0306                  ADC1BUF3 = 0x306
                    0x0306                  _ADC1BUF3 = 0x306
                    0x0308                  ADC1BUF4 = 0x308
                    0x0308                  _ADC1BUF4 = 0x308
                    0x030a                  ADC1BUF5 = 0x30a
                    0x030a                  _ADC1BUF5 = 0x30a
                    0x030c                  ADC1BUF6 = 0x30c
                    0x030c                  _ADC1BUF6 = 0x30c
                    0x030e                  ADC1BUF7 = 0x30e
                    0x030e                  _ADC1BUF7 = 0x30e
                    0x0310                  ADC1BUF8 = 0x310
                    0x0310                  _ADC1BUF8 = 0x310
                    0x0312                  ADC1BUF9 = 0x312
                    0x0312                  _ADC1BUF9 = 0x312
                    0x0314                  ADC1BUFA = 0x314
                    0x0314                  _ADC1BUFA = 0x314
                    0x0316                  ADC1BUFB = 0x316
                    0x0316                  _ADC1BUFB = 0x316
                    0x0318                  ADC1BUFC = 0x318
                    0x0318                  _ADC1BUFC = 0x318
                    0x031a                  ADC1BUFD = 0x31a
                    0x031a                  _ADC1BUFD = 0x31a
                    0x031c                  ADC1BUFE = 0x31c
                    0x031c                  _ADC1BUFE = 0x31c
                    0x031e                  ADC1BUFF = 0x31e
                    0x031e                  _ADC1BUFF = 0x31e
                    0x0320                  AD1CON1 = 0x320
                    0x0320                  _AD1CON1 = 0x320
                    0x0320                  _AD1CON1bits = 0x320
                    0x0322                  AD1CON2 = 0x322
                    0x0322                  _AD1CON2 = 0x322
                    0x0322                  _AD1CON2bits = 0x322
                    0x0324                  AD1CON3 = 0x324
                    0x0324                  _AD1CON3 = 0x324
                    0x0324                  _AD1CON3bits = 0x324
                    0x0328                  AD1CHS = 0x328
                    0x0328                  _AD1CHS = 0x328
                    0x0328                  _AD1CHSbits = 0x328
                    0x032c                  AD1PCFG = 0x32c
                    0x032c                  _AD1PCFG = 0x32c
                    0x032c                  _AD1PCFGbits = 0x32c
                    0x0330                  AD1CSSL = 0x330
                    0x0330                  _AD1CSSL = 0x330
                    0x0330                  _AD1CSSLbits = 0x330
                    0x0600                  PMCON = 0x600
                    0x0600                  _PMCON = 0x600
                    0x0600                  _PMCONbits = 0x600
                    0x0602                  PMMODE = 0x602
                    0x0602                  _PMMODE = 0x602
                    0x0602                  _PMMODEbits = 0x602
                    0x0604                  PMADDR = 0x604
                    0x0604                  _PMADDR = 0x604
                    0x0604                  _PMADDRbits = 0x604
                    0x0604                  PMDOUT1 = 0x604
                    0x0604                  _PMDOUT1 = 0x604
                    0x0604                  _PMDOUT1bits = 0x604
                    0x0606                  PMDOUT2 = 0x606
                    0x0606                  _PMDOUT2 = 0x606
                    0x0608                  PMDIN1 = 0x608
                    0x0608                  _PMDIN1 = 0x608
                    0x060a                  PMDIN2 = 0x60a
                    0x060a                  _PMDIN2 = 0x60a
                    0x060c                  PMAEN = 0x60c
                    0x060c                  _PMAEN = 0x60c
                    0x060c                  _PMAENbits = 0x60c
                    0x060e                  PMSTAT = 0x60e
                    0x060e                  _PMSTAT = 0x60e
                    0x060e                  _PMSTATbits = 0x60e
                    0x0620                  ALRMVAL = 0x620
                    0x0620                  _ALRMVAL = 0x620
                    0x0622                  ALCFGRPT = 0x622
                    0x0622                  _ALCFGRPT = 0x622
                    0x0622                  _ALCFGRPTbits = 0x622
                    0x0624                  RTCVAL = 0x624
                    0x0624                  _RTCVAL = 0x624
                    0x0626                  RCFGCAL = 0x626
                    0x0626                  _RCFGCAL = 0x626
                    0x0626                  _RCFGCALbits = 0x626
                    0x0630                  CMCON = 0x630
                    0x0630                  _CMCON = 0x630
                    0x0630                  _CMCONbits = 0x630
                    0x0632                  CVRCON = 0x632
                    0x0632                  _CVRCON = 0x632
                    0x0632                  _CVRCONbits = 0x632
                    0x0640                  CRCCON = 0x640
                    0x0640                  _CRCCON = 0x640
                    0x0640                  _CRCCONbits = 0x640
                    0x0642                  CRCXOR = 0x642
                    0x0642                  _CRCXOR = 0x642
                    0x0642                  _CRCXORbits = 0x642
                    0x0644                  CRCDAT = 0x644
                    0x0644                  _CRCDAT = 0x644
                    0x0646                  CRCWDAT = 0x646
                    0x0646                  _CRCWDAT = 0x646
                    0x0680                  RPINR0 = 0x680
                    0x0680                  _RPINR0 = 0x680
                    0x0680                  _RPINR0bits = 0x680
                    0x0682                  RPINR1 = 0x682
                    0x0682                  _RPINR1 = 0x682
                    0x0682                  _RPINR1bits = 0x682
                    0x0686                  RPINR3 = 0x686
                    0x0686                  _RPINR3 = 0x686
                    0x0686                  _RPINR3bits = 0x686
                    0x0688                  RPINR4 = 0x688
                    0x0688                  _RPINR4 = 0x688
                    0x0688                  _RPINR4bits = 0x688
                    0x068e                  RPINR7 = 0x68e
                    0x068e                  _RPINR7 = 0x68e
                    0x068e                  _RPINR7bits = 0x68e
                    0x0690                  RPINR8 = 0x690
                    0x0690                  _RPINR8 = 0x690
                    0x0690                  _RPINR8bits = 0x690
                    0x0692                  RPINR9 = 0x692
                    0x0692                  _RPINR9 = 0x692
                    0x0692                  _RPINR9bits = 0x692
                    0x0696                  RPINR11 = 0x696
                    0x0696                  _RPINR11 = 0x696
                    0x0696                  _RPINR11bits = 0x696
                    0x06a4                  RPINR18 = 0x6a4
                    0x06a4                  _RPINR18 = 0x6a4
                    0x06a4                  _RPINR18bits = 0x6a4
                    0x06a6                  RPINR19 = 0x6a6
                    0x06a6                  _RPINR19 = 0x6a6
                    0x06a6                  _RPINR19bits = 0x6a6
                    0x06a8                  RPINR20 = 0x6a8
                    0x06a8                  _RPINR20 = 0x6a8
                    0x06a8                  _RPINR20bits = 0x6a8
                    0x06aa                  RPINR21 = 0x6aa
                    0x06aa                  _RPINR21 = 0x6aa
                    0x06aa                  _RPINR21bits = 0x6aa
                    0x06ac                  RPINR22 = 0x6ac
                    0x06ac                  _RPINR22 = 0x6ac
                    0x06ac                  _RPINR22bits = 0x6ac
                    0x06ae                  RPINR23 = 0x6ae
                    0x06ae                  _RPINR23 = 0x6ae
                    0x06ae                  _RPINR23bits = 0x6ae
                    0x06c0                  RPOR0 = 0x6c0
                    0x06c0                  _RPOR0 = 0x6c0
                    0x06c0                  _RPOR0bits = 0x6c0
                    0x06c2                  RPOR1 = 0x6c2
                    0x06c2                  _RPOR1 = 0x6c2
                    0x06c2                  _RPOR1bits = 0x6c2
                    0x06c4                  RPOR2 = 0x6c4
                    0x06c4                  _RPOR2 = 0x6c4
                    0x06c4                  _RPOR2bits = 0x6c4
                    0x06c6                  RPOR3 = 0x6c6
                    0x06c6                  _RPOR3 = 0x6c6
                    0x06c6                  _RPOR3bits = 0x6c6
                    0x06c8                  RPOR4 = 0x6c8
                    0x06c8                  _RPOR4 = 0x6c8
                    0x06c8                  _RPOR4bits = 0x6c8
                    0x06ca                  RPOR5 = 0x6ca
                    0x06ca                  _RPOR5 = 0x6ca
                    0x06ca                  _RPOR5bits = 0x6ca
                    0x06cc                  RPOR6 = 0x6cc
                    0x06cc                  _RPOR6 = 0x6cc
                    0x06cc                  _RPOR6bits = 0x6cc
                    0x06ce                  RPOR7 = 0x6ce
                    0x06ce                  _RPOR7 = 0x6ce
                    0x06ce                  _RPOR7bits = 0x6ce
                    0x06d0                  RPOR8 = 0x6d0
                    0x06d0                  _RPOR8 = 0x6d0
                    0x06d0                  _RPOR8bits = 0x6d0
                    0x06d2                  RPOR9 = 0x6d2
                    0x06d2                  _RPOR9 = 0x6d2
                    0x06d2                  _RPOR9bits = 0x6d2
                    0x06d4                  RPOR10 = 0x6d4
                    0x06d4                  _RPOR10 = 0x6d4
                    0x06d4                  _RPOR10bits = 0x6d4
                    0x06d6                  RPOR11 = 0x6d6
                    0x06d6                  _RPOR11 = 0x6d6
                    0x06d6                  _RPOR11bits = 0x6d6
                    0x06d8                  RPOR12 = 0x6d8
                    0x06d8                  _RPOR12 = 0x6d8
                    0x06d8                  _RPOR12bits = 0x6d8
                    0x0740                  RCON = 0x740
                    0x0740                  _RCON = 0x740
                    0x0740                  _RCONbits = 0x740
                    0x0742                  OSCCON = 0x742
                    0x0742                  _OSCCON = 0x742
                    0x0742                  _OSCCONbits = 0x742
                    0x0742                  OSCCONL = 0x742
                    0x0742                  _OSCCONL = 0x742
                    0x0743                  OSCCONH = 0x743
                    0x0743                  _OSCCONH = 0x743
                    0x0744                  CLKDIV = 0x744
                    0x0744                  _CLKDIV = 0x744
                    0x0744                  _CLKDIVbits = 0x744
                    0x0748                  OSCTUN = 0x748
                    0x0748                  _OSCTUN = 0x748
                    0x0748                  _OSCTUNbits = 0x748
                    0x0760                  NVMCON = 0x760
                    0x0760                  _NVMCON = 0x760
                    0x0760                  _NVMCONbits = 0x760
                    0x0766                  NVMKEY = 0x766
                    0x0766                  _NVMKEY = 0x766
                    0x0770                  PMD1 = 0x770
                    0x0770                  _PMD1 = 0x770
                    0x0770                  _PMD1bits = 0x770
                    0x0772                  PMD2 = 0x772
                    0x0772                  _PMD2 = 0x772
                    0x0772                  _PMD2bits = 0x772
                    0x0774                  PMD3 = 0x774
                    0x0774                  _PMD3 = 0x774
                    0x0774                  _PMD3bits = 0x774
                    0x0140                  IC1 = 0x140
                    0x0140                  _IC1 = 0x140
                    0x0144                  IC2 = 0x144
                    0x0144                  _IC2 = 0x144
                    0x0148                  IC3 = 0x148
                    0x0148                  _IC3 = 0x148
                    0x014c                  IC4 = 0x14c
                    0x014c                  _IC4 = 0x14c
                    0x0150                  IC5 = 0x150
                    0x0150                  _IC5 = 0x150
                    0x0180                  OC1 = 0x180
                    0x0180                  _OC1 = 0x180
                    0x0186                  OC2 = 0x186
                    0x0186                  _OC2 = 0x186
                    0x018c                  OC3 = 0x18c
                    0x018c                  _OC3 = 0x18c
                    0x0192                  OC4 = 0x192
                    0x0192                  _OC4 = 0x192
                    0x0198                  OC5 = 0x198
                    0x0198                  _OC5 = 0x198
                    0x0240                  SPI1 = 0x240
                    0x0240                  _SPI1 = 0x240
                    0x0260                  SPI2 = 0x260
                    0x0260                  _SPI2 = 0x260
                    0x0220                  UART1 = 0x220
                    0x0220                  _UART1 = 0x220
                    0x0230                  UART2 = 0x230
                    0x0230                  _UART2 = 0x230
START GROUP
LOAD c:/program files/microchip/xc16/v2.10/bin/bin/../../lib\libc99-pic30-elf.a
LOAD c:/program files/microchip/xc16/v2.10/bin/bin/../../lib\libm-elf.a
LOAD c:/program files/microchip/xc16/v2.10/bin/bin/../../lib\libc99-elf.a
END GROUP
OUTPUT(C:/Dropbox/EMIC/TARGETS/mariano.hunkeler__rfindustrial.com/TestEdit/Panel\dist\production\target.production.elf elf32-pic30)
LOAD jump_table
LOAD default_isr
LOAD data_init

__c30_signature
                  0x0005a0        0x252
 __c30_signature
                  0x0005a0          0x6 C:/Dropbox/EMIC/TARGETS/mariano.hunkeler__rfindustrial.com/TestEdit/Panel\build\default\production\timer.o
 __c30_signature
                  0x0005a6          0x6 C:/Dropbox/EMIC/TARGETS/mariano.hunkeler__rfindustrial.com/TestEdit/Panel\build\default\production\systemTimer.o
 __c30_signature
                  0x0005ac          0x6 C:/Dropbox/EMIC/TARGETS/mariano.hunkeler__rfindustrial.com/TestEdit/Panel\build\default\production\led_Led1.o
 __c30_signature
                  0x0005b2          0x6 C:/Dropbox/EMIC/TARGETS/mariano.hunkeler__rfindustrial.com/TestEdit/Panel\build\default\production\led_Led2.o
 __c30_signature
                  0x0005b8          0x6 C:/Dropbox/EMIC/TARGETS/mariano.hunkeler__rfindustrial.com/TestEdit/Panel\build\default\production\timer_api1.o
 __c30_signature
                  0x0005be          0x6 C:/Dropbox/EMIC/TARGETS/mariano.hunkeler__rfindustrial.com/TestEdit/Panel\build\default\production\streamIn.o
 __c30_signature
                  0x0005c4          0x6 C:/Dropbox/EMIC/TARGETS/mariano.hunkeler__rfindustrial.com/TestEdit/Panel\build\default\production\pmp.o
 __c30_signature
                  0x0005ca          0x6 C:/Dropbox/EMIC/TARGETS/mariano.hunkeler__rfindustrial.com/TestEdit/Panel\build\default\production\SSD1322_OLED.o
 __c30_signature
                  0x0005d0          0x6 C:/Dropbox/EMIC/TARGETS/mariano.hunkeler__rfindustrial.com/TestEdit/Panel\build\default\production\Graphics_OLED.o
 __c30_signature
                  0x0005d6          0x6 C:/Dropbox/EMIC/TARGETS/mariano.hunkeler__rfindustrial.com/TestEdit/Panel\build\default\production\Edit_Edit1.o
 __c30_signature
                  0x0005dc          0x6 C:/Dropbox/EMIC/TARGETS/mariano.hunkeler__rfindustrial.com/TestEdit/Panel\build\default\production\Keyboard_Pad.o
 __c30_signature
                  0x0005e2          0x6 C:/Dropbox/EMIC/TARGETS/mariano.hunkeler__rfindustrial.com/TestEdit/Panel\build\default\production\Keyboard_Nav.o
 __c30_signature
                  0x0005e8          0x6 C:/Dropbox/EMIC/TARGETS/mariano.hunkeler__rfindustrial.com/TestEdit/Panel\build\default\production\stream.o
 __c30_signature
                  0x0005ee          0x6 C:/Dropbox/EMIC/TARGETS/mariano.hunkeler__rfindustrial.com/TestEdit/Panel\build\default\production\I2C2.o
 __c30_signature
                  0x0005f4          0x6 C:/Dropbox/EMIC/TARGETS/mariano.hunkeler__rfindustrial.com/TestEdit/Panel\build\default\production\I2C2_driver.o
 __c30_signature
                  0x0005fa          0x6 C:/Dropbox/EMIC/TARGETS/mariano.hunkeler__rfindustrial.com/TestEdit/Panel\build\default\production\EMICBus.o
 __c30_signature
                  0x000600          0x6 C:/Dropbox/EMIC/TARGETS/mariano.hunkeler__rfindustrial.com/TestEdit/Panel\build\default\production\main.o
 __c30_signature
                  0x000606          0x6 C:/Dropbox/EMIC/TARGETS/mariano.hunkeler__rfindustrial.com/TestEdit/Panel\build\default\production\userFncFile.o
 __c30_signature
                  0x00060c          0x6 c:/program files/microchip/xc16/v2.10/bin/bin/../../lib\libc99-pic30-elf.a(crt0_standard.o)
 __c30_signature
                  0x000612          0x6 c:/program files/microchip/xc16/v2.10/bin/bin/../../lib\libc99-pic30-elf.a(data_init_standard.o)
 __c30_signature
                  0x000618          0x6 c:/program files/microchip/xc16/v2.10/bin/bin/../../lib\libc99-pic30-elf.a(delay32.Meo)
 __c30_signature
                  0x00061e          0x6 c:/program files/microchip/xc16/v2.10/bin/bin/../../lib\libc99-pic30-elf.a(feqltle.XX_o)
 __c30_signature
                  0x000624          0x6 c:/program files/microchip/xc16/v2.10/bin/bin/../../lib\libc99-pic30-elf.a(fixunssfdi.XX_o)
 __c30_signature
                  0x00062a          0x6 c:/program files/microchip/xc16/v2.10/bin/bin/../../lib\libc99-pic30-elf.a(fixunssfsi.XX_o)
 __c30_signature
                  0x000630          0x6 c:/program files/microchip/xc16/v2.10/bin/bin/../../lib\libc99-pic30-elf.a(floatundisf.XX_o)
 __c30_signature
                  0x000636          0x6 c:/program files/microchip/xc16/v2.10/bin/bin/../../lib\libc99-pic30-elf.a(floatunsisf.XX_o)
 __c30_signature
                  0x00063c          0x6 c:/program files/microchip/xc16/v2.10/bin/bin/../../lib\libc99-pic30-elf.a(fpack.XX_o)
 __c30_signature